{
  "x" : 0.0,
  "y" : 0.0,
  "x_size" : 15.0,
  "y_size" : 80.0,
  "children" : [ {
    "x" : -162.5,
    "y" : 80.0,
    "x_size" : 15.0,
    "y_size" : 150.0,
    "children" : [ {
      "x" : -162.5,
      "y" : 230.0,
      "x_size" : 15.0,
      "y_size" : 150.0,
      "children" : [ {
        "x" : -170.0,
        "y" : 380.0,
        "x_size" : 200.0,
        "y_size" : 80.0,
        "children" : [ ],
        "name" : "leaf"
      }, {
        "x" : -62.5,
        "y" : 380.0,
        "x_size" : 15.0,
        "y_size" : 80.0,
        "children" : [ {
          "x" : -62.5,
          "y" : 460.0,
          "x_size" : 15.0,
          "y_size" : 80.0,
          "children" : [ ],
          "name" : "leaf"
        } ],
        "name" : "short"
      } ],
      "name" : "long"
    } ],
    "name" : "long"
  }, {
    "x" : -10.0,
    "y" : 80.0,
    "x_size" : 15.0,
    "y_size" : 80.0,
    "children" : [ {
      "x" : -10.0,
      "y" : 160.0,
      "x_size" : 15.0,
      "y_size" : 80.0,
      "children" : [ {
        "x" : -32.5,
        "y" : 240.0,
        "x_size" : 15.0,
        "y_size" : 80.0,
        "children" : [ {
          "x" : -32.5,
          "y" : 320.0,
          "x_size" : 15.0,
          "y_size" : 300.0,
          "children" : [ {
            "x" : -55.0,
            "y" : 620.0,
            "x_size" : 15.0,
            "y_size" : 80.0,
            "children" : [ ],
            "name" : "leaf"
          }, {
            "x" : -40.0,
            "y" : 620.0,
            "x_size" : 15.0,
            "y_size" : 80.0,
            "children" : [ ],
            "name" : "leaf"
          }, {
            "x" : -25.0,
            "y" : 620.0,
            "x_size" : 15.0,
            "y_size" : 80.0,
            "children" : [ ],
            "name" : "leaf"
          }, {
            "x" : -10.0,
            "y" : 620.0,
            "x_size" : 15.0,
            "y_size" : 80.0,
            "children" : [ ],
            "name" : "leaf"
          } ],
          "name" : "long"
        } ],
        "name" : "short"
      }, {
        "x" : -17.5,
        "y" : 240.0,
        "x_size" : 15.0,
        "y_size" : 80.0,
        "children" : [ ],
        "name" : "leaf"
      }, {
        "x" : -2.5,
        "y" : 240.0,
        "x_size" : 15.0,
        "y_size" : 80.0,
        "children" : [ ],
        "name" : "leaf"
      }, {
        "x" : 12.5,
        "y" : 240.0,
        "x_size" : 15.0,
        "y_size" : 80.0,
        "children" : [ ],
        "name" : "leaf"
      } ],
      "name" : "short"
    } ],
    "name" : "short"
  }, {
    "x" : 162.5,
    "y" : 80.0,
    "x_size" : 15.0,
    "y_size" : 150.0,
    "children" : [ {
      "x" : 162.5,
      "y" : 230.0,
      "x_size" : 15.0,
      "y_size" : 150.0,
      "children" : [ {
        "x" : -2.5,
        "y" : 380.0,
        "x_size" : 15.0,
        "y_size" : 80.0,
        "children" : [ ],
        "name" : "leaf"
      }, {
        "x" : 155.0,
        "y" : 380.0,
        "x_size" : 300.0,
        "y_size" : 80.0,
        "children" : [ ],
        "name" : "leaf"
      }, {
        "x" : 312.5,
        "y" : 380.0,
        "x_size" : 15.0,
        "y_size" : 80.0,
        "children" : [ ],
        "name" : "leaf"
      }, {
        "x" : 327.5,
        "y" : 380.0,
        "x_size" : 15.0,
        "y_size" : 80.0,
        "children" : [ ],
        "name" : "leaf"
      } ],
      "name" : "long"
    } ],
    "name" : "long"
  } ],
  "name" : "root"
}
