{
  "x" : 0.0,
  "y" : 0.0,
  "children" : [ 
    {
      "x" : -10.0,
      "y" : 10.0
    },
    {
      "x" : 0.0,
      "y" : 10.0,
      "children": [
        {
          "x" : -25.0,
          "y" : 20.0
        },
        {
          "x" : -5.0,
          "y" : 20.0
        },
        {
          "x" : 10.0,
          "y" : 20.0
        },
        {
          "x" : 20.0,
          "y" : 20.0
        },
        {
          "x" : 30.0,
          "y" : 20.0
        }
      ]
    },
    {
      "x" : 10.0,
      "y" : 10.0
    }
  ]
}
