{
  "x" : 0.0,
  "y" : 0.0,
  "x_size" : 30.0,
  "y_size" : 100.0,
  "children" : [ {
    "x" : -45.0,
    "y" : 100.0,
    "x_size" : 30.0,
    "y_size" : 100.0,
    "children" : [ ]
  }, {
    "x" : -15.0,
    "y" : 100.0,
    "x_size" : 30.0,
    "y_size" : 30.0,
    "children" : [ {
      "x" : -15.0,
      "y" : 130.0,
      "x_size" : 30.0,
      "y_size" : 100.0,
      "children" : [ ]
    } ]
  }, {
    "x" : 15.0,
    "y" : 100.0,
    "x_size" : 30.0,
    "y_size" : 100.0,
    "children" : [ ]
  }, {
    "x" : 45.0,
    "y" : 100.0,
    "x_size" : 30.0,
    "y_size" : 30.0,
    "children" : [ {
      "x" : 45.0,
      "y" : 130.0,
      "x_size" : 30.0,
      "y_size" : 100.0,
      "children" : [ ]
    } ]
  } ]
}