{
  "x": 0,
  "y": 0,
  "children": [
    {
      "x": -762.5,
      "y": 50,
      "children": [
        {
          "x": -837.5,
          "y": 100,
          "children": [
            {
              "x": -862.5,
              "y": 150,
              "children": [
                {
                  "x": -887.5,
                  "y": 200,
                  "children": [
                    {
                      "x": -887.5,
                      "y": 250
                    }
                  ]
                },
                {
                  "x": -837.5,
                  "y": 200
                }
              ]
            },
            {
              "x": -812.5,
              "y": 150
            }
          ]
        },
        {
          "x": -687.5,
          "y": 100,
          "children": [
            {
              "x": -712.5,
              "y": 150,
              "children": [
                {
                  "x": -712.5,
                  "y": 200
                }
              ]
            },
            {
              "x": -662.5,
              "y": 150
            }
          ]
        }
      ]
    },
    {
      "x": -437.5,
      "y": 50,
      "children": [
        {
          "x": -512.5,
          "y": 100,
          "children": [
            {
              "x": -562.5,
              "y": 150,
              "children": [
                {
                  "x": -562.5,
                  "y": 200,
                  "children": [
                    {
                      "x": -562.5,
                      "y": 250
                    }
                  ]
                }
              ]
            },
            {
              "x": -512.5,
              "y": 150
            },
            {
              "x": -462.5,
              "y": 150
            }
          ]
        },
        {
          "x": -462.5,
          "y": 100
        },
        {
          "x": -412.5,
          "y": 100
        },
        {
          "x": -362.5,
          "y": 100
        }
      ]
    },
    {
      "x": -175,
      "y": 50,
      "children": [
        {
          "x": -262.5,
          "y": 100,
          "children": [
            {
              "x": -287.5,
              "y": 150
            },
            {
              "x": -237.5,
              "y": 150
            }
          ]
        },
        {
          "x": -137.5,
          "y": 100,
          "children": [
            {
              "x": -137.5,
              "y": 150
            }
          ]
        },
        {
          "x": -87.5,
          "y": 100
        }
      ]
    },
    {
      "x": 12.5,
      "y": 50,
      "children": [
        {
          "x": 12.5,
          "y": 100
        }
      ]
    },
    {
      "x": 137.5,
      "y": 50,
      "children": [
        {
          "x": 112.5,
          "y": 100
        },
        {
          "x": 162.5,
          "y": 100,
          "children": [
            {
              "x": 162.5,
              "y": 150
            }
          ]
        }
      ]
    },
    {
      "x": 262.5,
      "y": 50,
      "children": [
        {
          "x": 262.5,
          "y": 100
        }
      ]
    },
    {
      "x": 362.5,
      "y": 50,
      "children": [
        {
          "x": 362.5,
          "y": 100,
          "children": [
            {
              "x": 362.5,
              "y": 150,
              "children": [
                {
                  "x": 362.5,
                  "y": 200
                }
              ]
            }
          ]
        }
      ]
    },
    {
      "x": 487.5,
      "y": 50,
      "children": [
        {
          "x": 462.5,
          "y": 100
        },
        {
          "x": 512.5,
          "y": 100
        }
      ]
    },
    {
      "x": 637.5,
      "y": 50,
      "children": [
        {
          "x": 612.5,
          "y": 100
        },
        {
          "x": 662.5,
          "y": 100,
          "children": [
            {
              "x": 662.5,
              "y": 150
            }
          ]
        }
      ]
    },
    {
      "x": 762.5,
      "y": 50,
      "children": [
        {
          "x": 762.5,
          "y": 100
        }
      ]
    }
  ]
}
