{
  "x" : 0.5367647058823529,
  "y" : 0.0,
  "x_size" : 0.029411764705882353,
  "y_size" : 0.2,
  "children" : [ {
    "x" : 0.08823529411764705,
    "y" : 0.2,
    "x_size" : 0.029411764705882353,
    "y_size" : 0.2,
    "children" : [ {
      "x" : 0.044117647058823525,
      "y" : 0.4,
      "x_size" : 0.029411764705882353,
      "y_size" : 0.2,
      "children" : [ {
        "x" : 0.029411764705882353,
        "y" : 0.6000000000000001,
        "x_size" : 0.029411764705882353,
        "y_size" : 0.2,
        "children" : [ {
          "x" : 0.014705882352941176,
          "y" : 0.8,
          "x_size" : 0.029411764705882353,
          "y_size" : 0.2,
          "children" : [ {
            "x" : 0.014705882352941176,
            "y" : 1.0,
            "x_size" : 0.029411764705882353,
            "y_size" : 0.2,
            "children" : [ ]
          } ]
        }, {
          "x" : 0.044117647058823525,
          "y" : 0.8,
          "x_size" : 0.029411764705882353,
          "y_size" : 0.2,
          "children" : [ ]
        } ]
      }, {
        "x" : 0.058823529411764705,
        "y" : 0.6000000000000001,
        "x_size" : 0.029411764705882353,
        "y_size" : 0.2,
        "children" : [ ]
      } ]
    }, {
      "x" : 0.1323529411764706,
      "y" : 0.4,
      "x_size" : 0.029411764705882353,
      "y_size" : 0.2,
      "children" : [ {
        "x" : 0.11764705882352941,
        "y" : 0.6000000000000001,
        "x_size" : 0.029411764705882353,
        "y_size" : 0.2,
        "children" : [ {
          "x" : 0.11764705882352941,
          "y" : 0.8,
          "x_size" : 0.029411764705882353,
          "y_size" : 0.2,
          "children" : [ ]
        } ]
      }, {
        "x" : 0.14705882352941177,
        "y" : 0.6000000000000001,
        "x_size" : 0.029411764705882353,
        "y_size" : 0.2,
        "children" : [ ]
      } ]
    } ]
  }, {
    "x" : 0.27941176470588236,
    "y" : 0.2,
    "x_size" : 0.029411764705882353,
    "y_size" : 0.2,
    "children" : [ {
      "x" : 0.23529411764705882,
      "y" : 0.4,
      "x_size" : 0.029411764705882353,
      "y_size" : 0.2,
      "children" : [ {
        "x" : 0.20588235294117646,
        "y" : 0.6000000000000001,
        "x_size" : 0.029411764705882353,
        "y_size" : 0.2,
        "children" : [ {
          "x" : 0.20588235294117646,
          "y" : 0.8,
          "x_size" : 0.029411764705882353,
          "y_size" : 0.2,
          "children" : [ {
            "x" : 0.20588235294117646,
            "y" : 1.0,
            "x_size" : 0.029411764705882353,
            "y_size" : 0.2,
            "children" : [ ]
          } ]
        } ]
      }, {
        "x" : 0.23529411764705882,
        "y" : 0.6000000000000001,
        "x_size" : 0.029411764705882353,
        "y_size" : 0.2,
        "children" : [ ]
      }, {
        "x" : 0.2647058823529412,
        "y" : 0.6000000000000001,
        "x_size" : 0.029411764705882353,
        "y_size" : 0.2,
        "children" : [ ]
      } ]
    }, {
      "x" : 0.2647058823529412,
      "y" : 0.4,
      "x_size" : 0.029411764705882353,
      "y_size" : 0.2,
      "children" : [ ]
    }, {
      "x" : 0.29411764705882354,
      "y" : 0.4,
      "x_size" : 0.029411764705882353,
      "y_size" : 0.2,
      "children" : [ ]
    }, {
      "x" : 0.3235294117647059,
      "y" : 0.4,
      "x_size" : 0.029411764705882353,
      "y_size" : 0.2,
      "children" : [ ]
    } ]
  }, {
    "x" : 0.4338235294117647,
    "y" : 0.2,
    "x_size" : 0.029411764705882353,
    "y_size" : 0.2,
    "children" : [ {
      "x" : 0.38235294117647056,
      "y" : 0.4,
      "x_size" : 0.029411764705882353,
      "y_size" : 0.2,
      "children" : [ {
        "x" : 0.3676470588235294,
        "y" : 0.6000000000000001,
        "x_size" : 0.029411764705882353,
        "y_size" : 0.2,
        "children" : [ ]
      }, {
        "x" : 0.39705882352941174,
        "y" : 0.6000000000000001,
        "x_size" : 0.029411764705882353,
        "y_size" : 0.2,
        "children" : [ ]
      } ]
    }, {
      "x" : 0.45588235294117646,
      "y" : 0.4,
      "x_size" : 0.029411764705882353,
      "y_size" : 0.2,
      "children" : [ {
        "x" : 0.45588235294117646,
        "y" : 0.6000000000000001,
        "x_size" : 0.029411764705882353,
        "y_size" : 0.2,
        "children" : [ ]
      } ]
    }, {
      "x" : 0.4852941176470588,
      "y" : 0.4,
      "x_size" : 0.029411764705882353,
      "y_size" : 0.2,
      "children" : [ ]
    } ]
  }, {
    "x" : 0.5441176470588235,
    "y" : 0.2,
    "x_size" : 0.029411764705882353,
    "y_size" : 0.2,
    "children" : [ {
      "x" : 0.5441176470588235,
      "y" : 0.4,
      "x_size" : 0.029411764705882353,
      "y_size" : 0.2,
      "children" : [ ]
    } ]
  }, {
    "x" : 0.6176470588235294,
    "y" : 0.2,
    "x_size" : 0.029411764705882353,
    "y_size" : 0.2,
    "children" : [ {
      "x" : 0.6029411764705882,
      "y" : 0.4,
      "x_size" : 0.029411764705882353,
      "y_size" : 0.2,
      "children" : [ ]
    }, {
      "x" : 0.6323529411764706,
      "y" : 0.4,
      "x_size" : 0.029411764705882353,
      "y_size" : 0.2,
      "children" : [ {
        "x" : 0.6323529411764706,
        "y" : 0.6000000000000001,
        "x_size" : 0.029411764705882353,
        "y_size" : 0.2,
        "children" : [ ]
      } ]
    } ]
  }, {
    "x" : 0.6911764705882353,
    "y" : 0.2,
    "x_size" : 0.029411764705882353,
    "y_size" : 0.2,
    "children" : [ {
      "x" : 0.6911764705882353,
      "y" : 0.4,
      "x_size" : 0.029411764705882353,
      "y_size" : 0.2,
      "children" : [ ]
    } ]
  }, {
    "x" : 0.75,
    "y" : 0.2,
    "x_size" : 0.029411764705882353,
    "y_size" : 0.2,
    "children" : [ {
      "x" : 0.75,
      "y" : 0.4,
      "x_size" : 0.029411764705882353,
      "y_size" : 0.2,
      "children" : [ {
        "x" : 0.75,
        "y" : 0.6000000000000001,
        "x_size" : 0.029411764705882353,
        "y_size" : 0.2,
        "children" : [ {
          "x" : 0.75,
          "y" : 0.8,
          "x_size" : 0.029411764705882353,
          "y_size" : 0.2,
          "children" : [ ]
        } ]
      } ]
    } ]
  }, {
    "x" : 0.8235294117647058,
    "y" : 0.2,
    "x_size" : 0.029411764705882353,
    "y_size" : 0.2,
    "children" : [ {
      "x" : 0.8088235294117647,
      "y" : 0.4,
      "x_size" : 0.029411764705882353,
      "y_size" : 0.2,
      "children" : [ ]
    }, {
      "x" : 0.8382352941176471,
      "y" : 0.4,
      "x_size" : 0.029411764705882353,
      "y_size" : 0.2,
      "children" : [ ]
    } ]
  }, {
    "x" : 0.9117647058823529,
    "y" : 0.2,
    "x_size" : 0.029411764705882353,
    "y_size" : 0.2,
    "children" : [ {
      "x" : 0.8970588235294118,
      "y" : 0.4,
      "x_size" : 0.029411764705882353,
      "y_size" : 0.2,
      "children" : [ ]
    }, {
      "x" : 0.9264705882352942,
      "y" : 0.4,
      "x_size" : 0.029411764705882353,
      "y_size" : 0.2,
      "children" : [ {
        "x" : 0.9264705882352942,
        "y" : 0.6000000000000001,
        "x_size" : 0.029411764705882353,
        "y_size" : 0.2,
        "children" : [ ]
      } ]
    } ]
  }, {
    "x" : 0.9852941176470588,
    "y" : 0.2,
    "x_size" : 0.029411764705882353,
    "y_size" : 0.2,
    "children" : [ {
      "x" : 0.9852941176470588,
      "y" : 0.4,
      "x_size" : 0.029411764705882353,
      "y_size" : 0.2,
      "children" : [ ]
    } ]
  } ]
}
