{
  "x" : 0.5434782608695652,
  "y" : 0.0,
  "x_size" : 0.043478260869565216,
  "y_size" : 0.2,
  "children" : [ {
    "x" : 0.10869565217391304,
    "y" : 0.2,
    "x_size" : 0.043478260869565216,
    "y_size" : 0.2,
    "children" : [ {
      "x" : 0.06521739130434782,
      "y" : 0.4,
      "x_size" : 0.043478260869565216,
      "y_size" : 0.2,
      "children" : [ {
        "x" : 0.043478260869565216,
        "y" : 0.6000000000000001,
        "x_size" : 0.043478260869565216,
        "y_size" : 0.2,
        "children" : [ {
          "x" : 0.021739130434782608,
          "y" : 0.8,
          "x_size" : 0.043478260869565216,
          "y_size" : 0.2,
          "children" : [ {
            "x" : 0.021739130434782608,
            "y" : 1.0,
            "x_size" : 0.043478260869565216,
            "y_size" : 0.2,
            "children" : [ ]
          } ]
        }, {
          "x" : 0.06521739130434782,
          "y" : 0.8,
          "x_size" : 0.043478260869565216,
          "y_size" : 0.2,
          "children" : [ ]
        } ]
      }, {
        "x" : 0.08695652173913043,
        "y" : 0.6000000000000001,
        "x_size" : 0.043478260869565216,
        "y_size" : 0.2,
        "children" : [ ]
      } ]
    }, {
      "x" : 0.15217391304347827,
      "y" : 0.4,
      "x_size" : 0.043478260869565216,
      "y_size" : 0.2,
      "children" : [ {
        "x" : 0.13043478260869565,
        "y" : 0.6000000000000001,
        "x_size" : 0.043478260869565216,
        "y_size" : 0.2,
        "children" : [ {
          "x" : 0.13043478260869565,
          "y" : 0.8,
          "x_size" : 0.043478260869565216,
          "y_size" : 0.2,
          "children" : [ ]
        } ]
      }, {
        "x" : 0.17391304347826086,
        "y" : 0.6000000000000001,
        "x_size" : 0.043478260869565216,
        "y_size" : 0.2,
        "children" : [ ]
      } ]
    } ]
  }, {
    "x" : 0.32608695652173914,
    "y" : 0.2,
    "x_size" : 0.043478260869565216,
    "y_size" : 0.2,
    "children" : [ {
      "x" : 0.2608695652173913,
      "y" : 0.4,
      "x_size" : 0.043478260869565216,
      "y_size" : 0.2,
      "children" : [ {
        "x" : 0.21739130434782608,
        "y" : 0.6000000000000001,
        "x_size" : 0.043478260869565216,
        "y_size" : 0.2,
        "children" : [ {
          "x" : 0.21739130434782608,
          "y" : 0.8,
          "x_size" : 0.043478260869565216,
          "y_size" : 0.2,
          "children" : [ {
            "x" : 0.21739130434782608,
            "y" : 1.0,
            "x_size" : 0.043478260869565216,
            "y_size" : 0.2,
            "children" : [ ]
          } ]
        } ]
      }, {
        "x" : 0.2608695652173913,
        "y" : 0.6000000000000001,
        "x_size" : 0.043478260869565216,
        "y_size" : 0.2,
        "children" : [ ]
      }, {
        "x" : 0.30434782608695654,
        "y" : 0.6000000000000001,
        "x_size" : 0.043478260869565216,
        "y_size" : 0.2,
        "children" : [ ]
      } ]
    }, {
      "x" : 0.30434782608695654,
      "y" : 0.4,
      "x_size" : 0.043478260869565216,
      "y_size" : 0.2,
      "children" : [ ]
    }, {
      "x" : 0.34782608695652173,
      "y" : 0.4,
      "x_size" : 0.043478260869565216,
      "y_size" : 0.2,
      "children" : [ ]
    }, {
      "x" : 0.3913043478260869,
      "y" : 0.4,
      "x_size" : 0.043478260869565216,
      "y_size" : 0.2,
      "children" : [ ]
    } ]
  }, {
    "x" : 0.4891304347826087,
    "y" : 0.2,
    "x_size" : 0.043478260869565216,
    "y_size" : 0.2,
    "children" : [ {
      "x" : 0.43478260869565216,
      "y" : 0.4,
      "x_size" : 0.043478260869565216,
      "y_size" : 0.2,
      "children" : [ {
        "x" : 0.41304347826086957,
        "y" : 0.6000000000000001,
        "x_size" : 0.043478260869565216,
        "y_size" : 0.2,
        "children" : [ ]
      }, {
        "x" : 0.45652173913043476,
        "y" : 0.6000000000000001,
        "x_size" : 0.043478260869565216,
        "y_size" : 0.2,
        "children" : [ ]
      } ]
    }, {
      "x" : 0.5,
      "y" : 0.4,
      "x_size" : 0.043478260869565216,
      "y_size" : 0.2,
      "children" : [ {
        "x" : 0.5,
        "y" : 0.6000000000000001,
        "x_size" : 0.043478260869565216,
        "y_size" : 0.2,
        "children" : [ ]
      } ]
    }, {
      "x" : 0.5434782608695652,
      "y" : 0.4,
      "x_size" : 0.043478260869565216,
      "y_size" : 0.2,
      "children" : [ ]
    } ]
  }, {
    "x" : 0.5869565217391304,
    "y" : 0.2,
    "x_size" : 0.043478260869565216,
    "y_size" : 0.2,
    "children" : [ {
      "x" : 0.5869565217391304,
      "y" : 0.4,
      "x_size" : 0.043478260869565216,
      "y_size" : 0.2,
      "children" : [ ]
    } ]
  }, {
    "x" : 0.6521739130434783,
    "y" : 0.2,
    "x_size" : 0.043478260869565216,
    "y_size" : 0.2,
    "children" : [ {
      "x" : 0.6304347826086957,
      "y" : 0.4,
      "x_size" : 0.043478260869565216,
      "y_size" : 0.2,
      "children" : [ ]
    }, {
      "x" : 0.6739130434782609,
      "y" : 0.4,
      "x_size" : 0.043478260869565216,
      "y_size" : 0.2,
      "children" : [ {
        "x" : 0.6739130434782609,
        "y" : 0.6000000000000001,
        "x_size" : 0.043478260869565216,
        "y_size" : 0.2,
        "children" : [ ]
      } ]
    } ]
  }, {
    "x" : 0.717391304347826,
    "y" : 0.2,
    "x_size" : 0.043478260869565216,
    "y_size" : 0.2,
    "children" : [ {
      "x" : 0.717391304347826,
      "y" : 0.4,
      "x_size" : 0.043478260869565216,
      "y_size" : 0.2,
      "children" : [ ]
    } ]
  }, {
    "x" : 0.7608695652173912,
    "y" : 0.2,
    "x_size" : 0.043478260869565216,
    "y_size" : 0.2,
    "children" : [ {
      "x" : 0.7608695652173912,
      "y" : 0.4,
      "x_size" : 0.043478260869565216,
      "y_size" : 0.2,
      "children" : [ {
        "x" : 0.7608695652173912,
        "y" : 0.6000000000000001,
        "x_size" : 0.043478260869565216,
        "y_size" : 0.2,
        "children" : [ {
          "x" : 0.7608695652173912,
          "y" : 0.8,
          "x_size" : 0.043478260869565216,
          "y_size" : 0.2,
          "children" : [ ]
        } ]
      } ]
    } ]
  }, {
    "x" : 0.8260869565217391,
    "y" : 0.2,
    "x_size" : 0.043478260869565216,
    "y_size" : 0.2,
    "children" : [ {
      "x" : 0.8043478260869565,
      "y" : 0.4,
      "x_size" : 0.043478260869565216,
      "y_size" : 0.2,
      "children" : [ ]
    }, {
      "x" : 0.8478260869565217,
      "y" : 0.4,
      "x_size" : 0.043478260869565216,
      "y_size" : 0.2,
      "children" : [ ]
    } ]
  }, {
    "x" : 0.9130434782608695,
    "y" : 0.2,
    "x_size" : 0.043478260869565216,
    "y_size" : 0.2,
    "children" : [ {
      "x" : 0.8913043478260869,
      "y" : 0.4,
      "x_size" : 0.043478260869565216,
      "y_size" : 0.2,
      "children" : [ ]
    }, {
      "x" : 0.9347826086956521,
      "y" : 0.4,
      "x_size" : 0.043478260869565216,
      "y_size" : 0.2,
      "children" : [ {
        "x" : 0.9347826086956521,
        "y" : 0.6000000000000001,
        "x_size" : 0.043478260869565216,
        "y_size" : 0.2,
        "children" : [ ]
      } ]
    } ]
  }, {
    "x" : 0.9782608695652174,
    "y" : 0.2,
    "x_size" : 0.043478260869565216,
    "y_size" : 0.2,
    "children" : [ {
      "x" : 0.9782608695652174,
      "y" : 0.4,
      "x_size" : 0.043478260869565216,
      "y_size" : 0.2,
      "children" : [ ]
    } ]
  } ]
}
