{
  "x" : 108.69565217391303,
  "y" : 0.0,
  "x_size" : 8.695652173913043,
  "y_size" : 20.0,
  "children" : [ {
    "x" : 21.73913043478261,
    "y" : 20.0,
    "x_size" : 8.695652173913043,
    "y_size" : 20.0,
    "children" : [ {
      "x" : 13.043478260869565,
      "y" : 40.0,
      "x_size" : 8.695652173913043,
      "y_size" : 20.0,
      "children" : [ {
        "x" : 8.695652173913043,
        "y" : 60.0,
        "x_size" : 8.695652173913043,
        "y_size" : 20.0,
        "children" : [ {
          "x" : 4.3478260869565215,
          "y" : 80.0,
          "x_size" : 8.695652173913043,
          "y_size" : 20.0,
          "children" : [ {
            "x" : 4.3478260869565215,
            "y" : 100.0,
            "x_size" : 8.695652173913043,
            "y_size" : 20.0,
            "children" : [ ]
          } ]
        }, {
          "x" : 13.043478260869565,
          "y" : 80.0,
          "x_size" : 8.695652173913043,
          "y_size" : 20.0,
          "children" : [ ]
        } ]
      }, {
        "x" : 17.391304347826086,
        "y" : 60.0,
        "x_size" : 8.695652173913043,
        "y_size" : 20.0,
        "children" : [ ]
      } ]
    }, {
      "x" : 30.43478260869565,
      "y" : 40.0,
      "x_size" : 8.695652173913043,
      "y_size" : 20.0,
      "children" : [ {
        "x" : 26.08695652173913,
        "y" : 60.0,
        "x_size" : 8.695652173913043,
        "y_size" : 20.0,
        "children" : [ {
          "x" : 26.08695652173913,
          "y" : 80.0,
          "x_size" : 8.695652173913043,
          "y_size" : 20.0,
          "children" : [ ]
        } ]
      }, {
        "x" : 34.78260869565217,
        "y" : 60.0,
        "x_size" : 8.695652173913043,
        "y_size" : 20.0,
        "children" : [ ]
      } ]
    } ]
  }, {
    "x" : 65.21739130434783,
    "y" : 20.0,
    "x_size" : 8.695652173913043,
    "y_size" : 20.0,
    "children" : [ {
      "x" : 52.17391304347826,
      "y" : 40.0,
      "x_size" : 8.695652173913043,
      "y_size" : 20.0,
      "children" : [ {
        "x" : 43.47826086956522,
        "y" : 60.0,
        "x_size" : 8.695652173913043,
        "y_size" : 20.0,
        "children" : [ {
          "x" : 43.47826086956522,
          "y" : 80.0,
          "x_size" : 8.695652173913043,
          "y_size" : 20.0,
          "children" : [ {
            "x" : 43.47826086956522,
            "y" : 100.0,
            "x_size" : 8.695652173913043,
            "y_size" : 20.0,
            "children" : [ ]
          } ]
        } ]
      }, {
        "x" : 52.17391304347826,
        "y" : 60.0,
        "x_size" : 8.695652173913043,
        "y_size" : 20.0,
        "children" : [ ]
      }, {
        "x" : 60.8695652173913,
        "y" : 60.0,
        "x_size" : 8.695652173913043,
        "y_size" : 20.0,
        "children" : [ ]
      } ]
    }, {
      "x" : 60.8695652173913,
      "y" : 40.0,
      "x_size" : 8.695652173913043,
      "y_size" : 20.0,
      "children" : [ ]
    }, {
      "x" : 69.56521739130434,
      "y" : 40.0,
      "x_size" : 8.695652173913043,
      "y_size" : 20.0,
      "children" : [ ]
    }, {
      "x" : 78.26086956521739,
      "y" : 40.0,
      "x_size" : 8.695652173913043,
      "y_size" : 20.0,
      "children" : [ ]
    } ]
  }, {
    "x" : 97.82608695652173,
    "y" : 20.0,
    "x_size" : 8.695652173913043,
    "y_size" : 20.0,
    "children" : [ {
      "x" : 86.95652173913044,
      "y" : 40.0,
      "x_size" : 8.695652173913043,
      "y_size" : 20.0,
      "children" : [ {
        "x" : 82.6086956521739,
        "y" : 60.0,
        "x_size" : 8.695652173913043,
        "y_size" : 20.0,
        "children" : [ ]
      }, {
        "x" : 91.30434782608695,
        "y" : 60.0,
        "x_size" : 8.695652173913043,
        "y_size" : 20.0,
        "children" : [ ]
      } ]
    }, {
      "x" : 100.0,
      "y" : 40.0,
      "x_size" : 8.695652173913043,
      "y_size" : 20.0,
      "children" : [ {
        "x" : 100.0,
        "y" : 60.0,
        "x_size" : 8.695652173913043,
        "y_size" : 20.0,
        "children" : [ ]
      } ]
    }, {
      "x" : 108.69565217391303,
      "y" : 40.0,
      "x_size" : 8.695652173913043,
      "y_size" : 20.0,
      "children" : [ ]
    } ]
  }, {
    "x" : 117.39130434782608,
    "y" : 20.0,
    "x_size" : 8.695652173913043,
    "y_size" : 20.0,
    "children" : [ {
      "x" : 117.39130434782608,
      "y" : 40.0,
      "x_size" : 8.695652173913043,
      "y_size" : 20.0,
      "children" : [ ]
    } ]
  }, {
    "x" : 130.43478260869566,
    "y" : 20.0,
    "x_size" : 8.695652173913043,
    "y_size" : 20.0,
    "children" : [ {
      "x" : 126.08695652173913,
      "y" : 40.0,
      "x_size" : 8.695652173913043,
      "y_size" : 20.0,
      "children" : [ ]
    }, {
      "x" : 134.78260869565216,
      "y" : 40.0,
      "x_size" : 8.695652173913043,
      "y_size" : 20.0,
      "children" : [ {
        "x" : 134.78260869565216,
        "y" : 60.0,
        "x_size" : 8.695652173913043,
        "y_size" : 20.0,
        "children" : [ ]
      } ]
    } ]
  }, {
    "x" : 143.47826086956522,
    "y" : 20.0,
    "x_size" : 8.695652173913043,
    "y_size" : 20.0,
    "children" : [ {
      "x" : 143.47826086956522,
      "y" : 40.0,
      "x_size" : 8.695652173913043,
      "y_size" : 20.0,
      "children" : [ ]
    } ]
  }, {
    "x" : 152.17391304347825,
    "y" : 20.0,
    "x_size" : 8.695652173913043,
    "y_size" : 20.0,
    "children" : [ {
      "x" : 152.17391304347825,
      "y" : 40.0,
      "x_size" : 8.695652173913043,
      "y_size" : 20.0,
      "children" : [ {
        "x" : 152.17391304347825,
        "y" : 60.0,
        "x_size" : 8.695652173913043,
        "y_size" : 20.0,
        "children" : [ {
          "x" : 152.17391304347825,
          "y" : 80.0,
          "x_size" : 8.695652173913043,
          "y_size" : 20.0,
          "children" : [ ]
        } ]
      } ]
    } ]
  }, {
    "x" : 165.2173913043478,
    "y" : 20.0,
    "x_size" : 8.695652173913043,
    "y_size" : 20.0,
    "children" : [ {
      "x" : 160.86956521739128,
      "y" : 40.0,
      "x_size" : 8.695652173913043,
      "y_size" : 20.0,
      "children" : [ ]
    }, {
      "x" : 169.56521739130434,
      "y" : 40.0,
      "x_size" : 8.695652173913043,
      "y_size" : 20.0,
      "children" : [ ]
    } ]
  }, {
    "x" : 182.6086956521739,
    "y" : 20.0,
    "x_size" : 8.695652173913043,
    "y_size" : 20.0,
    "children" : [ {
      "x" : 178.26086956521738,
      "y" : 40.0,
      "x_size" : 8.695652173913043,
      "y_size" : 20.0,
      "children" : [ ]
    }, {
      "x" : 186.95652173913044,
      "y" : 40.0,
      "x_size" : 8.695652173913043,
      "y_size" : 20.0,
      "children" : [ {
        "x" : 186.95652173913044,
        "y" : 60.0,
        "x_size" : 8.695652173913043,
        "y_size" : 20.0,
        "children" : [ ]
      } ]
    } ]
  }, {
    "x" : 195.65217391304347,
    "y" : 20.0,
    "x_size" : 8.695652173913043,
    "y_size" : 20.0,
    "children" : [ {
      "x" : 195.65217391304347,
      "y" : 40.0,
      "x_size" : 8.695652173913043,
      "y_size" : 20.0,
      "children" : [ ]
    } ]
  } ]
}
