{
  "x" : 0.0,
  "y" : 0.0,
  "x_size" : 50.0,
  "y_size" : 50.0,
  "children" : [ {
    "x" : -25.0,
    "y" : 50.0,
    "x_size" : 50.0,
    "y_size" : 50.0,
    "children" : [ ]
  }, {
    "x" : 25.0,
    "y" : 50.0,
    "x_size" : 50.0,
    "y_size" : 50.0,
    "children" : [ ]
  } ]
}
