{
  "x" : 0.0,
  "y" : 0.0,
  "x_size" : 7.5,
  "y_size" : 9.0,
  "children" : [ {
    "x" : -262.9375,
    "y" : 9.0,
    "x_size" : 3.5,
    "y_size" : 8.0,
    "children" : [ {
      "x" : -283.6875,
      "y" : 17.0,
      "x_size" : 6.5,
      "y_size" : 8.0,
      "children" : [ {
        "x" : -285.1875,
        "y" : 25.0,
        "x_size" : 2.0,
        "y_size" : 8.5,
        "children" : [ {
          "x" : -285.1875,
          "y" : 33.5,
          "x_size" : 8.5,
          "y_size" : 8.0,
          "children" : [ ]
        } ]
      }, {
        "x" : -282.6875,
        "y" : 25.0,
        "x_size" : 3.0,
        "y_size" : 7.0,
        "children" : [ ]
      } ]
    }, {
      "x" : -266.6875,
      "y" : 17.0,
      "x_size" : 7.0,
      "y_size" : 10.0,
      "children" : [ {
        "x" : -272.6875,
        "y" : 27.0,
        "x_size" : 2.5,
        "y_size" : 9.0,
        "children" : [ {
          "x" : -276.6875,
          "y" : 36.0,
          "x_size" : 8.5,
          "y_size" : 7.0,
          "children" : [ ]
        }, {
          "x" : -268.4375,
          "y" : 36.0,
          "x_size" : 8.0,
          "y_size" : 7.0,
          "children" : [ {
            "x" : -268.4375,
            "y" : 43.0,
            "x_size" : 5.5,
            "y_size" : 9.5,
            "children" : [ ]
          } ]
        } ]
      }, {
        "x" : -270.6875,
        "y" : 27.0,
        "x_size" : 1.5,
        "y_size" : 5.5,
        "children" : [ ]
      }, {
        "x" : -267.9375,
        "y" : 27.0,
        "x_size" : 4.0,
        "y_size" : 7.0,
        "children" : [ ]
      }, {
        "x" : -262.6875,
        "y" : 27.0,
        "x_size" : 6.5,
        "y_size" : 2.0,
        "children" : [ ]
      } ]
    }, {
      "x" : -256.9375,
      "y" : 17.0,
      "x_size" : 10.0,
      "y_size" : 6.0,
      "children" : [ {
        "x" : -256.9375,
        "y" : 23.0,
        "x_size" : 7.0,
        "y_size" : 2.0,
        "children" : [ {
          "x" : -256.9375,
          "y" : 25.0,
          "x_size" : 5.0,
          "y_size" : 9.0,
          "children" : [ {
            "x" : -256.9375,
            "y" : 34.0,
            "x_size" : 2.5,
            "y_size" : 1.0,
            "children" : [ ]
          } ]
        } ]
      } ]
    }, {
      "x" : -251.4375,
      "y" : 17.0,
      "x_size" : 1.0,
      "y_size" : 9.0,
      "children" : [ {
        "x" : -251.4375,
        "y" : 26.0,
        "x_size" : 2.0,
        "y_size" : 6.5,
        "children" : [ {
          "x" : -252.4375,
          "y" : 32.5,
          "x_size" : 3.0,
          "y_size" : 8.5,
          "children" : [ ]
        }, {
          "x" : -249.9375,
          "y" : 32.5,
          "x_size" : 2.0,
          "y_size" : 5.0,
          "children" : [ ]
        } ]
      } ]
    }, {
      "x" : -250.1875,
      "y" : 17.0,
      "x_size" : 1.5,
      "y_size" : 8.5,
      "children" : [ ]
    }, {
      "x" : -246.6875,
      "y" : 17.0,
      "x_size" : 5.5,
      "y_size" : 4.0,
      "children" : [ ]
    }, {
      "x" : -241.4375,
      "y" : 17.0,
      "x_size" : 5.0,
      "y_size" : 9.5,
      "children" : [ ]
    } ]
  }, {
    "x" : -214.9375,
    "y" : 9.0,
    "x_size" : 4.0,
    "y_size" : 10.0,
    "children" : [ {
      "x" : -233.4375,
      "y" : 19.0,
      "x_size" : 10.0,
      "y_size" : 7.0,
      "children" : [ {
        "x" : -235.4375,
        "y" : 26.0,
        "x_size" : 7.0,
        "y_size" : 4.5,
        "children" : [ ]
      }, {
        "x" : -229.9375,
        "y" : 26.0,
        "x_size" : 4.0,
        "y_size" : 7.5,
        "children" : [ {
          "x" : -229.9375,
          "y" : 33.5,
          "x_size" : 1.5,
          "y_size" : 3.5,
          "children" : [ ]
        } ]
      } ]
    }, {
      "x" : -223.9375,
      "y" : 19.0,
      "x_size" : 8.0,
      "y_size" : 3.0,
      "children" : [ {
        "x" : -223.9375,
        "y" : 22.0,
        "x_size" : 3.5,
        "y_size" : 6.0,
        "children" : [ {
          "x" : -223.9375,
          "y" : 28.0,
          "x_size" : 8.0,
          "y_size" : 8.0,
          "children" : [ {
            "x" : -223.9375,
            "y" : 36.0,
            "x_size" : 2.0,
            "y_size" : 6.0,
            "children" : [ ]
          } ]
        } ]
      } ]
    }, {
      "x" : -215.4375,
      "y" : 19.0,
      "x_size" : 9.0,
      "y_size" : 2.0,
      "children" : [ {
        "x" : -216.1875,
        "y" : 21.0,
        "x_size" : 6.5,
        "y_size" : 2.5,
        "children" : [ ]
      }, {
        "x" : -212.1875,
        "y" : 21.0,
        "x_size" : 1.5,
        "y_size" : 2.5,
        "children" : [ ]
      } ]
    }, {
      "x" : -206.4375,
      "y" : 19.0,
      "x_size" : 9.0,
      "y_size" : 6.5,
      "children" : [ {
        "x" : -206.4375,
        "y" : 25.5,
        "x_size" : 6.5,
        "y_size" : 3.0,
        "children" : [ ]
      } ]
    }, {
      "x" : -197.9375,
      "y" : 19.0,
      "x_size" : 8.0,
      "y_size" : 5.0,
      "children" : [ ]
    }, {
      "x" : -192.6875,
      "y" : 19.0,
      "x_size" : 2.5,
      "y_size" : 7.5,
      "children" : [ ]
    } ]
  }, {
    "x" : -156.0625,
    "y" : 9.0,
    "x_size" : 8.0,
    "y_size" : 2.5,
    "children" : [ {
      "x" : -186.4375,
      "y" : 11.5,
      "x_size" : 5.5,
      "y_size" : 8.0,
      "children" : [ {
        "x" : -186.4375,
        "y" : 19.5,
        "x_size" : 5.0,
        "y_size" : 4.5,
        "children" : [ {
          "x" : -186.4375,
          "y" : 24.0,
          "x_size" : 10.0,
          "y_size" : 4.5,
          "children" : [ {
            "x" : -186.4375,
            "y" : 28.5,
            "x_size" : 2.0,
            "y_size" : 7.0,
            "children" : [ ]
          } ]
        } ]
      } ]
    }, {
      "x" : -171.8125,
      "y" : 11.5,
      "x_size" : 8.0,
      "y_size" : 4.5,
      "children" : [ {
        "x" : -174.9375,
        "y" : 16.0,
        "x_size" : 9.5,
        "y_size" : 7.0,
        "children" : [ {
          "x" : -178.6875,
          "y" : 23.0,
          "x_size" : 5.5,
          "y_size" : 3.5,
          "children" : [ ]
        }, {
          "x" : -172.1875,
          "y" : 23.0,
          "x_size" : 7.5,
          "y_size" : 7.0,
          "children" : [ ]
        } ]
      }, {
        "x" : -167.1875,
        "y" : 16.0,
        "x_size" : 3.5,
        "y_size" : 2.0,
        "children" : [ {
          "x" : -167.1875,
          "y" : 18.0,
          "x_size" : 2.5,
          "y_size" : 9.5,
          "children" : [ ]
        } ]
      }, {
        "x" : -164.6875,
        "y" : 16.0,
        "x_size" : 1.5,
        "y_size" : 9.0,
        "children" : [ ]
      } ]
    }, {
      "x" : -160.4375,
      "y" : 11.5,
      "x_size" : 5.5,
      "y_size" : 5.5,
      "children" : [ {
        "x" : -160.4375,
        "y" : 17.0,
        "x_size" : 7.0,
        "y_size" : 9.5,
        "children" : [ ]
      } ]
    }, {
      "x" : -141.9375,
      "y" : 11.5,
      "x_size" : 9.0,
      "y_size" : 8.5,
      "children" : [ {
        "x" : -152.1875,
        "y" : 20.0,
        "x_size" : 9.5,
        "y_size" : 9.5,
        "children" : [ {
          "x" : -152.1875,
          "y" : 29.5,
          "x_size" : 5.0,
          "y_size" : 6.0,
          "children" : [ ]
        } ]
      }, {
        "x" : -143.1875,
        "y" : 20.0,
        "x_size" : 8.5,
        "y_size" : 7.5,
        "children" : [ ]
      }, {
        "x" : -137.1875,
        "y" : 20.0,
        "x_size" : 3.5,
        "y_size" : 6.5,
        "children" : [ ]
      }, {
        "x" : -131.1875,
        "y" : 20.0,
        "x_size" : 8.5,
        "y_size" : 3.0,
        "children" : [ ]
      } ]
    }, {
      "x" : -133.1875,
      "y" : 11.5,
      "x_size" : 8.5,
      "y_size" : 5.5,
      "children" : [ ]
    }, {
      "x" : -125.9375,
      "y" : 11.5,
      "x_size" : 6.0,
      "y_size" : 4.5,
      "children" : [ ]
    } ]
  }, {
    "x" : -85.625,
    "y" : 9.0,
    "x_size" : 5.0,
    "y_size" : 6.5,
    "children" : [ {
      "x" : -110.3125,
      "y" : 15.5,
      "x_size" : 9.5,
      "y_size" : 1.5,
      "children" : [ {
        "x" : -122.1875,
        "y" : 17.0,
        "x_size" : 9.5,
        "y_size" : 6.0,
        "children" : [ {
          "x" : -124.9375,
          "y" : 23.0,
          "x_size" : 5.5,
          "y_size" : 9.0,
          "children" : [ ]
        }, {
          "x" : -119.4375,
          "y" : 23.0,
          "x_size" : 5.5,
          "y_size" : 6.5,
          "children" : [ ]
        } ]
      }, {
        "x" : -110.9375,
        "y" : 17.0,
        "x_size" : 8.5,
        "y_size" : 4.5,
        "children" : [ {
          "x" : -115.6875,
          "y" : 21.5,
          "x_size" : 2.0,
          "y_size" : 5.0,
          "children" : [ ]
        }, {
          "x" : -109.9375,
          "y" : 21.5,
          "x_size" : 9.5,
          "y_size" : 4.0,
          "children" : [ ]
        } ]
      }, {
        "x" : -103.4375,
        "y" : 17.0,
        "x_size" : 3.0,
        "y_size" : 6.5,
        "children" : [ {
          "x" : -103.4375,
          "y" : 23.5,
          "x_size" : 3.5,
          "y_size" : 4.5,
          "children" : [ {
            "x" : -104.6875,
            "y" : 28.0,
            "x_size" : 3.0,
            "y_size" : 7.0,
            "children" : [ ]
          }, {
            "x" : -101.9375,
            "y" : 28.0,
            "x_size" : 2.5,
            "y_size" : 5.5,
            "children" : [ ]
          } ]
        } ]
      }, {
        "x" : -97.6875,
        "y" : 17.0,
        "x_size" : 8.0,
        "y_size" : 8.0,
        "children" : [ ]
      } ]
    }, {
      "x" : -87.4375,
      "y" : 15.5,
      "x_size" : 7.0,
      "y_size" : 4.5,
      "children" : [ {
        "x" : -90.1875,
        "y" : 20.0,
        "x_size" : 7.0,
        "y_size" : 6.5,
        "children" : [ ]
      }, {
        "x" : -83.9375,
        "y" : 20.0,
        "x_size" : 5.5,
        "y_size" : 9.5,
        "children" : [ {
          "x" : -85.1875,
          "y" : 29.5,
          "x_size" : 2.5,
          "y_size" : 3.5,
          "children" : [ ]
        }, {
          "x" : -82.6875,
          "y" : 29.5,
          "x_size" : 2.5,
          "y_size" : 4.0,
          "children" : [ ]
        } ]
      } ]
    }, {
      "x" : -75.9375,
      "y" : 15.5,
      "x_size" : 8.5,
      "y_size" : 7.0,
      "children" : [ {
        "x" : -79.9375,
        "y" : 22.5,
        "x_size" : 2.5,
        "y_size" : 4.0,
        "children" : [ ]
      }, {
        "x" : -74.6875,
        "y" : 22.5,
        "x_size" : 8.0,
        "y_size" : 9.5,
        "children" : [ ]
      } ]
    }, {
      "x" : -67.1875,
      "y" : 15.5,
      "x_size" : 9.0,
      "y_size" : 2.0,
      "children" : [ ]
    }, {
      "x" : -59.4375,
      "y" : 15.5,
      "x_size" : 6.5,
      "y_size" : 3.5,
      "children" : [ ]
    } ]
  }, {
    "x" : -35.4375,
    "y" : 9.0,
    "x_size" : 5.5,
    "y_size" : 4.5,
    "children" : [ {
      "x" : -52.9375,
      "y" : 13.5,
      "x_size" : 6.5,
      "y_size" : 9.5,
      "children" : [ {
        "x" : -54.6875,
        "y" : 23.0,
        "x_size" : 5.0,
        "y_size" : 9.5,
        "children" : [ {
          "x" : -54.6875,
          "y" : 32.5,
          "x_size" : 8.0,
          "y_size" : 4.0,
          "children" : [ ]
        } ]
      }, {
        "x" : -50.4375,
        "y" : 23.0,
        "x_size" : 3.5,
        "y_size" : 3.5,
        "children" : [ ]
      } ]
    }, {
      "x" : -38.6875,
      "y" : 13.5,
      "x_size" : 3.0,
      "y_size" : 7.0,
      "children" : [ {
        "x" : -44.9375,
        "y" : 20.5,
        "x_size" : 7.5,
        "y_size" : 9.0,
        "children" : [ {
          "x" : -44.9375,
          "y" : 29.5,
          "x_size" : 3.0,
          "y_size" : 6.5,
          "children" : [ ]
        } ]
      }, {
        "x" : -38.1875,
        "y" : 20.5,
        "x_size" : 6.0,
        "y_size" : 9.0,
        "children" : [ {
          "x" : -38.1875,
          "y" : 29.5,
          "x_size" : 1.5,
          "y_size" : 5.0,
          "children" : [ ]
        } ]
      }, {
        "x" : -31.9375,
        "y" : 20.5,
        "x_size" : 6.5,
        "y_size" : 5.5,
        "children" : [ ]
      } ]
    }, {
      "x" : -25.6875,
      "y" : 13.5,
      "x_size" : 7.0,
      "y_size" : 4.5,
      "children" : [ {
        "x" : -25.6875,
        "y" : 18.0,
        "x_size" : 6.0,
        "y_size" : 6.5,
        "children" : [ ]
      } ]
    }, {
      "x" : -20.9375,
      "y" : 13.5,
      "x_size" : 2.5,
      "y_size" : 9.0,
      "children" : [ ]
    }, {
      "x" : -17.1875,
      "y" : 13.5,
      "x_size" : 5.0,
      "y_size" : 4.5,
      "children" : [ ]
    } ]
  }, {
    "x" : -0.1875,
    "y" : 9.0,
    "x_size" : 8.0,
    "y_size" : 1.5,
    "children" : [ {
      "x" : -9.9375,
      "y" : 10.5,
      "x_size" : 8.5,
      "y_size" : 5.5,
      "children" : [ {
        "x" : -9.9375,
        "y" : 16.0,
        "x_size" : 9.5,
        "y_size" : 3.0,
        "children" : [ ]
      } ]
    }, {
      "x" : -0.1875,
      "y" : 10.5,
      "x_size" : 3.5,
      "y_size" : 1.5,
      "children" : [ {
        "x" : -0.1875,
        "y" : 12.0,
        "x_size" : 10.0,
        "y_size" : 8.5,
        "children" : [ {
          "x" : -0.1875,
          "y" : 20.5,
          "x_size" : 6.0,
          "y_size" : 6.0,
          "children" : [ {
            "x" : -0.1875,
            "y" : 26.5,
            "x_size" : 8.0,
            "y_size" : 1.5,
            "children" : [ ]
          } ]
        } ]
      } ]
    }, {
      "x" : 9.3125,
      "y" : 10.5,
      "x_size" : 9.0,
      "y_size" : 2.5,
      "children" : [ ]
    } ]
  }, {
    "x" : 23.9375,
    "y" : 9.0,
    "x_size" : 5.5,
    "y_size" : 6.5,
    "children" : [ {
      "x" : 9.5625,
      "y" : 15.5,
      "x_size" : 9.5,
      "y_size" : 4.0,
      "children" : [ {
        "x" : 9.5625,
        "y" : 19.5,
        "x_size" : 5.5,
        "y_size" : 5.5,
        "children" : [ {
          "x" : 9.5625,
          "y" : 25.0,
          "x_size" : 2.0,
          "y_size" : 9.5,
          "children" : [ {
            "x" : 9.5625,
            "y" : 34.5,
            "x_size" : 3.0,
            "y_size" : 1.0,
            "children" : [ ]
          } ]
        } ]
      } ]
    }, {
      "x" : 15.3125,
      "y" : 15.5,
      "x_size" : 2.0,
      "y_size" : 9.5,
      "children" : [ {
        "x" : 15.3125,
        "y" : 25.0,
        "x_size" : 8.0,
        "y_size" : 4.0,
        "children" : [ {
          "x" : 15.3125,
          "y" : 29.0,
          "x_size" : 9.5,
          "y_size" : 5.0,
          "children" : [ ]
        } ]
      } ]
    }, {
      "x" : 27.3125,
      "y" : 15.5,
      "x_size" : 5.0,
      "y_size" : 9.5,
      "children" : [ {
        "x" : 22.3125,
        "y" : 25.0,
        "x_size" : 4.5,
        "y_size" : 4.5,
        "children" : [ {
          "x" : 22.3125,
          "y" : 29.5,
          "x_size" : 3.0,
          "y_size" : 5.5,
          "children" : [ {
            "x" : 20.5625,
            "y" : 35.0,
            "x_size" : 9.0,
            "y_size" : 6.0,
            "children" : [ ]
          }, {
            "x" : 26.8125,
            "y" : 35.0,
            "x_size" : 3.5,
            "y_size" : 3.5,
            "children" : [ ]
          } ]
        } ]
      }, {
        "x" : 25.8125,
        "y" : 25.0,
        "x_size" : 2.5,
        "y_size" : 7.5,
        "children" : [ ]
      }, {
        "x" : 30.8125,
        "y" : 25.0,
        "x_size" : 7.5,
        "y_size" : 7.5,
        "children" : [ {
          "x" : 30.8125,
          "y" : 32.5,
          "x_size" : 1.5,
          "y_size" : 5.5,
          "children" : [ ]
        } ]
      } ]
    }, {
      "x" : 39.0625,
      "y" : 15.5,
      "x_size" : 8.0,
      "y_size" : 6.5,
      "children" : [ {
        "x" : 39.0625,
        "y" : 22.0,
        "x_size" : 9.0,
        "y_size" : 9.5,
        "children" : [ ]
      } ]
    } ]
  }, {
    "x" : 75.75,
    "y" : 9.0,
    "x_size" : 2.0,
    "y_size" : 6.0,
    "children" : [ {
      "x" : 46.8125,
      "y" : 15.0,
      "x_size" : 3.0,
      "y_size" : 7.0,
      "children" : [ {
        "x" : 46.8125,
        "y" : 22.0,
        "x_size" : 6.5,
        "y_size" : 10.0,
        "children" : [ {
          "x" : 43.4375,
          "y" : 32.0,
          "x_size" : 6.5,
          "y_size" : 3.5,
          "children" : [ ]
        }, {
          "x" : 51.6875,
          "y" : 32.0,
          "x_size" : 3.5,
          "y_size" : 1.0,
          "children" : [ {
            "x" : 51.6875,
            "y" : 33.0,
            "x_size" : 10.0,
            "y_size" : 2.5,
            "children" : [ ]
          } ]
        } ]
      } ]
    }, {
      "x" : 60.9375,
      "y" : 15.0,
      "x_size" : 4.5,
      "y_size" : 10.0,
      "children" : [ {
        "x" : 60.9375,
        "y" : 25.0,
        "x_size" : 3.0,
        "y_size" : 4.5,
        "children" : [ {
          "x" : 60.9375,
          "y" : 29.5,
          "x_size" : 8.5,
          "y_size" : 10.0,
          "children" : [ ]
        } ]
      } ]
    }, {
      "x" : 74.1875,
      "y" : 15.0,
      "x_size" : 2.0,
      "y_size" : 10.0,
      "children" : [ {
        "x" : 70.1875,
        "y" : 25.0,
        "x_size" : 10.0,
        "y_size" : 10.0,
        "children" : [ {
          "x" : 70.1875,
          "y" : 35.0,
          "x_size" : 3.5,
          "y_size" : 5.5,
          "children" : [ ]
        } ]
      }, {
        "x" : 76.4375,
        "y" : 25.0,
        "x_size" : 2.5,
        "y_size" : 3.0,
        "children" : [ ]
      }, {
        "x" : 80.4375,
        "y" : 25.0,
        "x_size" : 5.5,
        "y_size" : 6.5,
        "children" : [ ]
      } ]
    }, {
      "x" : 87.4375,
      "y" : 15.0,
      "x_size" : 5.5,
      "y_size" : 7.5,
      "children" : [ {
        "x" : 87.4375,
        "y" : 22.5,
        "x_size" : 4.0,
        "y_size" : 7.5,
        "children" : [ {
          "x" : 87.4375,
          "y" : 30.0,
          "x_size" : 8.5,
          "y_size" : 4.0,
          "children" : [ ]
        } ]
      } ]
    }, {
      "x" : 93.4375,
      "y" : 15.0,
      "x_size" : 6.5,
      "y_size" : 4.0,
      "children" : [ ]
    }, {
      "x" : 101.4375,
      "y" : 15.0,
      "x_size" : 9.5,
      "y_size" : 7.5,
      "children" : [ {
        "x" : 101.4375,
        "y" : 22.5,
        "x_size" : 5.0,
        "y_size" : 9.5,
        "children" : [ ]
      } ]
    } ]
  }, {
    "x" : 117.4375,
    "y" : 9.0,
    "x_size" : 1.5,
    "y_size" : 6.0,
    "children" : [ {
      "x" : 111.9375,
      "y" : 15.0,
      "x_size" : 6.0,
      "y_size" : 9.5,
      "children" : [ {
        "x" : 107.6875,
        "y" : 24.5,
        "x_size" : 7.5,
        "y_size" : 8.5,
        "children" : [ {
          "x" : 107.6875,
          "y" : 33.0,
          "x_size" : 8.5,
          "y_size" : 5.5,
          "children" : [ ]
        } ]
      }, {
        "x" : 115.6875,
        "y" : 24.5,
        "x_size" : 8.5,
        "y_size" : 8.0,
        "children" : [ ]
      } ]
    }, {
      "x" : 118.9375,
      "y" : 15.0,
      "x_size" : 8.0,
      "y_size" : 9.5,
      "children" : [ ]
    }, {
      "x" : 124.4375,
      "y" : 15.0,
      "x_size" : 3.0,
      "y_size" : 4.0,
      "children" : [ ]
    } ]
  }, {
    "x" : 137.6875,
    "y" : 9.0,
    "x_size" : 6.0,
    "y_size" : 9.0,
    "children" : [ {
      "x" : 129.1875,
      "y" : 18.0,
      "x_size" : 6.5,
      "y_size" : 8.0,
      "children" : [ {
        "x" : 125.4375,
        "y" : 26.0,
        "x_size" : 10.0,
        "y_size" : 10.0,
        "children" : [ {
          "x" : 125.4375,
          "y" : 36.0,
          "x_size" : 9.0,
          "y_size" : 2.5,
          "children" : [ ]
        } ]
      }, {
        "x" : 134.1875,
        "y" : 26.0,
        "x_size" : 7.5,
        "y_size" : 4.0,
        "children" : [ {
          "x" : 134.1875,
          "y" : 30.0,
          "x_size" : 4.5,
          "y_size" : 6.0,
          "children" : [ ]
        } ]
      } ]
    }, {
      "x" : 146.1875,
      "y" : 18.0,
      "x_size" : 6.5,
      "y_size" : 8.5,
      "children" : [ {
        "x" : 140.4375,
        "y" : 26.5,
        "x_size" : 5.0,
        "y_size" : 2.0,
        "children" : [ ]
      }, {
        "x" : 147.4375,
        "y" : 26.5,
        "x_size" : 9.0,
        "y_size" : 7.0,
        "children" : [ {
          "x" : 147.4375,
          "y" : 33.5,
          "x_size" : 8.5,
          "y_size" : 4.5,
          "children" : [ ]
        } ]
      }, {
        "x" : 153.1875,
        "y" : 26.5,
        "x_size" : 2.5,
        "y_size" : 2.5,
        "children" : [ ]
      } ]
    } ]
  }, {
    "x" : 167.5625,
    "y" : 9.0,
    "x_size" : 2.0,
    "y_size" : 7.0,
    "children" : [ {
      "x" : 157.1875,
      "y" : 16.0,
      "x_size" : 4.5,
      "y_size" : 6.0,
      "children" : [ {
        "x" : 157.1875,
        "y" : 22.0,
        "x_size" : 1.5,
        "y_size" : 6.5,
        "children" : [ {
          "x" : 157.1875,
          "y" : 28.5,
          "x_size" : 5.5,
          "y_size" : 3.5,
          "children" : [ ]
        } ]
      } ]
    }, {
      "x" : 164.1875,
      "y" : 16.0,
      "x_size" : 6.0,
      "y_size" : 3.0,
      "children" : [ {
        "x" : 164.1875,
        "y" : 19.0,
        "x_size" : 9.5,
        "y_size" : 8.5,
        "children" : [ {
          "x" : 164.1875,
          "y" : 27.5,
          "x_size" : 4.5,
          "y_size" : 6.5,
          "children" : [ ]
        } ]
      } ]
    }, {
      "x" : 171.1875,
      "y" : 16.0,
      "x_size" : 1.0,
      "y_size" : 10.0,
      "children" : [ {
        "x" : 171.1875,
        "y" : 26.0,
        "x_size" : 4.5,
        "y_size" : 6.5,
        "children" : [ ]
      } ]
    }, {
      "x" : 175.9375,
      "y" : 16.0,
      "x_size" : 8.5,
      "y_size" : 1.5,
      "children" : [ {
        "x" : 175.9375,
        "y" : 17.5,
        "x_size" : 5.0,
        "y_size" : 6.0,
        "children" : [ ]
      } ]
    } ]
  }, {
    "x" : 188.4375,
    "y" : 9.0,
    "x_size" : 2.5,
    "y_size" : 9.5,
    "children" : [ {
      "x" : 179.6875,
      "y" : 18.5,
      "x_size" : 2.5,
      "y_size" : 3.0,
      "children" : [ {
        "x" : 179.6875,
        "y" : 21.5,
        "x_size" : 2.5,
        "y_size" : 1.0,
        "children" : [ ]
      } ]
    }, {
      "x" : 185.6875,
      "y" : 18.5,
      "x_size" : 9.5,
      "y_size" : 8.5,
      "children" : [ {
        "x" : 185.6875,
        "y" : 27.0,
        "x_size" : 3.0,
        "y_size" : 7.0,
        "children" : [ ]
      } ]
    }, {
      "x" : 194.4375,
      "y" : 18.5,
      "x_size" : 8.0,
      "y_size" : 8.5,
      "children" : [ ]
    } ]
  }, {
    "x" : 214.9375,
    "y" : 9.0,
    "x_size" : 7.5,
    "y_size" : 3.0,
    "children" : [ {
      "x" : 209.4375,
      "y" : 12.0,
      "x_size" : 8.0,
      "y_size" : 4.0,
      "children" : [ {
        "x" : 203.1875,
        "y" : 16.0,
        "x_size" : 3.5,
        "y_size" : 6.5,
        "children" : [ {
          "x" : 203.1875,
          "y" : 22.5,
          "x_size" : 9.5,
          "y_size" : 8.5,
          "children" : [ ]
        } ]
      }, {
        "x" : 212.6875,
        "y" : 16.0,
        "x_size" : 9.5,
        "y_size" : 8.0,
        "children" : [ ]
      } ]
    }, {
      "x" : 220.9375,
      "y" : 12.0,
      "x_size" : 7.0,
      "y_size" : 10.0,
      "children" : [ ]
    } ]
  }, {
    "x" : 231.3125,
    "y" : 9.0,
    "x_size" : 4.0,
    "y_size" : 5.5,
    "children" : [ {
      "x" : 228.4375,
      "y" : 14.5,
      "x_size" : 5.5,
      "y_size" : 4.0,
      "children" : [ {
        "x" : 228.4375,
        "y" : 18.5,
        "x_size" : 8.0,
        "y_size" : 4.0,
        "children" : [ ]
      } ]
    }, {
      "x" : 234.6875,
      "y" : 14.5,
      "x_size" : 4.5,
      "y_size" : 4.5,
      "children" : [ {
        "x" : 234.6875,
        "y" : 19.0,
        "x_size" : 3.5,
        "y_size" : 2.0,
        "children" : [ ]
      } ]
    } ]
  }, {
    "x" : 237.5,
    "y" : 9.0,
    "x_size" : 1.5,
    "y_size" : 3.0,
    "children" : [ ]
  }, {
    "x" : 244.6875,
    "y" : 9.0,
    "x_size" : 2.0,
    "y_size" : 1.0,
    "children" : [ {
      "x" : 244.6875,
      "y" : 10.0,
      "x_size" : 6.0,
      "y_size" : 7.5,
      "children" : [ {
        "x" : 240.9375,
        "y" : 17.5,
        "x_size" : 8.0,
        "y_size" : 3.0,
        "children" : [ ]
      }, {
        "x" : 248.6875,
        "y" : 17.5,
        "x_size" : 7.5,
        "y_size" : 2.5,
        "children" : [ ]
      } ]
    } ]
  }, {
    "x" : 251.1875,
    "y" : 9.0,
    "x_size" : 7.0,
    "y_size" : 2.0,
    "children" : [ ]
  }, {
    "x" : 259.6875,
    "y" : 9.0,
    "x_size" : 10.0,
    "y_size" : 2.0,
    "children" : [ ]
  } ]
}