{
  "x" : 0.0,
  "y" : 0.0,
  "x_size" : 50.0,
  "y_size" : 50.0,
  "children" : [ {
    "x" : -500.0,
    "y" : 50.0,
    "x_size" : 50.0,
    "y_size" : 50.0,
    "children" : [ {
      "x" : -550.0,
      "y" : 100.0,
      "x_size" : 50.0,
      "y_size" : 50.0,
      "children" : [ {
        "x" : -575.0,
        "y" : 150.0,
        "x_size" : 50.0,
        "y_size" : 50.0,
        "children" : [ {
          "x" : -600.0,
          "y" : 200.0,
          "x_size" : 50.0,
          "y_size" : 50.0,
          "children" : [ {
            "x" : -600.0,
            "y" : 250.0,
            "x_size" : 50.0,
            "y_size" : 50.0,
            "children" : [ ]
          } ]
        }, {
          "x" : -550.0,
          "y" : 200.0,
          "x_size" : 50.0,
          "y_size" : 50.0,
          "children" : [ ]
        } ]
      }, {
        "x" : -525.0,
        "y" : 150.0,
        "x_size" : 50.0,
        "y_size" : 50.0,
        "children" : [ ]
      } ]
    }, {
      "x" : -450.0,
      "y" : 100.0,
      "x_size" : 50.0,
      "y_size" : 50.0,
      "children" : [ {
        "x" : -475.0,
        "y" : 150.0,
        "x_size" : 50.0,
        "y_size" : 50.0,
        "children" : [ {
          "x" : -475.0,
          "y" : 200.0,
          "x_size" : 50.0,
          "y_size" : 50.0,
          "children" : [ ]
        } ]
      }, {
        "x" : -425.0,
        "y" : 150.0,
        "x_size" : 50.0,
        "y_size" : 50.0,
        "children" : [ ]
      } ]
    } ]
  }, {
    "x" : -250.0,
    "y" : 50.0,
    "x_size" : 50.0,
    "y_size" : 50.0,
    "children" : [ {
      "x" : -325.0,
      "y" : 100.0,
      "x_size" : 50.0,
      "y_size" : 50.0,
      "children" : [ {
        "x" : -375.0,
        "y" : 150.0,
        "x_size" : 50.0,
        "y_size" : 50.0,
        "children" : [ {
          "x" : -375.0,
          "y" : 200.0,
          "x_size" : 50.0,
          "y_size" : 50.0,
          "children" : [ {
            "x" : -375.0,
            "y" : 250.0,
            "x_size" : 50.0,
            "y_size" : 50.0,
            "children" : [ ]
          } ]
        } ]
      }, {
        "x" : -325.0,
        "y" : 150.0,
        "x_size" : 50.0,
        "y_size" : 50.0,
        "children" : [ ]
      }, {
        "x" : -275.0,
        "y" : 150.0,
        "x_size" : 50.0,
        "y_size" : 50.0,
        "children" : [ ]
      } ]
    }, {
      "x" : -275.0,
      "y" : 100.0,
      "x_size" : 50.0,
      "y_size" : 50.0,
      "children" : [ ]
    }, {
      "x" : -225.0,
      "y" : 100.0,
      "x_size" : 50.0,
      "y_size" : 50.0,
      "children" : [ ]
    }, {
      "x" : -175.0,
      "y" : 100.0,
      "x_size" : 50.0,
      "y_size" : 50.0,
      "children" : [ ]
    } ]
  }, {
    "x" : -62.5,
    "y" : 50.0,
    "x_size" : 50.0,
    "y_size" : 50.0,
    "children" : [ {
      "x" : -125.0,
      "y" : 100.0,
      "x_size" : 50.0,
      "y_size" : 50.0,
      "children" : [ {
        "x" : -150.0,
        "y" : 150.0,
        "x_size" : 50.0,
        "y_size" : 50.0,
        "children" : [ ]
      }, {
        "x" : -100.0,
        "y" : 150.0,
        "x_size" : 50.0,
        "y_size" : 50.0,
        "children" : [ ]
      } ]
    }, {
      "x" : -50.0,
      "y" : 100.0,
      "x_size" : 50.0,
      "y_size" : 50.0,
      "children" : [ {
        "x" : -50.0,
        "y" : 150.0,
        "x_size" : 50.0,
        "y_size" : 50.0,
        "children" : [ ]
      } ]
    }, {
      "x" : 0.0,
      "y" : 100.0,
      "x_size" : 50.0,
      "y_size" : 50.0,
      "children" : [ ]
    } ]
  }, {
    "x" : 50.0,
    "y" : 50.0,
    "x_size" : 50.0,
    "y_size" : 50.0,
    "children" : [ {
      "x" : 50.0,
      "y" : 100.0,
      "x_size" : 50.0,
      "y_size" : 50.0,
      "children" : [ ]
    } ]
  }, {
    "x" : 125.0,
    "y" : 50.0,
    "x_size" : 50.0,
    "y_size" : 50.0,
    "children" : [ {
      "x" : 100.0,
      "y" : 100.0,
      "x_size" : 50.0,
      "y_size" : 50.0,
      "children" : [ ]
    }, {
      "x" : 150.0,
      "y" : 100.0,
      "x_size" : 50.0,
      "y_size" : 50.0,
      "children" : [ {
        "x" : 150.0,
        "y" : 150.0,
        "x_size" : 50.0,
        "y_size" : 50.0,
        "children" : [ ]
      } ]
    } ]
  }, {
    "x" : 200.0,
    "y" : 50.0,
    "x_size" : 50.0,
    "y_size" : 50.0,
    "children" : [ {
      "x" : 200.0,
      "y" : 100.0,
      "x_size" : 50.0,
      "y_size" : 50.0,
      "children" : [ ]
    } ]
  }, {
    "x" : 250.0,
    "y" : 50.0,
    "x_size" : 50.0,
    "y_size" : 50.0,
    "children" : [ {
      "x" : 250.0,
      "y" : 100.0,
      "x_size" : 50.0,
      "y_size" : 50.0,
      "children" : [ {
        "x" : 250.0,
        "y" : 150.0,
        "x_size" : 50.0,
        "y_size" : 50.0,
        "children" : [ {
          "x" : 250.0,
          "y" : 200.0,
          "x_size" : 50.0,
          "y_size" : 50.0,
          "children" : [ ]
        } ]
      } ]
    } ]
  }, {
    "x" : 325.0,
    "y" : 50.0,
    "x_size" : 50.0,
    "y_size" : 50.0,
    "children" : [ {
      "x" : 300.0,
      "y" : 100.0,
      "x_size" : 50.0,
      "y_size" : 50.0,
      "children" : [ ]
    }, {
      "x" : 350.0,
      "y" : 100.0,
      "x_size" : 50.0,
      "y_size" : 50.0,
      "children" : [ ]
    } ]
  }, {
    "x" : 425.0,
    "y" : 50.0,
    "x_size" : 50.0,
    "y_size" : 50.0,
    "children" : [ {
      "x" : 400.0,
      "y" : 100.0,
      "x_size" : 50.0,
      "y_size" : 50.0,
      "children" : [ ]
    }, {
      "x" : 450.0,
      "y" : 100.0,
      "x_size" : 50.0,
      "y_size" : 50.0,
      "children" : [ {
        "x" : 450.0,
        "y" : 150.0,
        "x_size" : 50.0,
        "y_size" : 50.0,
        "children" : [ ]
      } ]
    } ]
  }, {
    "x" : 500.0,
    "y" : 50.0,
    "x_size" : 50.0,
    "y_size" : 50.0,
    "children" : [ {
      "x" : 500.0,
      "y" : 100.0,
      "x_size" : 50.0,
      "y_size" : 50.0,
      "children" : [ ]
    } ]
  } ]
}
