{
  "x" : 0.0,
  "y" : 0.0,
  "x_size" : 20.0,
  "y_size" : 70.0,
  "children" : [ {
    "x" : -20.0,
    "y" : 70.0,
    "x_size" : 20.0,
    "y_size" : 200.0,
    "children" : [ {
      "x" : -30.0,
      "y" : 270.0,
      "x_size" : 20.0,
      "y_size" : 70.0,
      "children" : [ ]
    }, {
      "x" : -10.0,
      "y" : 270.0,
      "x_size" : 20.0,
      "y_size" : 70.0,
      "children" : [ ]
    } ]
  }, {
    "x" : 20.0,
    "y" : 70.0,
    "x_size" : 20.0,
    "y_size" : 70.0,
    "children" : [ {
      "x" : 20.0,
      "y" : 140.0,
      "x_size" : 20.0,
      "y_size" : 70.0,
      "children" : [ ]
    } ]
  } ]
}
