{
  "x" : 0.0,
  "y" : 0.0,
  "x_size" : 50.0,
  "y_size" : 50.0,
  "children" : [ {
    "x" : -150.0,
    "y" : 50.0,
    "x_size" : 50.0,
    "y_size" : 50.0,
    "children" : [ {
      "x" : -175.0,
      "y" : 100.0,
      "x_size" : 50.0,
      "y_size" : 50.0,
      "children" : [ ]
    }, {
      "x" : -125.0,
      "y" : 100.0,
      "x_size" : 50.0,
      "y_size" : 50.0,
      "children" : [ {
        "x" : -150.0,
        "y" : 150.0,
        "x_size" : 50.0,
        "y_size" : 50.0,
        "children" : [ ]
      }, {
        "x" : -100.0,
        "y" : 150.0,
        "x_size" : 50.0,
        "y_size" : 50.0,
        "children" : [ ]
      } ]
    } ]
  }, {
    "x" : -75.0,
    "y" : 50.0,
    "x_size" : 50.0,
    "y_size" : 50.0,
    "children" : [ ]
  }, {
    "x" : 0.0,
    "y" : 50.0,
    "x_size" : 50.0,
    "y_size" : 50.0,
    "children" : [ {
      "x" : 0.0,
      "y" : 100.0,
      "x_size" : 50.0,
      "y_size" : 50.0,
      "children" : [ {
        "x" : -50.0,
        "y" : 150.0,
        "x_size" : 50.0,
        "y_size" : 50.0,
        "children" : [ ]
      }, {
        "x" : 0.0,
        "y" : 150.0,
        "x_size" : 50.0,
        "y_size" : 50.0,
        "children" : [ ]
      }, {
        "x" : 50.0,
        "y" : 150.0,
        "x_size" : 50.0,
        "y_size" : 50.0,
        "children" : [ ]
      } ]
    } ]
  }, {
    "x" : 50.0,
    "y" : 50.0,
    "x_size" : 50.0,
    "y_size" : 50.0,
    "children" : [ ]
  }, {
    "x" : 100.0,
    "y" : 50.0,
    "x_size" : 50.0,
    "y_size" : 50.0,
    "children" : [ ]
  }, {
    "x" : 150.0,
    "y" : 50.0,
    "x_size" : 50.0,
    "y_size" : 50.0,
    "children" : [ {
      "x" : 150.0,
      "y" : 100.0,
      "x_size" : 50.0,
      "y_size" : 50.0,
      "children" : [ ]
    } ]
  } ]
}