{
  "x" : 0.0,
  "y" : 0.0,
  "x_size" : 7.5,
  "y_size" : 4.5,
  "children" : [ {
    "x" : -250.0625,
    "y" : 4.5,
    "x_size" : 6.5,
    "y_size" : 4.5,
    "children" : [ {
      "x" : -267.4375,
      "y" : 9.0,
      "x_size" : 2.0,
      "y_size" : 7.5,
      "children" : [ {
        "x" : -269.9375,
        "y" : 16.5,
        "x_size" : 3.5,
        "y_size" : 6.0,
        "children" : [ ]
      }, {
        "x" : -265.6875,
        "y" : 16.5,
        "x_size" : 5.0,
        "y_size" : 9.5,
        "children" : [ ]
      } ]
    }, {
      "x" : -255.1875,
      "y" : 9.0,
      "x_size" : 6.5,
      "y_size" : 6.0,
      "children" : [ {
        "x" : -255.1875,
        "y" : 15.0,
        "x_size" : 9.5,
        "y_size" : 5.0,
        "children" : [ {
          "x" : -259.6875,
          "y" : 20.0,
          "x_size" : 7.0,
          "y_size" : 2.0,
          "children" : [ ]
        }, {
          "x" : -251.6875,
          "y" : 20.0,
          "x_size" : 9.0,
          "y_size" : 2.5,
          "children" : [ ]
        } ]
      } ]
    }, {
      "x" : -245.4375,
      "y" : 9.0,
      "x_size" : 5.0,
      "y_size" : 7.5,
      "children" : [ {
        "x" : -245.4375,
        "y" : 16.5,
        "x_size" : 3.5,
        "y_size" : 8.0,
        "children" : [ ]
      } ]
    }, {
      "x" : -236.4375,
      "y" : 9.0,
      "x_size" : 9.5,
      "y_size" : 7.5,
      "children" : [ {
        "x" : -240.9375,
        "y" : 16.5,
        "x_size" : 4.5,
        "y_size" : 3.0,
        "children" : [ {
          "x" : -240.9375,
          "y" : 19.5,
          "x_size" : 5.5,
          "y_size" : 2.0,
          "children" : [ ]
        } ]
      }, {
        "x" : -235.9375,
        "y" : 16.5,
        "x_size" : 4.5,
        "y_size" : 4.0,
        "children" : [ ]
      }, {
        "x" : -231.6875,
        "y" : 16.5,
        "x_size" : 4.0,
        "y_size" : 1.5,
        "children" : [ ]
      } ]
    } ]
  }, {
    "x" : -202.625,
    "y" : 4.5,
    "x_size" : 8.5,
    "y_size" : 1.5,
    "children" : [ {
      "x" : -213.8125,
      "y" : 6.0,
      "x_size" : 6.5,
      "y_size" : 3.5,
      "children" : [ {
        "x" : -220.6875,
        "y" : 9.5,
        "x_size" : 5.0,
        "y_size" : 4.5,
        "children" : [ {
          "x" : -227.9375,
          "y" : 14.0,
          "x_size" : 3.5,
          "y_size" : 7.5,
          "children" : [ ]
        }, {
          "x" : -221.9375,
          "y" : 14.0,
          "x_size" : 8.5,
          "y_size" : 6.0,
          "children" : [ ]
        }, {
          "x" : -214.6875,
          "y" : 14.0,
          "x_size" : 6.0,
          "y_size" : 7.5,
          "children" : [ ]
        } ]
      }, {
        "x" : -206.9375,
        "y" : 9.5,
        "x_size" : 5.0,
        "y_size" : 5.5,
        "children" : [ {
          "x" : -206.9375,
          "y" : 15.0,
          "x_size" : 9.5,
          "y_size" : 3.5,
          "children" : [ {
            "x" : -206.9375,
            "y" : 18.5,
            "x_size" : 9.5,
            "y_size" : 9.0,
            "children" : [ ]
          } ]
        } ]
      } ]
    }, {
      "x" : -196.0625,
      "y" : 6.0,
      "x_size" : 4.0,
      "y_size" : 3.5,
      "children" : [ {
        "x" : -199.6875,
        "y" : 9.5,
        "x_size" : 2.0,
        "y_size" : 8.0,
        "children" : [ {
          "x" : -199.6875,
          "y" : 17.5,
          "x_size" : 2.0,
          "y_size" : 1.5,
          "children" : [ {
            "x" : -199.6875,
            "y" : 19.0,
            "x_size" : 5.0,
            "y_size" : 8.0,
            "children" : [ ]
          } ]
        } ]
      }, {
        "x" : -194.6875,
        "y" : 9.5,
        "x_size" : 6.5,
        "y_size" : 3.5,
        "children" : [ {
          "x" : -194.6875,
          "y" : 13.0,
          "x_size" : 8.0,
          "y_size" : 5.0,
          "children" : [ ]
        } ]
      } ]
    }, {
      "x" : -188.6875,
      "y" : 6.0,
      "x_size" : 1.0,
      "y_size" : 9.5,
      "children" : [ {
        "x" : -188.6875,
        "y" : 15.5,
        "x_size" : 4.0,
        "y_size" : 6.5,
        "children" : [ {
          "x" : -188.6875,
          "y" : 22.0,
          "x_size" : 6.5,
          "y_size" : 6.0,
          "children" : [ ]
        } ]
      } ]
    } ]
  }, {
    "x" : -170.4375,
    "y" : 4.5,
    "x_size" : 4.5,
    "y_size" : 4.0,
    "children" : [ {
      "x" : -183.9375,
      "y" : 8.5,
      "x_size" : 5.5,
      "y_size" : 9.5,
      "children" : [ {
        "x" : -183.9375,
        "y" : 18.0,
        "x_size" : 1.0,
        "y_size" : 9.5,
        "children" : [ ]
      } ]
    }, {
      "x" : -172.4375,
      "y" : 8.5,
      "x_size" : 5.5,
      "y_size" : 8.0,
      "children" : [ {
        "x" : -176.9375,
        "y" : 16.5,
        "x_size" : 4.5,
        "y_size" : 5.0,
        "children" : [ {
          "x" : -180.1875,
          "y" : 21.5,
          "x_size" : 6.5,
          "y_size" : 9.0,
          "children" : [ ]
        }, {
          "x" : -173.6875,
          "y" : 21.5,
          "x_size" : 6.5,
          "y_size" : 2.0,
          "children" : [ ]
        } ]
      }, {
        "x" : -170.1875,
        "y" : 16.5,
        "x_size" : 9.0,
        "y_size" : 2.0,
        "children" : [ ]
      } ]
    }, {
      "x" : -162.9375,
      "y" : 8.5,
      "x_size" : 2.5,
      "y_size" : 7.0,
      "children" : [ {
        "x" : -162.9375,
        "y" : 15.5,
        "x_size" : 5.5,
        "y_size" : 5.5,
        "children" : [ {
          "x" : -164.9375,
          "y" : 21.0,
          "x_size" : 4.0,
          "y_size" : 4.0,
          "children" : [ ]
        }, {
          "x" : -160.9375,
          "y" : 21.0,
          "x_size" : 4.0,
          "y_size" : 4.5,
          "children" : [ ]
        } ]
      } ]
    }, {
      "x" : -156.1875,
      "y" : 8.5,
      "x_size" : 4.0,
      "y_size" : 8.0,
      "children" : [ {
        "x" : -156.1875,
        "y" : 16.5,
        "x_size" : 8.0,
        "y_size" : 1.0,
        "children" : [ ]
      } ]
    } ]
  }, {
    "x" : -129.15625,
    "y" : 4.5,
    "x_size" : 1.5,
    "y_size" : 6.0,
    "children" : [ {
      "x" : -145.125,
      "y" : 10.5,
      "x_size" : 2.0,
      "y_size" : 7.0,
      "children" : [ {
        "x" : -153.0625,
        "y" : 17.5,
        "x_size" : 6.0,
        "y_size" : 1.5,
        "children" : [ {
          "x" : -155.4375,
          "y" : 19.0,
          "x_size" : 7.0,
          "y_size" : 9.0,
          "children" : [ {
            "x" : -159.4375,
            "y" : 28.0,
            "x_size" : 3.5,
            "y_size" : 7.5,
            "children" : [ {
              "x" : -159.4375,
              "y" : 35.5,
              "x_size" : 8.0,
              "y_size" : 7.5,
              "children" : [ ]
            } ]
          }, {
            "x" : -153.6875,
            "y" : 28.0,
            "x_size" : 8.0,
            "y_size" : 4.5,
            "children" : [ ]
          } ]
        }, {
          "x" : -148.9375,
          "y" : 19.0,
          "x_size" : 3.5,
          "y_size" : 5.0,
          "children" : [ {
            "x" : -148.9375,
            "y" : 24.0,
            "x_size" : 6.0,
            "y_size" : 3.0,
            "children" : [ ]
          } ]
        } ]
      }, {
        "x" : -138.1875,
        "y" : 17.5,
        "x_size" : 8.0,
        "y_size" : 1.5,
        "children" : [ {
          "x" : -142.4375,
          "y" : 19.0,
          "x_size" : 7.0,
          "y_size" : 6.5,
          "children" : [ ]
        }, {
          "x" : -134.6875,
          "y" : 19.0,
          "x_size" : 8.5,
          "y_size" : 6.0,
          "children" : [ {
            "x" : -134.6875,
            "y" : 25.0,
            "x_size" : 7.5,
            "y_size" : 1.5,
            "children" : [ ]
          } ]
        } ]
      } ]
    }, {
      "x" : -123.4375,
      "y" : 10.5,
      "x_size" : 9.5,
      "y_size" : 7.0,
      "children" : [ {
        "x" : -130.4375,
        "y" : 17.5,
        "x_size" : 7.5,
        "y_size" : 1.0,
        "children" : [ ]
      }, {
        "x" : -122.9375,
        "y" : 17.5,
        "x_size" : 7.5,
        "y_size" : 2.0,
        "children" : [ ]
      }, {
        "x" : -113.9375,
        "y" : 17.5,
        "x_size" : 2.5,
        "y_size" : 1.5,
        "children" : [ {
          "x" : -114.6875,
          "y" : 19.0,
          "x_size" : 9.0,
          "y_size" : 4.0,
          "children" : [ ]
        }, {
          "x" : -109.4375,
          "y" : 19.0,
          "x_size" : 1.5,
          "y_size" : 7.5,
          "children" : [ {
            "x" : -109.4375,
            "y" : 26.5,
            "x_size" : 2.5,
            "y_size" : 1.0,
            "children" : [ ]
          } ]
        } ]
      } ]
    }, {
      "x" : -115.4375,
      "y" : 10.5,
      "x_size" : 6.5,
      "y_size" : 3.0,
      "children" : [ ]
    } ]
  }, {
    "x" : -88.3125,
    "y" : 4.5,
    "x_size" : 3.5,
    "y_size" : 3.5,
    "children" : [ {
      "x" : -104.9375,
      "y" : 8.0,
      "x_size" : 4.5,
      "y_size" : 3.0,
      "children" : [ {
        "x" : -107.9375,
        "y" : 11.0,
        "x_size" : 8.5,
        "y_size" : 4.5,
        "children" : [ ]
      }, {
        "x" : -100.6875,
        "y" : 11.0,
        "x_size" : 6.0,
        "y_size" : 7.5,
        "children" : [ ]
      } ]
    }, {
      "x" : -91.1875,
      "y" : 8.0,
      "x_size" : 10.0,
      "y_size" : 1.5,
      "children" : [ {
        "x" : -93.9375,
        "y" : 9.5,
        "x_size" : 6.0,
        "y_size" : 7.5,
        "children" : [ {
          "x" : -93.9375,
          "y" : 17.0,
          "x_size" : 7.5,
          "y_size" : 7.0,
          "children" : [ ]
        } ]
      }, {
        "x" : -89.6875,
        "y" : 9.5,
        "x_size" : 2.5,
        "y_size" : 7.5,
        "children" : [ ]
      }, {
        "x" : -86.9375,
        "y" : 9.5,
        "x_size" : 3.0,
        "y_size" : 4.5,
        "children" : [ ]
      } ]
    }, {
      "x" : -83.3125,
      "y" : 8.0,
      "x_size" : 1.0,
      "y_size" : 8.5,
      "children" : [ {
        "x" : -87.6875,
        "y" : 16.5,
        "x_size" : 1.5,
        "y_size" : 7.5,
        "children" : [ ]
      }, {
        "x" : -85.1875,
        "y" : 16.5,
        "x_size" : 3.5,
        "y_size" : 9.5,
        "children" : [ ]
      }, {
        "x" : -79.1875,
        "y" : 16.5,
        "x_size" : 2.0,
        "y_size" : 5.0,
        "children" : [ {
          "x" : -79.1875,
          "y" : 21.5,
          "x_size" : 8.5,
          "y_size" : 6.0,
          "children" : [ ]
        } ]
      } ]
    }, {
      "x" : -75.9375,
      "y" : 8.0,
      "x_size" : 9.0,
      "y_size" : 2.5,
      "children" : [ {
        "x" : -75.9375,
        "y" : 10.5,
        "x_size" : 1.0,
        "y_size" : 8.5,
        "children" : [ {
          "x" : -75.9375,
          "y" : 19.0,
          "x_size" : 4.5,
          "y_size" : 2.0,
          "children" : [ ]
        } ]
      } ]
    }, {
      "x" : -70.4375,
      "y" : 8.0,
      "x_size" : 2.0,
      "y_size" : 9.0,
      "children" : [ ]
    } ]
  }, {
    "x" : -48.1875,
    "y" : 4.5,
    "x_size" : 5.0,
    "y_size" : 2.0,
    "children" : [ {
      "x" : -67.1875,
      "y" : 6.5,
      "x_size" : 2.5,
      "y_size" : 9.0,
      "children" : [ {
        "x" : -67.1875,
        "y" : 15.5,
        "x_size" : 4.5,
        "y_size" : 3.0,
        "children" : [ {
          "x" : -68.6875,
          "y" : 18.5,
          "x_size" : 4.0,
          "y_size" : 3.0,
          "children" : [ ]
        }, {
          "x" : -65.1875,
          "y" : 18.5,
          "x_size" : 3.0,
          "y_size" : 2.0,
          "children" : [ ]
        } ]
      } ]
    }, {
      "x" : -56.1875,
      "y" : 6.5,
      "x_size" : 4.5,
      "y_size" : 7.5,
      "children" : [ {
        "x" : -60.9375,
        "y" : 14.0,
        "x_size" : 7.5,
        "y_size" : 3.0,
        "children" : [ {
          "x" : -60.9375,
          "y" : 17.0,
          "x_size" : 5.5,
          "y_size" : 2.0,
          "children" : [ ]
        } ]
      }, {
        "x" : -52.4375,
        "y" : 14.0,
        "x_size" : 9.5,
        "y_size" : 3.0,
        "children" : [ {
          "x" : -52.4375,
          "y" : 17.0,
          "x_size" : 7.0,
          "y_size" : 3.5,
          "children" : [ ]
        } ]
      } ]
    }, {
      "x" : -45.4375,
      "y" : 6.5,
      "x_size" : 6.5,
      "y_size" : 7.5,
      "children" : [ {
        "x" : -45.4375,
        "y" : 14.0,
        "x_size" : 4.5,
        "y_size" : 7.0,
        "children" : [ ]
      } ]
    }, {
      "x" : -38.4375,
      "y" : 6.5,
      "x_size" : 7.5,
      "y_size" : 8.0,
      "children" : [ {
        "x" : -38.4375,
        "y" : 14.5,
        "x_size" : 6.0,
        "y_size" : 5.0,
        "children" : [ ]
      } ]
    }, {
      "x" : -29.4375,
      "y" : 6.5,
      "x_size" : 3.0,
      "y_size" : 7.5,
      "children" : [ {
        "x" : -30.1875,
        "y" : 14.0,
        "x_size" : 9.0,
        "y_size" : 3.5,
        "children" : [ ]
      }, {
        "x" : -24.9375,
        "y" : 14.0,
        "x_size" : 1.5,
        "y_size" : 4.5,
        "children" : [ ]
      } ]
    } ]
  }, {
    "x" : -2.5625,
    "y" : 4.5,
    "x_size" : 7.0,
    "y_size" : 3.5,
    "children" : [ {
      "x" : -12.9375,
      "y" : 8.0,
      "x_size" : 6.5,
      "y_size" : 1.5,
      "children" : [ {
        "x" : -17.9375,
        "y" : 9.5,
        "x_size" : 2.5,
        "y_size" : 3.5,
        "children" : [ {
          "x" : -19.6875,
          "y" : 13.0,
          "x_size" : 9.0,
          "y_size" : 3.5,
          "children" : [ ]
        }, {
          "x" : -13.4375,
          "y" : 13.0,
          "x_size" : 3.5,
          "y_size" : 6.0,
          "children" : [ ]
        } ]
      }, {
        "x" : -9.1875,
        "y" : 9.5,
        "x_size" : 5.0,
        "y_size" : 7.0,
        "children" : [ ]
      } ]
    }, {
      "x" : -0.9375,
      "y" : 8.0,
      "x_size" : 5.0,
      "y_size" : 9.5,
      "children" : [ {
        "x" : -7.1875,
        "y" : 17.5,
        "x_size" : 9.0,
        "y_size" : 7.5,
        "children" : [ ]
      }, {
        "x" : -0.1875,
        "y" : 17.5,
        "x_size" : 5.0,
        "y_size" : 9.0,
        "children" : [ {
          "x" : -0.1875,
          "y" : 26.5,
          "x_size" : 5.0,
          "y_size" : 3.5,
          "children" : [ ]
        } ]
      }, {
        "x" : 6.0625,
        "y" : 17.5,
        "x_size" : 7.5,
        "y_size" : 5.5,
        "children" : [ ]
      } ]
    }, {
      "x" : 6.3125,
      "y" : 8.0,
      "x_size" : 9.5,
      "y_size" : 5.5,
      "children" : [ {
        "x" : 6.3125,
        "y" : 13.5,
        "x_size" : 2.5,
        "y_size" : 3.0,
        "children" : [ ]
      } ]
    } ]
  }, {
    "x" : 27.0625,
    "y" : 4.5,
    "x_size" : 1.5,
    "y_size" : 3.0,
    "children" : [ {
      "x" : 15.8125,
      "y" : 7.5,
      "x_size" : 9.5,
      "y_size" : 3.5,
      "children" : [ ]
    }, {
      "x" : 22.3125,
      "y" : 7.5,
      "x_size" : 3.5,
      "y_size" : 9.5,
      "children" : [ {
        "x" : 22.3125,
        "y" : 17.0,
        "x_size" : 2.0,
        "y_size" : 2.0,
        "children" : [ {
          "x" : 22.3125,
          "y" : 19.0,
          "x_size" : 3.5,
          "y_size" : 8.0,
          "children" : [ ]
        } ]
      } ]
    }, {
      "x" : 28.3125,
      "y" : 7.5,
      "x_size" : 8.5,
      "y_size" : 9.5,
      "children" : [ {
        "x" : 28.3125,
        "y" : 17.0,
        "x_size" : 1.5,
        "y_size" : 8.0,
        "children" : [ ]
      } ]
    }, {
      "x" : 34.0625,
      "y" : 7.5,
      "x_size" : 3.0,
      "y_size" : 10.0,
      "children" : [ ]
    }, {
      "x" : 39.3125,
      "y" : 7.5,
      "x_size" : 7.5,
      "y_size" : 3.0,
      "children" : [ ]
    } ]
  }, {
    "x" : 73.4375,
    "y" : 4.5,
    "x_size" : 1.0,
    "y_size" : 5.0,
    "children" : [ {
      "x" : 47.5625,
      "y" : 9.5,
      "x_size" : 9.0,
      "y_size" : 9.0,
      "children" : [ {
        "x" : 47.5625,
        "y" : 18.5,
        "x_size" : 8.0,
        "y_size" : 6.0,
        "children" : [ {
          "x" : 43.8125,
          "y" : 24.5,
          "x_size" : 8.0,
          "y_size" : 5.5,
          "children" : [ ]
        }, {
          "x" : 51.5625,
          "y" : 24.5,
          "x_size" : 7.5,
          "y_size" : 5.5,
          "children" : [ ]
        } ]
      } ]
    }, {
      "x" : 63.8125,
      "y" : 9.5,
      "x_size" : 7.5,
      "y_size" : 2.0,
      "children" : [ {
        "x" : 60.0625,
        "y" : 11.5,
        "x_size" : 5.5,
        "y_size" : 10.0,
        "children" : [ {
          "x" : 60.0625,
          "y" : 21.5,
          "x_size" : 9.5,
          "y_size" : 9.5,
          "children" : [ ]
        } ]
      }, {
        "x" : 66.5625,
        "y" : 11.5,
        "x_size" : 7.5,
        "y_size" : 3.5,
        "children" : [ ]
      } ]
    }, {
      "x" : 71.5625,
      "y" : 9.5,
      "x_size" : 2.5,
      "y_size" : 7.5,
      "children" : [ {
        "x" : 71.5625,
        "y" : 17.0,
        "x_size" : 8.0,
        "y_size" : 8.0,
        "children" : [ {
          "x" : 71.5625,
          "y" : 25.0,
          "x_size" : 8.5,
          "y_size" : 4.0,
          "children" : [ ]
        } ]
      } ]
    }, {
      "x" : 78.0625,
      "y" : 9.5,
      "x_size" : 10.0,
      "y_size" : 6.0,
      "children" : [ {
        "x" : 78.0625,
        "y" : 15.5,
        "x_size" : 5.0,
        "y_size" : 9.0,
        "children" : [ ]
      } ]
    }, {
      "x" : 85.3125,
      "y" : 9.5,
      "x_size" : 3.5,
      "y_size" : 1.0,
      "children" : [ {
        "x" : 85.3125,
        "y" : 10.5,
        "x_size" : 4.5,
        "y_size" : 5.5,
        "children" : [ {
          "x" : 85.3125,
          "y" : 16.0,
          "x_size" : 9.0,
          "y_size" : 9.0,
          "children" : [ ]
        } ]
      } ]
    }, {
      "x" : 95.8125,
      "y" : 9.5,
      "x_size" : 5.5,
      "y_size" : 5.0,
      "children" : [ {
        "x" : 90.8125,
        "y" : 14.5,
        "x_size" : 2.0,
        "y_size" : 2.5,
        "children" : [ ]
      }, {
        "x" : 96.8125,
        "y" : 14.5,
        "x_size" : 10.0,
        "y_size" : 9.5,
        "children" : [ ]
      } ]
    }, {
      "x" : 103.3125,
      "y" : 9.5,
      "x_size" : 1.0,
      "y_size" : 9.0,
      "children" : [ {
        "x" : 103.3125,
        "y" : 18.5,
        "x_size" : 3.0,
        "y_size" : 2.0,
        "children" : [ ]
      } ]
    } ]
  }, {
    "x" : 120.0625,
    "y" : 4.5,
    "x_size" : 9.0,
    "y_size" : 6.0,
    "children" : [ {
      "x" : 109.8125,
      "y" : 10.5,
      "x_size" : 10.0,
      "y_size" : 8.5,
      "children" : [ {
        "x" : 109.8125,
        "y" : 19.0,
        "x_size" : 9.5,
        "y_size" : 4.0,
        "children" : [ ]
      } ]
    }, {
      "x" : 119.3125,
      "y" : 10.5,
      "x_size" : 9.0,
      "y_size" : 9.5,
      "children" : [ ]
    }, {
      "x" : 127.5625,
      "y" : 10.5,
      "x_size" : 7.5,
      "y_size" : 9.5,
      "children" : [ {
        "x" : 127.5625,
        "y" : 20.0,
        "x_size" : 7.0,
        "y_size" : 6.0,
        "children" : [ ]
      } ]
    }, {
      "x" : 133.3125,
      "y" : 10.5,
      "x_size" : 4.0,
      "y_size" : 8.0,
      "children" : [ ]
    } ]
  }, {
    "x" : 149.0625,
    "y" : 4.5,
    "x_size" : 2.0,
    "y_size" : 8.5,
    "children" : [ {
      "x" : 142.5625,
      "y" : 13.0,
      "x_size" : 8.5,
      "y_size" : 1.5,
      "children" : [ {
        "x" : 138.0625,
        "y" : 14.5,
        "x_size" : 5.5,
        "y_size" : 1.5,
        "children" : [ ]
      }, {
        "x" : 142.5625,
        "y" : 14.5,
        "x_size" : 3.5,
        "y_size" : 7.5,
        "children" : [ {
          "x" : 142.5625,
          "y" : 22.0,
          "x_size" : 6.0,
          "y_size" : 3.5,
          "children" : [ ]
        } ]
      }, {
        "x" : 148.5625,
        "y" : 14.5,
        "x_size" : 2.5,
        "y_size" : 9.0,
        "children" : [ {
          "x" : 148.5625,
          "y" : 23.5,
          "x_size" : 6.0,
          "y_size" : 6.5,
          "children" : [ {
            "x" : 148.5625,
            "y" : 30.0,
            "x_size" : 8.5,
            "y_size" : 6.0,
            "children" : [ ]
          } ]
        } ]
      } ]
    }, {
      "x" : 157.0625,
      "y" : 13.0,
      "x_size" : 5.5,
      "y_size" : 2.0,
      "children" : [ {
        "x" : 154.5625,
        "y" : 15.0,
        "x_size" : 6.0,
        "y_size" : 10.0,
        "children" : [ ]
      }, {
        "x" : 160.0625,
        "y" : 15.0,
        "x_size" : 5.0,
        "y_size" : 8.0,
        "children" : [ ]
      } ]
    } ]
  }, {
    "x" : 174.6875,
    "y" : 4.5,
    "x_size" : 4.0,
    "y_size" : 1.5,
    "children" : [ {
      "x" : 162.5625,
      "y" : 6.0,
      "x_size" : 3.5,
      "y_size" : 4.5,
      "children" : [ ]
    }, {
      "x" : 165.8125,
      "y" : 6.0,
      "x_size" : 3.0,
      "y_size" : 6.5,
      "children" : [ {
        "x" : 165.8125,
        "y" : 12.5,
        "x_size" : 6.5,
        "y_size" : 9.0,
        "children" : [ {
          "x" : 165.8125,
          "y" : 21.5,
          "x_size" : 2.5,
          "y_size" : 3.5,
          "children" : [ ]
        } ]
      } ]
    }, {
      "x" : 177.3125,
      "y" : 6.0,
      "x_size" : 4.5,
      "y_size" : 3.0,
      "children" : [ {
        "x" : 172.3125,
        "y" : 9.0,
        "x_size" : 6.5,
        "y_size" : 4.0,
        "children" : [ ]
      }, {
        "x" : 180.5625,
        "y" : 9.0,
        "x_size" : 10.0,
        "y_size" : 2.0,
        "children" : [ ]
      } ]
    }, {
      "x" : 184.0625,
      "y" : 6.0,
      "x_size" : 9.0,
      "y_size" : 1.5,
      "children" : [ ]
    } ]
  }, {
    "x" : 190.0625,
    "y" : 4.5,
    "x_size" : 3.0,
    "y_size" : 6.0,
    "children" : [ {
      "x" : 190.0625,
      "y" : 10.5,
      "x_size" : 9.0,
      "y_size" : 5.5,
      "children" : [ {
        "x" : 190.0625,
        "y" : 16.0,
        "x_size" : 5.5,
        "y_size" : 7.0,
        "children" : [ ]
      } ]
    } ]
  }, {
    "x" : 202.5625,
    "y" : 4.5,
    "x_size" : 2.0,
    "y_size" : 2.0,
    "children" : [ {
      "x" : 198.5625,
      "y" : 6.5,
      "x_size" : 8.5,
      "y_size" : 1.0,
      "children" : [ {
        "x" : 198.5625,
        "y" : 7.5,
        "x_size" : 4.5,
        "y_size" : 1.5,
        "children" : [ {
          "x" : 198.5625,
          "y" : 9.0,
          "x_size" : 8.0,
          "y_size" : 3.0,
          "children" : [ ]
        } ]
      } ]
    }, {
      "x" : 204.3125,
      "y" : 6.5,
      "x_size" : 3.0,
      "y_size" : 8.0,
      "children" : [ {
        "x" : 204.3125,
        "y" : 14.5,
        "x_size" : 7.5,
        "y_size" : 7.0,
        "children" : [ ]
      } ]
    }, {
      "x" : 209.0625,
      "y" : 6.5,
      "x_size" : 3.5,
      "y_size" : 8.0,
      "children" : [ {
        "x" : 209.0625,
        "y" : 14.5,
        "x_size" : 2.0,
        "y_size" : 8.5,
        "children" : [ ]
      } ]
    } ]
  }, {
    "x" : 216.8125,
    "y" : 4.5,
    "x_size" : 8.0,
    "y_size" : 9.0,
    "children" : [ {
      "x" : 211.8125,
      "y" : 13.5,
      "x_size" : 2.0,
      "y_size" : 4.5,
      "children" : [ {
        "x" : 211.8125,
        "y" : 18.0,
        "x_size" : 2.5,
        "y_size" : 6.5,
        "children" : [ {
          "x" : 211.8125,
          "y" : 24.5,
          "x_size" : 7.0,
          "y_size" : 8.0,
          "children" : [ ]
        } ]
      } ]
    }, {
      "x" : 219.5625,
      "y" : 13.5,
      "x_size" : 6.5,
      "y_size" : 6.0,
      "children" : [ {
        "x" : 219.5625,
        "y" : 19.5,
        "x_size" : 2.0,
        "y_size" : 7.5,
        "children" : [ {
          "x" : 219.5625,
          "y" : 27.0,
          "x_size" : 8.5,
          "y_size" : 5.5,
          "children" : [ ]
        } ]
      } ]
    } ]
  }, {
    "x" : 225.3125,
    "y" : 4.5,
    "x_size" : 9.0,
    "y_size" : 5.5,
    "children" : [ {
      "x" : 225.3125,
      "y" : 10.0,
      "x_size" : 5.0,
      "y_size" : 9.0,
      "children" : [ ]
    } ]
  }, {
    "x" : 232.8125,
    "y" : 4.5,
    "x_size" : 6.0,
    "y_size" : 6.5,
    "children" : [ {
      "x" : 232.8125,
      "y" : 11.0,
      "x_size" : 5.0,
      "y_size" : 6.5,
      "children" : [ ]
    } ]
  }, {
    "x" : 240.3125,
    "y" : 4.5,
    "x_size" : 8.0,
    "y_size" : 6.0,
    "children" : [ {
      "x" : 240.3125,
      "y" : 10.5,
      "x_size" : 9.0,
      "y_size" : 2.0,
      "children" : [ ]
    } ]
  }, {
    "x" : 249.0625,
    "y" : 4.5,
    "x_size" : 8.5,
    "y_size" : 8.0,
    "children" : [ ]
  } ]
}