{
  "x" : 107.3529411764706,
  "y" : 0.0,
  "x_size" : 5.882352941176471,
  "y_size" : 20.0,
  "children" : [ {
    "x" : 17.647058823529413,
    "y" : 20.0,
    "x_size" : 5.882352941176471,
    "y_size" : 20.0,
    "children" : [ {
      "x" : 8.823529411764707,
      "y" : 40.0,
      "x_size" : 5.882352941176471,
      "y_size" : 20.0,
      "children" : [ {
        "x" : 5.882352941176471,
        "y" : 60.0,
        "x_size" : 5.882352941176471,
        "y_size" : 20.0,
        "children" : [ {
          "x" : 2.9411764705882355,
          "y" : 80.0,
          "x_size" : 5.882352941176471,
          "y_size" : 20.0,
          "children" : [ {
            "x" : 2.9411764705882355,
            "y" : 100.0,
            "x_size" : 5.882352941176471,
            "y_size" : 20.0,
            "children" : [ ]
          } ]
        }, {
          "x" : 8.823529411764707,
          "y" : 80.0,
          "x_size" : 5.882352941176471,
          "y_size" : 20.0,
          "children" : [ ]
        } ]
      }, {
        "x" : 11.764705882352942,
        "y" : 60.0,
        "x_size" : 5.882352941176471,
        "y_size" : 20.0,
        "children" : [ ]
      } ]
    }, {
      "x" : 26.47058823529412,
      "y" : 40.0,
      "x_size" : 5.882352941176471,
      "y_size" : 20.0,
      "children" : [ {
        "x" : 23.529411764705884,
        "y" : 60.0,
        "x_size" : 5.882352941176471,
        "y_size" : 20.0,
        "children" : [ {
          "x" : 23.529411764705884,
          "y" : 80.0,
          "x_size" : 5.882352941176471,
          "y_size" : 20.0,
          "children" : [ ]
        } ]
      }, {
        "x" : 29.411764705882355,
        "y" : 60.0,
        "x_size" : 5.882352941176471,
        "y_size" : 20.0,
        "children" : [ ]
      } ]
    } ]
  }, {
    "x" : 55.88235294117648,
    "y" : 20.0,
    "x_size" : 5.882352941176471,
    "y_size" : 20.0,
    "children" : [ {
      "x" : 47.05882352941177,
      "y" : 40.0,
      "x_size" : 5.882352941176471,
      "y_size" : 20.0,
      "children" : [ {
        "x" : 41.1764705882353,
        "y" : 60.0,
        "x_size" : 5.882352941176471,
        "y_size" : 20.0,
        "children" : [ {
          "x" : 41.1764705882353,
          "y" : 80.0,
          "x_size" : 5.882352941176471,
          "y_size" : 20.0,
          "children" : [ {
            "x" : 41.1764705882353,
            "y" : 100.0,
            "x_size" : 5.882352941176471,
            "y_size" : 20.0,
            "children" : [ ]
          } ]
        } ]
      }, {
        "x" : 47.05882352941177,
        "y" : 60.0,
        "x_size" : 5.882352941176471,
        "y_size" : 20.0,
        "children" : [ ]
      }, {
        "x" : 52.94117647058824,
        "y" : 60.0,
        "x_size" : 5.882352941176471,
        "y_size" : 20.0,
        "children" : [ ]
      } ]
    }, {
      "x" : 52.94117647058824,
      "y" : 40.0,
      "x_size" : 5.882352941176471,
      "y_size" : 20.0,
      "children" : [ ]
    }, {
      "x" : 58.82352941176471,
      "y" : 40.0,
      "x_size" : 5.882352941176471,
      "y_size" : 20.0,
      "children" : [ ]
    }, {
      "x" : 64.70588235294119,
      "y" : 40.0,
      "x_size" : 5.882352941176471,
      "y_size" : 20.0,
      "children" : [ ]
    } ]
  }, {
    "x" : 86.76470588235294,
    "y" : 20.0,
    "x_size" : 5.882352941176471,
    "y_size" : 20.0,
    "children" : [ {
      "x" : 76.47058823529412,
      "y" : 40.0,
      "x_size" : 5.882352941176471,
      "y_size" : 20.0,
      "children" : [ {
        "x" : 73.52941176470588,
        "y" : 60.0,
        "x_size" : 5.882352941176471,
        "y_size" : 20.0,
        "children" : [ ]
      }, {
        "x" : 79.41176470588236,
        "y" : 60.0,
        "x_size" : 5.882352941176471,
        "y_size" : 20.0,
        "children" : [ ]
      } ]
    }, {
      "x" : 91.1764705882353,
      "y" : 40.0,
      "x_size" : 5.882352941176471,
      "y_size" : 20.0,
      "children" : [ {
        "x" : 91.1764705882353,
        "y" : 60.0,
        "x_size" : 5.882352941176471,
        "y_size" : 20.0,
        "children" : [ ]
      } ]
    }, {
      "x" : 97.05882352941177,
      "y" : 40.0,
      "x_size" : 5.882352941176471,
      "y_size" : 20.0,
      "children" : [ ]
    } ]
  }, {
    "x" : 108.82352941176471,
    "y" : 20.0,
    "x_size" : 5.882352941176471,
    "y_size" : 20.0,
    "children" : [ {
      "x" : 108.82352941176471,
      "y" : 40.0,
      "x_size" : 5.882352941176471,
      "y_size" : 20.0,
      "children" : [ ]
    } ]
  }, {
    "x" : 123.52941176470588,
    "y" : 20.0,
    "x_size" : 5.882352941176471,
    "y_size" : 20.0,
    "children" : [ {
      "x" : 120.58823529411765,
      "y" : 40.0,
      "x_size" : 5.882352941176471,
      "y_size" : 20.0,
      "children" : [ ]
    }, {
      "x" : 126.47058823529413,
      "y" : 40.0,
      "x_size" : 5.882352941176471,
      "y_size" : 20.0,
      "children" : [ {
        "x" : 126.47058823529413,
        "y" : 60.0,
        "x_size" : 5.882352941176471,
        "y_size" : 20.0,
        "children" : [ ]
      } ]
    } ]
  }, {
    "x" : 138.23529411764707,
    "y" : 20.0,
    "x_size" : 5.882352941176471,
    "y_size" : 20.0,
    "children" : [ {
      "x" : 138.23529411764707,
      "y" : 40.0,
      "x_size" : 5.882352941176471,
      "y_size" : 20.0,
      "children" : [ ]
    } ]
  }, {
    "x" : 150.0,
    "y" : 20.0,
    "x_size" : 5.882352941176471,
    "y_size" : 20.0,
    "children" : [ {
      "x" : 150.0,
      "y" : 40.0,
      "x_size" : 5.882352941176471,
      "y_size" : 20.0,
      "children" : [ {
        "x" : 150.0,
        "y" : 60.0,
        "x_size" : 5.882352941176471,
        "y_size" : 20.0,
        "children" : [ {
          "x" : 150.0,
          "y" : 80.0,
          "x_size" : 5.882352941176471,
          "y_size" : 20.0,
          "children" : [ ]
        } ]
      } ]
    } ]
  }, {
    "x" : 164.7058823529412,
    "y" : 20.0,
    "x_size" : 5.882352941176471,
    "y_size" : 20.0,
    "children" : [ {
      "x" : 161.76470588235296,
      "y" : 40.0,
      "x_size" : 5.882352941176471,
      "y_size" : 20.0,
      "children" : [ ]
    }, {
      "x" : 167.64705882352942,
      "y" : 40.0,
      "x_size" : 5.882352941176471,
      "y_size" : 20.0,
      "children" : [ ]
    } ]
  }, {
    "x" : 182.3529411764706,
    "y" : 20.0,
    "x_size" : 5.882352941176471,
    "y_size" : 20.0,
    "children" : [ {
      "x" : 179.41176470588238,
      "y" : 40.0,
      "x_size" : 5.882352941176471,
      "y_size" : 20.0,
      "children" : [ ]
    }, {
      "x" : 185.29411764705884,
      "y" : 40.0,
      "x_size" : 5.882352941176471,
      "y_size" : 20.0,
      "children" : [ {
        "x" : 185.29411764705884,
        "y" : 60.0,
        "x_size" : 5.882352941176471,
        "y_size" : 20.0,
        "children" : [ ]
      } ]
    } ]
  }, {
    "x" : 197.05882352941177,
    "y" : 20.0,
    "x_size" : 5.882352941176471,
    "y_size" : 20.0,
    "children" : [ {
      "x" : 197.05882352941177,
      "y" : 40.0,
      "x_size" : 5.882352941176471,
      "y_size" : 20.0,
      "children" : [ ]
    } ]
  } ]
}
