{
  "x" : 0.0,
  "y" : 0.0,
  "x_size" : 30.0,
  "y_size" : 30.0,
  "children" : [ {
    "x" : -150.0,
    "y" : 30.0,
    "x_size" : 30.0,
    "y_size" : 60.0,
    "children" : [ {
      "x" : -150.0,
      "y" : 90.0,
      "x_size" : 150.0,
      "y_size" : 30.0,
      "children" : [ ]
    } ]
  }, {
    "x" : -105.0,
    "y" : 30.0,
    "x_size" : 30.0,
    "y_size" : 30.0,
    "children" : [ ]
  }, {
    "x" : -60.0,
    "y" : 30.0,
    "x_size" : 30.0,
    "y_size" : 60.0,
    "children" : [ ]
  }, {
    "x" : 10.0,
    "y" : 30.0,
    "x_size" : 30.0,
    "y_size" : 30.0,
    "children" : [ ]
  }, {
    "x" : 80.0,
    "y" : 30.0,
    "x_size" : 30.0,
    "y_size" : 30.0,
    "children" : [ ]
  }, {
    "x" : 150.0,
    "y" : 30.0,
    "x_size" : 30.0,
    "y_size" : 30.0,
    "children" : [ {
      "x" : 75.0,
      "y" : 60.0,
      "x_size" : 150.0,
      "y_size" : 30.0,
      "children" : [ {
        "x" : 0.0,
        "y" : 90.0,
        "x_size" : 150.0,
        "y_size" : 30.0,
        "children" : [ ]
      }, {
        "x" : 150.0,
        "y" : 90.0,
        "x_size" : 150.0,
        "y_size" : 30.0,
        "children" : [ ]
      } ]
    }, {
      "x" : 225.0,
      "y" : 60.0,
      "x_size" : 150.0,
      "y_size" : 30.0,
      "children" : [ ]
    } ]
  } ]
}