{
  "x" : 0.5357142857142857,
  "y" : 0.0,
  "x_size" : 0.02857142857142857,
  "y_size" : 0.2,
  "children" : [ {
    "x" : 0.09999999999999999,
    "y" : 0.2,
    "x_size" : 0.02857142857142857,
    "y_size" : 0.2,
    "children" : [ {
      "x" : 0.05714285714285714,
      "y" : 0.4,
      "x_size" : 0.02857142857142857,
      "y_size" : 0.2,
      "children" : [ {
        "x" : 0.04285714285714286,
        "y" : 0.6000000000000001,
        "x_size" : 0.02857142857142857,
        "y_size" : 0.2,
        "children" : [ {
          "x" : 0.02857142857142857,
          "y" : 0.8,
          "x_size" : 0.02857142857142857,
          "y_size" : 0.2,
          "children" : [ {
            "x" : 0.02857142857142857,
            "y" : 1.0,
            "x_size" : 0.02857142857142857,
            "y_size" : 0.2,
            "children" : [ ]
          } ]
        }, {
          "x" : 0.05714285714285714,
          "y" : 0.8,
          "x_size" : 0.02857142857142857,
          "y_size" : 0.2,
          "children" : [ ]
        } ]
      }, {
        "x" : 0.07142857142857142,
        "y" : 0.6000000000000001,
        "x_size" : 0.02857142857142857,
        "y_size" : 0.2,
        "children" : [ ]
      } ]
    }, {
      "x" : 0.14285714285714285,
      "y" : 0.4,
      "x_size" : 0.02857142857142857,
      "y_size" : 0.2,
      "children" : [ {
        "x" : 0.12857142857142856,
        "y" : 0.6000000000000001,
        "x_size" : 0.02857142857142857,
        "y_size" : 0.2,
        "children" : [ {
          "x" : 0.12857142857142856,
          "y" : 0.8,
          "x_size" : 0.02857142857142857,
          "y_size" : 0.2,
          "children" : [ ]
        } ]
      }, {
        "x" : 0.15714285714285714,
        "y" : 0.6000000000000001,
        "x_size" : 0.02857142857142857,
        "y_size" : 0.2,
        "children" : [ ]
      } ]
    } ]
  }, {
    "x" : 0.2857142857142857,
    "y" : 0.2,
    "x_size" : 0.02857142857142857,
    "y_size" : 0.2,
    "children" : [ {
      "x" : 0.24285714285714285,
      "y" : 0.4,
      "x_size" : 0.02857142857142857,
      "y_size" : 0.2,
      "children" : [ {
        "x" : 0.21428571428571427,
        "y" : 0.6000000000000001,
        "x_size" : 0.02857142857142857,
        "y_size" : 0.2,
        "children" : [ {
          "x" : 0.21428571428571427,
          "y" : 0.8,
          "x_size" : 0.02857142857142857,
          "y_size" : 0.2,
          "children" : [ {
            "x" : 0.21428571428571427,
            "y" : 1.0,
            "x_size" : 0.02857142857142857,
            "y_size" : 0.2,
            "children" : [ ]
          } ]
        } ]
      }, {
        "x" : 0.24285714285714285,
        "y" : 0.6000000000000001,
        "x_size" : 0.02857142857142857,
        "y_size" : 0.2,
        "children" : [ ]
      }, {
        "x" : 0.2714285714285714,
        "y" : 0.6000000000000001,
        "x_size" : 0.02857142857142857,
        "y_size" : 0.2,
        "children" : [ ]
      } ]
    }, {
      "x" : 0.2714285714285714,
      "y" : 0.4,
      "x_size" : 0.02857142857142857,
      "y_size" : 0.2,
      "children" : [ ]
    }, {
      "x" : 0.3,
      "y" : 0.4,
      "x_size" : 0.02857142857142857,
      "y_size" : 0.2,
      "children" : [ ]
    }, {
      "x" : 0.32857142857142857,
      "y" : 0.4,
      "x_size" : 0.02857142857142857,
      "y_size" : 0.2,
      "children" : [ ]
    } ]
  }, {
    "x" : 0.4357142857142857,
    "y" : 0.2,
    "x_size" : 0.02857142857142857,
    "y_size" : 0.2,
    "children" : [ {
      "x" : 0.3857142857142857,
      "y" : 0.4,
      "x_size" : 0.02857142857142857,
      "y_size" : 0.2,
      "children" : [ {
        "x" : 0.37142857142857144,
        "y" : 0.6000000000000001,
        "x_size" : 0.02857142857142857,
        "y_size" : 0.2,
        "children" : [ ]
      }, {
        "x" : 0.39999999999999997,
        "y" : 0.6000000000000001,
        "x_size" : 0.02857142857142857,
        "y_size" : 0.2,
        "children" : [ ]
      } ]
    }, {
      "x" : 0.45714285714285713,
      "y" : 0.4,
      "x_size" : 0.02857142857142857,
      "y_size" : 0.2,
      "children" : [ {
        "x" : 0.45714285714285713,
        "y" : 0.6000000000000001,
        "x_size" : 0.02857142857142857,
        "y_size" : 0.2,
        "children" : [ ]
      } ]
    }, {
      "x" : 0.4857142857142857,
      "y" : 0.4,
      "x_size" : 0.02857142857142857,
      "y_size" : 0.2,
      "children" : [ ]
    } ]
  }, {
    "x" : 0.5428571428571428,
    "y" : 0.2,
    "x_size" : 0.02857142857142857,
    "y_size" : 0.2,
    "children" : [ {
      "x" : 0.5428571428571428,
      "y" : 0.4,
      "x_size" : 0.02857142857142857,
      "y_size" : 0.2,
      "children" : [ ]
    } ]
  }, {
    "x" : 0.6142857142857142,
    "y" : 0.2,
    "x_size" : 0.02857142857142857,
    "y_size" : 0.2,
    "children" : [ {
      "x" : 0.6,
      "y" : 0.4,
      "x_size" : 0.02857142857142857,
      "y_size" : 0.2,
      "children" : [ ]
    }, {
      "x" : 0.6285714285714286,
      "y" : 0.4,
      "x_size" : 0.02857142857142857,
      "y_size" : 0.2,
      "children" : [ {
        "x" : 0.6285714285714286,
        "y" : 0.6000000000000001,
        "x_size" : 0.02857142857142857,
        "y_size" : 0.2,
        "children" : [ ]
      } ]
    } ]
  }, {
    "x" : 0.6857142857142857,
    "y" : 0.2,
    "x_size" : 0.02857142857142857,
    "y_size" : 0.2,
    "children" : [ {
      "x" : 0.6857142857142857,
      "y" : 0.4,
      "x_size" : 0.02857142857142857,
      "y_size" : 0.2,
      "children" : [ ]
    } ]
  }, {
    "x" : 0.7428571428571429,
    "y" : 0.2,
    "x_size" : 0.02857142857142857,
    "y_size" : 0.2,
    "children" : [ {
      "x" : 0.7428571428571429,
      "y" : 0.4,
      "x_size" : 0.02857142857142857,
      "y_size" : 0.2,
      "children" : [ {
        "x" : 0.7428571428571429,
        "y" : 0.6000000000000001,
        "x_size" : 0.02857142857142857,
        "y_size" : 0.2,
        "children" : [ {
          "x" : 0.7428571428571429,
          "y" : 0.8,
          "x_size" : 0.02857142857142857,
          "y_size" : 0.2,
          "children" : [ ]
        } ]
      } ]
    } ]
  }, {
    "x" : 0.8142857142857143,
    "y" : 0.2,
    "x_size" : 0.02857142857142857,
    "y_size" : 0.2,
    "children" : [ {
      "x" : 0.7999999999999999,
      "y" : 0.4,
      "x_size" : 0.02857142857142857,
      "y_size" : 0.2,
      "children" : [ ]
    }, {
      "x" : 0.8285714285714285,
      "y" : 0.4,
      "x_size" : 0.02857142857142857,
      "y_size" : 0.2,
      "children" : [ ]
    } ]
  }, {
    "x" : 0.9,
    "y" : 0.2,
    "x_size" : 0.02857142857142857,
    "y_size" : 0.2,
    "children" : [ {
      "x" : 0.8857142857142857,
      "y" : 0.4,
      "x_size" : 0.02857142857142857,
      "y_size" : 0.2,
      "children" : [ ]
    }, {
      "x" : 0.9142857142857143,
      "y" : 0.4,
      "x_size" : 0.02857142857142857,
      "y_size" : 0.2,
      "children" : [ {
        "x" : 0.9142857142857143,
        "y" : 0.6000000000000001,
        "x_size" : 0.02857142857142857,
        "y_size" : 0.2,
        "children" : [ ]
      } ]
    } ]
  }, {
    "x" : 0.9714285714285714,
    "y" : 0.2,
    "x_size" : 0.02857142857142857,
    "y_size" : 0.2,
    "children" : [ {
      "x" : 0.9714285714285714,
      "y" : 0.4,
      "x_size" : 0.02857142857142857,
      "y_size" : 0.2,
      "children" : [ ]
    } ]
  } ]
}
