{
  "x" : 0.0,
  "y" : 0.0,
  "x_size" : 7.5,
  "y_size" : 7.5,
  "children" : [ {
    "x" : -278.3125,
    "y" : 7.5,
    "x_size" : 7.5,
    "y_size" : 9.5,
    "children" : [ {
      "x" : -291.5625,
      "y" : 17.0,
      "x_size" : 1.0,
      "y_size" : 9.0,
      "children" : [ {
        "x" : -291.5625,
        "y" : 26.0,
        "x_size" : 3.0,
        "y_size" : 10.0,
        "children" : [ {
          "x" : -292.5625,
          "y" : 36.0,
          "x_size" : 6.5,
          "y_size" : 3.5,
          "children" : [ ]
        }, {
          "x" : -288.3125,
          "y" : 36.0,
          "x_size" : 2.0,
          "y_size" : 4.5,
          "children" : [ ]
        } ]
      } ]
    }, {
      "x" : -282.3125,
      "y" : 17.0,
      "x_size" : 5.0,
      "y_size" : 10.0,
      "children" : [ {
        "x" : -286.3125,
        "y" : 27.0,
        "x_size" : 5.0,
        "y_size" : 4.5,
        "children" : [ ]
      }, {
        "x" : -282.3125,
        "y" : 27.0,
        "x_size" : 3.0,
        "y_size" : 4.5,
        "children" : [ {
          "x" : -282.3125,
          "y" : 31.5,
          "x_size" : 10.0,
          "y_size" : 9.0,
          "children" : [ ]
        } ]
      }, {
        "x" : -276.5625,
        "y" : 27.0,
        "x_size" : 1.5,
        "y_size" : 7.0,
        "children" : [ ]
      } ]
    }, {
      "x" : -272.3125,
      "y" : 17.0,
      "x_size" : 8.5,
      "y_size" : 7.0,
      "children" : [ {
        "x" : -272.3125,
        "y" : 24.0,
        "x_size" : 7.0,
        "y_size" : 6.0,
        "children" : [ {
          "x" : -272.3125,
          "y" : 30.0,
          "x_size" : 1.5,
          "y_size" : 7.5,
          "children" : [ {
            "x" : -272.3125,
            "y" : 37.5,
            "x_size" : 7.0,
            "y_size" : 6.0,
            "children" : [ {
              "x" : -272.3125,
              "y" : 43.5,
              "x_size" : 9.0,
              "y_size" : 2.0,
              "children" : [ ]
            } ]
          } ]
        } ]
      } ]
    }, {
      "x" : -266.3125,
      "y" : 17.0,
      "x_size" : 3.5,
      "y_size" : 4.5,
      "children" : [ ]
    } ]
  }, {
    "x" : -246.90625,
    "y" : 7.5,
    "x_size" : 7.0,
    "y_size" : 8.5,
    "children" : [ {
      "x" : -260.0625,
      "y" : 16.0,
      "x_size" : 9.0,
      "y_size" : 10.0,
      "children" : [ {
        "x" : -260.0625,
        "y" : 26.0,
        "x_size" : 6.5,
        "y_size" : 5.0,
        "children" : [ {
          "x" : -261.5625,
          "y" : 31.0,
          "x_size" : 5.5,
          "y_size" : 9.0,
          "children" : [ ]
        }, {
          "x" : -257.3125,
          "y" : 31.0,
          "x_size" : 3.0,
          "y_size" : 4.0,
          "children" : [ ]
        } ]
      } ]
    }, {
      "x" : -250.3125,
      "y" : 16.0,
      "x_size" : 8.0,
      "y_size" : 3.0,
      "children" : [ {
        "x" : -253.5625,
        "y" : 19.0,
        "x_size" : 4.0,
        "y_size" : 8.0,
        "children" : [ ]
      }, {
        "x" : -248.3125,
        "y" : 19.0,
        "x_size" : 6.5,
        "y_size" : 6.0,
        "children" : [ ]
      } ]
    }, {
      "x" : -234.25,
      "y" : 16.0,
      "x_size" : 10.0,
      "y_size" : 6.0,
      "children" : [ {
        "x" : -244.3125,
        "y" : 22.0,
        "x_size" : 1.5,
        "y_size" : 7.0,
        "children" : [ {
          "x" : -244.3125,
          "y" : 29.0,
          "x_size" : 5.5,
          "y_size" : 7.0,
          "children" : [ {
            "x" : -244.3125,
            "y" : 36.0,
            "x_size" : 8.5,
            "y_size" : 8.5,
            "children" : [ ]
          } ]
        } ]
      }, {
        "x" : -230.4375,
        "y" : 22.0,
        "x_size" : 3.0,
        "y_size" : 9.5,
        "children" : [ {
          "x" : -236.5625,
          "y" : 31.5,
          "x_size" : 2.5,
          "y_size" : 2.5,
          "children" : [ {
            "x" : -236.5625,
            "y" : 34.0,
            "x_size" : 10.0,
            "y_size" : 1.5,
            "children" : [ ]
          } ]
        }, {
          "x" : -227.3125,
          "y" : 31.5,
          "x_size" : 8.5,
          "y_size" : 6.5,
          "children" : [ ]
        } ]
      }, {
        "x" : -226.1875,
        "y" : 22.0,
        "x_size" : 5.5,
        "y_size" : 1.5,
        "children" : [ ]
      } ]
    } ]
  }, {
    "x" : -200.5625,
    "y" : 7.5,
    "x_size" : 7.0,
    "y_size" : 7.5,
    "children" : [ {
      "x" : -217.1875,
      "y" : 15.0,
      "x_size" : 9.0,
      "y_size" : 4.0,
      "children" : [ {
        "x" : -220.4375,
        "y" : 19.0,
        "x_size" : 6.0,
        "y_size" : 9.5,
        "children" : [ ]
      }, {
        "x" : -214.1875,
        "y" : 19.0,
        "x_size" : 6.5,
        "y_size" : 9.0,
        "children" : [ ]
      } ]
    }, {
      "x" : -208.6875,
      "y" : 15.0,
      "x_size" : 1.5,
      "y_size" : 10.0,
      "children" : [ {
        "x" : -208.6875,
        "y" : 25.0,
        "x_size" : 4.5,
        "y_size" : 7.5,
        "children" : [ {
          "x" : -208.6875,
          "y" : 32.5,
          "x_size" : 2.0,
          "y_size" : 4.5,
          "children" : [ {
            "x" : -208.6875,
            "y" : 37.0,
            "x_size" : 5.5,
            "y_size" : 7.0,
            "children" : [ ]
          } ]
        } ]
      } ]
    }, {
      "x" : -199.1875,
      "y" : 15.0,
      "x_size" : 5.5,
      "y_size" : 4.5,
      "children" : [ {
        "x" : -202.4375,
        "y" : 19.5,
        "x_size" : 8.0,
        "y_size" : 9.0,
        "children" : [ {
          "x" : -202.4375,
          "y" : 28.5,
          "x_size" : 2.5,
          "y_size" : 6.0,
          "children" : [ ]
        } ]
      }, {
        "x" : -195.1875,
        "y" : 19.5,
        "x_size" : 6.5,
        "y_size" : 7.0,
        "children" : [ ]
      } ]
    }, {
      "x" : -193.9375,
      "y" : 15.0,
      "x_size" : 2.5,
      "y_size" : 3.5,
      "children" : [ ]
    }, {
      "x" : -189.4375,
      "y" : 15.0,
      "x_size" : 4.0,
      "y_size" : 4.0,
      "children" : [ {
        "x" : -189.4375,
        "y" : 19.0,
        "x_size" : 5.0,
        "y_size" : 2.5,
        "children" : [ {
          "x" : -189.4375,
          "y" : 21.5,
          "x_size" : 3.0,
          "y_size" : 8.5,
          "children" : [ {
            "x" : -189.4375,
            "y" : 30.0,
            "x_size" : 6.0,
            "y_size" : 8.5,
            "children" : [ ]
          } ]
        } ]
      } ]
    }, {
      "x" : -183.1875,
      "y" : 15.0,
      "x_size" : 7.5,
      "y_size" : 6.0,
      "children" : [ {
        "x" : -183.1875,
        "y" : 21.0,
        "x_size" : 5.0,
        "y_size" : 6.5,
        "children" : [ ]
      } ]
    } ]
  }, {
    "x" : -164.5625,
    "y" : 7.5,
    "x_size" : 3.0,
    "y_size" : 4.0,
    "children" : [ {
      "x" : -174.1875,
      "y" : 11.5,
      "x_size" : 8.0,
      "y_size" : 8.0,
      "children" : [ {
        "x" : -174.9375,
        "y" : 19.5,
        "x_size" : 9.0,
        "y_size" : 8.0,
        "children" : [ {
          "x" : -174.9375,
          "y" : 27.5,
          "x_size" : 4.0,
          "y_size" : 5.0,
          "children" : [ {
            "x" : -174.9375,
            "y" : 32.5,
            "x_size" : 3.0,
            "y_size" : 7.5,
            "children" : [ ]
          } ]
        } ]
      }, {
        "x" : -169.6875,
        "y" : 19.5,
        "x_size" : 1.5,
        "y_size" : 8.0,
        "children" : [ ]
      } ]
    }, {
      "x" : -163.6875,
      "y" : 11.5,
      "x_size" : 8.0,
      "y_size" : 8.0,
      "children" : [ {
        "x" : -164.6875,
        "y" : 19.5,
        "x_size" : 8.5,
        "y_size" : 5.0,
        "children" : [ {
          "x" : -164.6875,
          "y" : 24.5,
          "x_size" : 1.0,
          "y_size" : 9.5,
          "children" : [ ]
        } ]
      }, {
        "x" : -159.4375,
        "y" : 19.5,
        "x_size" : 2.0,
        "y_size" : 9.0,
        "children" : [ ]
      } ]
    }, {
      "x" : -156.9375,
      "y" : 11.5,
      "x_size" : 3.0,
      "y_size" : 8.5,
      "children" : [ ]
    }, {
      "x" : -153.1875,
      "y" : 11.5,
      "x_size" : 4.5,
      "y_size" : 5.5,
      "children" : [ ]
    } ]
  }, {
    "x" : -127.0625,
    "y" : 7.5,
    "x_size" : 9.5,
    "y_size" : 6.5,
    "children" : [ {
      "x" : -146.6875,
      "y" : 14.0,
      "x_size" : 8.5,
      "y_size" : 4.5,
      "children" : [ {
        "x" : -146.6875,
        "y" : 18.5,
        "x_size" : 8.0,
        "y_size" : 5.0,
        "children" : [ ]
      } ]
    }, {
      "x" : -139.9375,
      "y" : 14.0,
      "x_size" : 2.5,
      "y_size" : 8.0,
      "children" : [ {
        "x" : -139.9375,
        "y" : 22.0,
        "x_size" : 5.5,
        "y_size" : 9.0,
        "children" : [ ]
      } ]
    }, {
      "x" : -136.9375,
      "y" : 14.0,
      "x_size" : 2.5,
      "y_size" : 1.0,
      "children" : [ {
        "x" : -136.9375,
        "y" : 15.0,
        "x_size" : 3.5,
        "y_size" : 3.5,
        "children" : [ ]
      } ]
    }, {
      "x" : -131.6875,
      "y" : 14.0,
      "x_size" : 7.0,
      "y_size" : 7.5,
      "children" : [ {
        "x" : -131.6875,
        "y" : 21.5,
        "x_size" : 1.0,
        "y_size" : 2.5,
        "children" : [ ]
      } ]
    }, {
      "x" : -126.6875,
      "y" : 14.0,
      "x_size" : 3.0,
      "y_size" : 8.5,
      "children" : [ ]
    }, {
      "x" : -121.6875,
      "y" : 14.0,
      "x_size" : 7.0,
      "y_size" : 2.5,
      "children" : [ ]
    }, {
      "x" : -116.6875,
      "y" : 14.0,
      "x_size" : 3.0,
      "y_size" : 3.5,
      "children" : [ ]
    }, {
      "x" : -110.6875,
      "y" : 14.0,
      "x_size" : 9.0,
      "y_size" : 6.0,
      "children" : [ ]
    }, {
      "x" : -104.6875,
      "y" : 14.0,
      "x_size" : 3.0,
      "y_size" : 1.5,
      "children" : [ ]
    } ]
  }, {
    "x" : -95.8125,
    "y" : 7.5,
    "x_size" : 2.0,
    "y_size" : 6.0,
    "children" : [ {
      "x" : -100.4375,
      "y" : 13.5,
      "x_size" : 5.5,
      "y_size" : 4.5,
      "children" : [ {
        "x" : -101.4375,
        "y" : 18.0,
        "x_size" : 9.0,
        "y_size" : 2.5,
        "children" : [ ]
      }, {
        "x" : -95.9375,
        "y" : 18.0,
        "x_size" : 2.0,
        "y_size" : 4.0,
        "children" : [ ]
      } ]
    }, {
      "x" : -90.9375,
      "y" : 13.5,
      "x_size" : 5.0,
      "y_size" : 8.0,
      "children" : [ {
        "x" : -90.9375,
        "y" : 21.5,
        "x_size" : 8.0,
        "y_size" : 2.5,
        "children" : [ {
          "x" : -90.9375,
          "y" : 24.0,
          "x_size" : 2.5,
          "y_size" : 7.0,
          "children" : [ ]
        } ]
      } ]
    } ]
  }, {
    "x" : -66.1875,
    "y" : 7.5,
    "x_size" : 2.0,
    "y_size" : 8.5,
    "children" : [ {
      "x" : -82.6875,
      "y" : 16.0,
      "x_size" : 7.0,
      "y_size" : 8.0,
      "children" : [ {
        "x" : -86.6875,
        "y" : 24.0,
        "x_size" : 4.0,
        "y_size" : 5.5,
        "children" : [ {
          "x" : -86.6875,
          "y" : 29.5,
          "x_size" : 6.0,
          "y_size" : 8.0,
          "children" : [ ]
        } ]
      }, {
        "x" : -80.6875,
        "y" : 24.0,
        "x_size" : 8.0,
        "y_size" : 5.0,
        "children" : [ ]
      } ]
    }, {
      "x" : -67.6875,
      "y" : 16.0,
      "x_size" : 6.5,
      "y_size" : 7.5,
      "children" : [ {
        "x" : -72.6875,
        "y" : 23.5,
        "x_size" : 8.0,
        "y_size" : 6.0,
        "children" : [ ]
      }, {
        "x" : -63.6875,
        "y" : 23.5,
        "x_size" : 10.0,
        "y_size" : 1.0,
        "children" : [ ]
      } ]
    }, {
      "x" : -49.4375,
      "y" : 16.0,
      "x_size" : 6.5,
      "y_size" : 3.0,
      "children" : [ {
        "x" : -53.9375,
        "y" : 19.0,
        "x_size" : 7.5,
        "y_size" : 3.5,
        "children" : [ {
          "x" : -53.9375,
          "y" : 22.5,
          "x_size" : 9.5,
          "y_size" : 9.5,
          "children" : [ ]
        } ]
      }, {
        "x" : -45.1875,
        "y" : 19.0,
        "x_size" : 8.0,
        "y_size" : 9.5,
        "children" : [ ]
      } ]
    } ]
  }, {
    "x" : -17.0625,
    "y" : 7.5,
    "x_size" : 9.5,
    "y_size" : 6.0,
    "children" : [ {
      "x" : -33.6875,
      "y" : 13.5,
      "x_size" : 5.0,
      "y_size" : 1.5,
      "children" : [ {
        "x" : -42.1875,
        "y" : 15.0,
        "x_size" : 2.0,
        "y_size" : 2.5,
        "children" : [ ]
      }, {
        "x" : -36.1875,
        "y" : 15.0,
        "x_size" : 10.0,
        "y_size" : 7.5,
        "children" : [ {
          "x" : -36.1875,
          "y" : 22.5,
          "x_size" : 4.0,
          "y_size" : 2.0,
          "children" : [ ]
        } ]
      }, {
        "x" : -29.4375,
        "y" : 15.0,
        "x_size" : 3.5,
        "y_size" : 9.0,
        "children" : [ ]
      }, {
        "x" : -25.9375,
        "y" : 15.0,
        "x_size" : 3.5,
        "y_size" : 4.5,
        "children" : [ ]
      } ]
    }, {
      "x" : -20.9375,
      "y" : 13.5,
      "x_size" : 5.5,
      "y_size" : 2.0,
      "children" : [ {
        "x" : -20.9375,
        "y" : 15.5,
        "x_size" : 6.5,
        "y_size" : 5.5,
        "children" : [ ]
      } ]
    }, {
      "x" : -15.1875,
      "y" : 13.5,
      "x_size" : 6.0,
      "y_size" : 2.0,
      "children" : [ ]
    }, {
      "x" : -9.9375,
      "y" : 13.5,
      "x_size" : 4.5,
      "y_size" : 4.0,
      "children" : [ {
        "x" : -9.9375,
        "y" : 17.5,
        "x_size" : 7.0,
        "y_size" : 3.0,
        "children" : [ ]
      } ]
    }, {
      "x" : -5.9375,
      "y" : 13.5,
      "x_size" : 1.0,
      "y_size" : 5.0,
      "children" : [ ]
    }, {
      "x" : -1.6875,
      "y" : 13.5,
      "x_size" : 7.5,
      "y_size" : 7.5,
      "children" : [ ]
    } ]
  }, {
    "x" : 20.4375,
    "y" : 7.5,
    "x_size" : 3.5,
    "y_size" : 9.0,
    "children" : [ {
      "x" : 4.8125,
      "y" : 16.5,
      "x_size" : 5.5,
      "y_size" : 6.0,
      "children" : [ ]
    }, {
      "x" : 15.4375,
      "y" : 16.5,
      "x_size" : 5.5,
      "y_size" : 1.5,
      "children" : [ {
        "x" : 10.8125,
        "y" : 18.0,
        "x_size" : 6.5,
        "y_size" : 5.5,
        "children" : [ {
          "x" : 8.3125,
          "y" : 23.5,
          "x_size" : 3.0,
          "y_size" : 1.5,
          "children" : [ {
            "x" : 8.3125,
            "y" : 25.0,
            "x_size" : 4.5,
            "y_size" : 8.0,
            "children" : [ ]
          } ]
        }, {
          "x" : 14.0625,
          "y" : 23.5,
          "x_size" : 1.5,
          "y_size" : 4.5,
          "children" : [ {
            "x" : 14.0625,
            "y" : 28.0,
            "x_size" : 7.0,
            "y_size" : 6.0,
            "children" : [ ]
          } ]
        } ]
      }, {
        "x" : 19.8125,
        "y" : 18.0,
        "x_size" : 7.0,
        "y_size" : 5.0,
        "children" : [ {
          "x" : 19.8125,
          "y" : 23.0,
          "x_size" : 4.5,
          "y_size" : 7.5,
          "children" : [ ]
        } ]
      } ]
    }, {
      "x" : 28.0625,
      "y" : 16.5,
      "x_size" : 9.5,
      "y_size" : 6.5,
      "children" : [ {
        "x" : 28.0625,
        "y" : 23.0,
        "x_size" : 5.5,
        "y_size" : 9.5,
        "children" : [ ]
      } ]
    }, {
      "x" : 35.8125,
      "y" : 16.5,
      "x_size" : 6.0,
      "y_size" : 5.5,
      "children" : [ ]
    } ]
  }, {
    "x" : 62.5625,
    "y" : 7.5,
    "x_size" : 10.0,
    "y_size" : 5.5,
    "children" : [ {
      "x" : 48.0625,
      "y" : 13.0,
      "x_size" : 4.0,
      "y_size" : 3.0,
      "children" : [ {
        "x" : 43.5625,
        "y" : 16.0,
        "x_size" : 9.5,
        "y_size" : 2.0,
        "children" : [ ]
      }, {
        "x" : 52.8125,
        "y" : 16.0,
        "x_size" : 9.0,
        "y_size" : 5.5,
        "children" : [ ]
      } ]
    }, {
      "x" : 63.3125,
      "y" : 13.0,
      "x_size" : 7.0,
      "y_size" : 5.0,
      "children" : [ {
        "x" : 61.3125,
        "y" : 18.0,
        "x_size" : 8.0,
        "y_size" : 10.0,
        "children" : [ {
          "x" : 61.3125,
          "y" : 28.0,
          "x_size" : 6.0,
          "y_size" : 8.5,
          "children" : [ ]
        } ]
      }, {
        "x" : 66.0625,
        "y" : 18.0,
        "x_size" : 1.5,
        "y_size" : 8.5,
        "children" : [ ]
      }, {
        "x" : 68.0625,
        "y" : 18.0,
        "x_size" : 2.5,
        "y_size" : 7.5,
        "children" : [ ]
      } ]
    }, {
      "x" : 76.0625,
      "y" : 13.0,
      "x_size" : 6.0,
      "y_size" : 5.5,
      "children" : [ {
        "x" : 72.5625,
        "y" : 18.5,
        "x_size" : 6.5,
        "y_size" : 1.5,
        "children" : [ ]
      }, {
        "x" : 79.3125,
        "y" : 18.5,
        "x_size" : 7.0,
        "y_size" : 7.0,
        "children" : [ ]
      } ]
    } ]
  }, {
    "x" : 124.5625,
    "y" : 7.5,
    "x_size" : 3.5,
    "y_size" : 6.5,
    "children" : [ {
      "x" : 96.3125,
      "y" : 14.0,
      "x_size" : 3.5,
      "y_size" : 2.5,
      "children" : [ {
        "x" : 87.8125,
        "y" : 16.5,
        "x_size" : 10.0,
        "y_size" : 8.0,
        "children" : [ ]
      }, {
        "x" : 97.3125,
        "y" : 16.5,
        "x_size" : 8.0,
        "y_size" : 7.5,
        "children" : [ {
          "x" : 97.3125,
          "y" : 24.0,
          "x_size" : 9.0,
          "y_size" : 2.0,
          "children" : [ ]
        } ]
      }, {
        "x" : 105.8125,
        "y" : 16.5,
        "x_size" : 8.0,
        "y_size" : 8.5,
        "children" : [ {
          "x" : 105.8125,
          "y" : 25.0,
          "x_size" : 6.5,
          "y_size" : 1.5,
          "children" : [ ]
        } ]
      } ]
    }, {
      "x" : 117.3125,
      "y" : 14.0,
      "x_size" : 2.5,
      "y_size" : 7.5,
      "children" : [ {
        "x" : 114.5625,
        "y" : 21.5,
        "x_size" : 9.5,
        "y_size" : 4.5,
        "children" : [ {
          "x" : 114.5625,
          "y" : 26.0,
          "x_size" : 8.0,
          "y_size" : 9.5,
          "children" : [ ]
        } ]
      }, {
        "x" : 122.0625,
        "y" : 21.5,
        "x_size" : 5.5,
        "y_size" : 6.5,
        "children" : [ ]
      } ]
    }, {
      "x" : 134.0625,
      "y" : 14.0,
      "x_size" : 6.0,
      "y_size" : 3.5,
      "children" : [ {
        "x" : 129.3125,
        "y" : 17.5,
        "x_size" : 9.0,
        "y_size" : 5.0,
        "children" : [ {
          "x" : 129.3125,
          "y" : 22.5,
          "x_size" : 2.0,
          "y_size" : 6.0,
          "children" : [ ]
        } ]
      }, {
        "x" : 138.5625,
        "y" : 17.5,
        "x_size" : 9.5,
        "y_size" : 4.5,
        "children" : [ {
          "x" : 138.5625,
          "y" : 22.0,
          "x_size" : 1.0,
          "y_size" : 8.0,
          "children" : [ ]
        } ]
      } ]
    }, {
      "x" : 145.5625,
      "y" : 14.0,
      "x_size" : 3.5,
      "y_size" : 1.0,
      "children" : [ {
        "x" : 145.5625,
        "y" : 15.0,
        "x_size" : 4.5,
        "y_size" : 9.5,
        "children" : [ {
          "x" : 145.5625,
          "y" : 24.5,
          "x_size" : 2.5,
          "y_size" : 4.0,
          "children" : [ ]
        } ]
      } ]
    }, {
      "x" : 151.3125,
      "y" : 14.0,
      "x_size" : 6.5,
      "y_size" : 7.5,
      "children" : [ {
        "x" : 151.3125,
        "y" : 21.5,
        "x_size" : 7.0,
        "y_size" : 6.0,
        "children" : [ ]
      } ]
    } ]
  }, {
    "x" : 167.1875,
    "y" : 7.5,
    "x_size" : 8.5,
    "y_size" : 8.5,
    "children" : [ {
      "x" : 161.3125,
      "y" : 16.0,
      "x_size" : 4.5,
      "y_size" : 7.5,
      "children" : [ {
        "x" : 159.0625,
        "y" : 23.5,
        "x_size" : 8.5,
        "y_size" : 5.5,
        "children" : [ {
          "x" : 159.0625,
          "y" : 29.0,
          "x_size" : 4.5,
          "y_size" : 5.5,
          "children" : [ ]
        } ]
      }, {
        "x" : 166.5625,
        "y" : 23.5,
        "x_size" : 2.5,
        "y_size" : 4.5,
        "children" : [ {
          "x" : 166.5625,
          "y" : 28.0,
          "x_size" : 6.5,
          "y_size" : 10.0,
          "children" : [ ]
        } ]
      } ]
    }, {
      "x" : 174.5625,
      "y" : 16.0,
      "x_size" : 1.5,
      "y_size" : 9.5,
      "children" : [ {
        "x" : 174.5625,
        "y" : 25.5,
        "x_size" : 9.5,
        "y_size" : 3.0,
        "children" : [ ]
      } ]
    } ]
  }, {
    "x" : 194.3125,
    "y" : 7.5,
    "x_size" : 6.0,
    "y_size" : 4.0,
    "children" : [ {
      "x" : 180.8125,
      "y" : 11.5,
      "x_size" : 8.5,
      "y_size" : 9.0,
      "children" : [ {
        "x" : 180.8125,
        "y" : 20.5,
        "x_size" : 3.0,
        "y_size" : 10.0,
        "children" : [ ]
      } ]
    }, {
      "x" : 188.8125,
      "y" : 11.5,
      "x_size" : 7.5,
      "y_size" : 9.5,
      "children" : [ {
        "x" : 188.8125,
        "y" : 21.0,
        "x_size" : 9.0,
        "y_size" : 4.0,
        "children" : [ ]
      } ]
    }, {
      "x" : 195.5625,
      "y" : 11.5,
      "x_size" : 1.0,
      "y_size" : 2.5,
      "children" : [ {
        "x" : 195.5625,
        "y" : 14.0,
        "x_size" : 2.5,
        "y_size" : 10.0,
        "children" : [ {
          "x" : 195.5625,
          "y" : 24.0,
          "x_size" : 4.5,
          "y_size" : 4.5,
          "children" : [ {
            "x" : 195.5625,
            "y" : 28.5,
            "x_size" : 4.5,
            "y_size" : 4.0,
            "children" : [ ]
          } ]
        } ]
      } ]
    }, {
      "x" : 200.0625,
      "y" : 11.5,
      "x_size" : 6.0,
      "y_size" : 9.0,
      "children" : [ {
        "x" : 200.0625,
        "y" : 20.5,
        "x_size" : 4.5,
        "y_size" : 4.5,
        "children" : [ ]
      } ]
    }, {
      "x" : 207.5625,
      "y" : 11.5,
      "x_size" : 9.0,
      "y_size" : 5.0,
      "children" : [ ]
    } ]
  }, {
    "x" : 216.9375,
    "y" : 7.5,
    "x_size" : 3.5,
    "y_size" : 2.5,
    "children" : [ {
      "x" : 215.5625,
      "y" : 10.0,
      "x_size" : 7.0,
      "y_size" : 9.0,
      "children" : [ {
        "x" : 215.5625,
        "y" : 19.0,
        "x_size" : 8.0,
        "y_size" : 9.5,
        "children" : [ ]
      } ]
    }, {
      "x" : 220.8125,
      "y" : 10.0,
      "x_size" : 2.0,
      "y_size" : 9.5,
      "children" : [ {
        "x" : 220.8125,
        "y" : 19.5,
        "x_size" : 2.5,
        "y_size" : 1.5,
        "children" : [ {
          "x" : 220.8125,
          "y" : 21.0,
          "x_size" : 2.5,
          "y_size" : 6.5,
          "children" : [ ]
        } ]
      } ]
    } ]
  }, {
    "x" : 233.5625,
    "y" : 7.5,
    "x_size" : 8.5,
    "y_size" : 2.0,
    "children" : [ {
      "x" : 226.3125,
      "y" : 9.5,
      "x_size" : 9.0,
      "y_size" : 6.5,
      "children" : [ ]
    }, {
      "x" : 234.0625,
      "y" : 9.5,
      "x_size" : 6.5,
      "y_size" : 5.0,
      "children" : [ ]
    }, {
      "x" : 241.8125,
      "y" : 9.5,
      "x_size" : 7.0,
      "y_size" : 4.0,
      "children" : [ {
        "x" : 241.8125,
        "y" : 13.5,
        "x_size" : 9.0,
        "y_size" : 5.0,
        "children" : [ ]
      } ]
    } ]
  }, {
    "x" : 259.8125,
    "y" : 7.5,
    "x_size" : 5.0,
    "y_size" : 4.5,
    "children" : [ {
      "x" : 254.5625,
      "y" : 12.0,
      "x_size" : 3.5,
      "y_size" : 4.0,
      "children" : [ {
        "x" : 249.8125,
        "y" : 16.0,
        "x_size" : 7.0,
        "y_size" : 3.5,
        "children" : [ {
          "x" : 249.8125,
          "y" : 19.5,
          "x_size" : 10.0,
          "y_size" : 7.5,
          "children" : [ ]
        } ]
      }, {
        "x" : 258.0625,
        "y" : 16.0,
        "x_size" : 9.5,
        "y_size" : 1.5,
        "children" : [ ]
      } ]
    }, {
      "x" : 264.8125,
      "y" : 12.0,
      "x_size" : 4.0,
      "y_size" : 9.0,
      "children" : [ ]
    } ]
  }, {
    "x" : 270.0625,
    "y" : 7.5,
    "x_size" : 6.0,
    "y_size" : 4.0,
    "children" : [ {
      "x" : 270.0625,
      "y" : 11.5,
      "x_size" : 6.5,
      "y_size" : 9.0,
      "children" : [ ]
    } ]
  }, {
    "x" : 275.5625,
    "y" : 7.5,
    "x_size" : 5.0,
    "y_size" : 3.0,
    "children" : [ ]
  }, {
    "x" : 280.0625,
    "y" : 7.5,
    "x_size" : 4.0,
    "y_size" : 6.0,
    "children" : [ {
      "x" : 280.0625,
      "y" : 13.5,
      "x_size" : 4.0,
      "y_size" : 2.0,
      "children" : [ ]
    } ]
  } ]
}