{
  "x" : 107.14285714285714,
  "y" : 0.0,
  "x_size" : 5.714285714285714,
  "y_size" : 20.0,
  "children" : [ {
    "x" : 20.0,
    "y" : 20.0,
    "x_size" : 5.714285714285714,
    "y_size" : 20.0,
    "children" : [ {
      "x" : 11.428571428571429,
      "y" : 40.0,
      "x_size" : 5.714285714285714,
      "y_size" : 20.0,
      "children" : [ {
        "x" : 8.571428571428571,
        "y" : 60.0,
        "x_size" : 5.714285714285714,
        "y_size" : 20.0,
        "children" : [ {
          "x" : 5.714285714285714,
          "y" : 80.0,
          "x_size" : 5.714285714285714,
          "y_size" : 20.0,
          "children" : [ {
            "x" : 5.714285714285714,
            "y" : 100.0,
            "x_size" : 5.714285714285714,
            "y_size" : 20.0,
            "children" : [ ]
          } ]
        }, {
          "x" : 11.428571428571429,
          "y" : 80.0,
          "x_size" : 5.714285714285714,
          "y_size" : 20.0,
          "children" : [ ]
        } ]
      }, {
        "x" : 14.285714285714286,
        "y" : 60.0,
        "x_size" : 5.714285714285714,
        "y_size" : 20.0,
        "children" : [ ]
      } ]
    }, {
      "x" : 28.571428571428573,
      "y" : 40.0,
      "x_size" : 5.714285714285714,
      "y_size" : 20.0,
      "children" : [ {
        "x" : 25.714285714285715,
        "y" : 60.0,
        "x_size" : 5.714285714285714,
        "y_size" : 20.0,
        "children" : [ {
          "x" : 25.714285714285715,
          "y" : 80.0,
          "x_size" : 5.714285714285714,
          "y_size" : 20.0,
          "children" : [ ]
        } ]
      }, {
        "x" : 31.42857142857143,
        "y" : 60.0,
        "x_size" : 5.714285714285714,
        "y_size" : 20.0,
        "children" : [ ]
      } ]
    } ]
  }, {
    "x" : 57.142857142857146,
    "y" : 20.0,
    "x_size" : 5.714285714285714,
    "y_size" : 20.0,
    "children" : [ {
      "x" : 48.57142857142857,
      "y" : 40.0,
      "x_size" : 5.714285714285714,
      "y_size" : 20.0,
      "children" : [ {
        "x" : 42.85714285714286,
        "y" : 60.0,
        "x_size" : 5.714285714285714,
        "y_size" : 20.0,
        "children" : [ {
          "x" : 42.85714285714286,
          "y" : 80.0,
          "x_size" : 5.714285714285714,
          "y_size" : 20.0,
          "children" : [ {
            "x" : 42.85714285714286,
            "y" : 100.0,
            "x_size" : 5.714285714285714,
            "y_size" : 20.0,
            "children" : [ ]
          } ]
        } ]
      }, {
        "x" : 48.57142857142857,
        "y" : 60.0,
        "x_size" : 5.714285714285714,
        "y_size" : 20.0,
        "children" : [ ]
      }, {
        "x" : 54.285714285714285,
        "y" : 60.0,
        "x_size" : 5.714285714285714,
        "y_size" : 20.0,
        "children" : [ ]
      } ]
    }, {
      "x" : 54.285714285714285,
      "y" : 40.0,
      "x_size" : 5.714285714285714,
      "y_size" : 20.0,
      "children" : [ ]
    }, {
      "x" : 60.0,
      "y" : 40.0,
      "x_size" : 5.714285714285714,
      "y_size" : 20.0,
      "children" : [ ]
    }, {
      "x" : 65.71428571428572,
      "y" : 40.0,
      "x_size" : 5.714285714285714,
      "y_size" : 20.0,
      "children" : [ ]
    } ]
  }, {
    "x" : 87.14285714285714,
    "y" : 20.0,
    "x_size" : 5.714285714285714,
    "y_size" : 20.0,
    "children" : [ {
      "x" : 77.14285714285714,
      "y" : 40.0,
      "x_size" : 5.714285714285714,
      "y_size" : 20.0,
      "children" : [ {
        "x" : 74.28571428571429,
        "y" : 60.0,
        "x_size" : 5.714285714285714,
        "y_size" : 20.0,
        "children" : [ ]
      }, {
        "x" : 80.0,
        "y" : 60.0,
        "x_size" : 5.714285714285714,
        "y_size" : 20.0,
        "children" : [ ]
      } ]
    }, {
      "x" : 91.42857142857143,
      "y" : 40.0,
      "x_size" : 5.714285714285714,
      "y_size" : 20.0,
      "children" : [ {
        "x" : 91.42857142857143,
        "y" : 60.0,
        "x_size" : 5.714285714285714,
        "y_size" : 20.0,
        "children" : [ ]
      } ]
    }, {
      "x" : 97.14285714285714,
      "y" : 40.0,
      "x_size" : 5.714285714285714,
      "y_size" : 20.0,
      "children" : [ ]
    } ]
  }, {
    "x" : 108.57142857142857,
    "y" : 20.0,
    "x_size" : 5.714285714285714,
    "y_size" : 20.0,
    "children" : [ {
      "x" : 108.57142857142857,
      "y" : 40.0,
      "x_size" : 5.714285714285714,
      "y_size" : 20.0,
      "children" : [ ]
    } ]
  }, {
    "x" : 122.85714285714286,
    "y" : 20.0,
    "x_size" : 5.714285714285714,
    "y_size" : 20.0,
    "children" : [ {
      "x" : 120.0,
      "y" : 40.0,
      "x_size" : 5.714285714285714,
      "y_size" : 20.0,
      "children" : [ ]
    }, {
      "x" : 125.71428571428572,
      "y" : 40.0,
      "x_size" : 5.714285714285714,
      "y_size" : 20.0,
      "children" : [ {
        "x" : 125.71428571428572,
        "y" : 60.0,
        "x_size" : 5.714285714285714,
        "y_size" : 20.0,
        "children" : [ ]
      } ]
    } ]
  }, {
    "x" : 137.14285714285714,
    "y" : 20.0,
    "x_size" : 5.714285714285714,
    "y_size" : 20.0,
    "children" : [ {
      "x" : 137.14285714285714,
      "y" : 40.0,
      "x_size" : 5.714285714285714,
      "y_size" : 20.0,
      "children" : [ ]
    } ]
  }, {
    "x" : 148.57142857142858,
    "y" : 20.0,
    "x_size" : 5.714285714285714,
    "y_size" : 20.0,
    "children" : [ {
      "x" : 148.57142857142858,
      "y" : 40.0,
      "x_size" : 5.714285714285714,
      "y_size" : 20.0,
      "children" : [ {
        "x" : 148.57142857142858,
        "y" : 60.0,
        "x_size" : 5.714285714285714,
        "y_size" : 20.0,
        "children" : [ {
          "x" : 148.57142857142858,
          "y" : 80.0,
          "x_size" : 5.714285714285714,
          "y_size" : 20.0,
          "children" : [ ]
        } ]
      } ]
    } ]
  }, {
    "x" : 162.85714285714286,
    "y" : 20.0,
    "x_size" : 5.714285714285714,
    "y_size" : 20.0,
    "children" : [ {
      "x" : 160.0,
      "y" : 40.0,
      "x_size" : 5.714285714285714,
      "y_size" : 20.0,
      "children" : [ ]
    }, {
      "x" : 165.71428571428572,
      "y" : 40.0,
      "x_size" : 5.714285714285714,
      "y_size" : 20.0,
      "children" : [ ]
    } ]
  }, {
    "x" : 180.0,
    "y" : 20.0,
    "x_size" : 5.714285714285714,
    "y_size" : 20.0,
    "children" : [ {
      "x" : 177.14285714285714,
      "y" : 40.0,
      "x_size" : 5.714285714285714,
      "y_size" : 20.0,
      "children" : [ ]
    }, {
      "x" : 182.85714285714286,
      "y" : 40.0,
      "x_size" : 5.714285714285714,
      "y_size" : 20.0,
      "children" : [ {
        "x" : 182.85714285714286,
        "y" : 60.0,
        "x_size" : 5.714285714285714,
        "y_size" : 20.0,
        "children" : [ ]
      } ]
    } ]
  }, {
    "x" : 194.28571428571428,
    "y" : 20.0,
    "x_size" : 5.714285714285714,
    "y_size" : 20.0,
    "children" : [ {
      "x" : 194.28571428571428,
      "y" : 40.0,
      "x_size" : 5.714285714285714,
      "y_size" : 20.0,
      "children" : [ ]
    } ]
  } ]
}
