{
  "x" : 0.0,
  "y" : 0.0,
  "x_size" : 7.5,
  "y_size" : 7.0,
  "children" : [ {
    "x" : -254.375,
    "y" : 7.0,
    "x_size" : 4.0,
    "y_size" : 3.5,
    "children" : [ {
      "x" : -281.125,
      "y" : 10.5,
      "x_size" : 2.0,
      "y_size" : 5.0,
      "children" : [ {
        "x" : -281.125,
        "y" : 15.5,
        "x_size" : 8.5,
        "y_size" : 4.0,
        "children" : [ {
          "x" : -281.125,
          "y" : 19.5,
          "x_size" : 4.5,
          "y_size" : 4.5,
          "children" : [ ]
        } ]
      } ]
    }, {
      "x" : -270.125,
      "y" : 10.5,
      "x_size" : 9.5,
      "y_size" : 8.0,
      "children" : [ {
        "x" : -275.125,
        "y" : 18.5,
        "x_size" : 3.5,
        "y_size" : 2.5,
        "children" : [ ]
      }, {
        "x" : -268.375,
        "y" : 18.5,
        "x_size" : 10.0,
        "y_size" : 2.0,
        "children" : [ ]
      } ]
    }, {
      "x" : -252.875,
      "y" : 10.5,
      "x_size" : 8.0,
      "y_size" : 7.0,
      "children" : [ {
        "x" : -259.125,
        "y" : 17.5,
        "x_size" : 8.5,
        "y_size" : 3.5,
        "children" : [ {
          "x" : -259.125,
          "y" : 21.0,
          "x_size" : 3.5,
          "y_size" : 7.0,
          "children" : [ ]
        } ]
      }, {
        "x" : -252.875,
        "y" : 17.5,
        "x_size" : 3.0,
        "y_size" : 1.0,
        "children" : [ {
          "x" : -252.875,
          "y" : 18.5,
          "x_size" : 4.0,
          "y_size" : 2.5,
          "children" : [ ]
        } ]
      }, {
        "x" : -247.875,
        "y" : 17.5,
        "x_size" : 6.0,
        "y_size" : 2.5,
        "children" : [ ]
      }, {
        "x" : -243.625,
        "y" : 17.5,
        "x_size" : 2.5,
        "y_size" : 7.5,
        "children" : [ ]
      } ]
    }, {
      "x" : -237.875,
      "y" : 10.5,
      "x_size" : 9.5,
      "y_size" : 2.5,
      "children" : [ {
        "x" : -237.875,
        "y" : 13.0,
        "x_size" : 9.0,
        "y_size" : 9.5,
        "children" : [ ]
      } ]
    }, {
      "x" : -229.875,
      "y" : 10.5,
      "x_size" : 6.5,
      "y_size" : 5.5,
      "children" : [ ]
    } ]
  }, {
    "x" : -188.625,
    "y" : 7.0,
    "x_size" : 7.0,
    "y_size" : 8.0,
    "children" : [ {
      "x" : -224.625,
      "y" : 15.0,
      "x_size" : 4.0,
      "y_size" : 3.5,
      "children" : [ {
        "x" : -224.625,
        "y" : 18.5,
        "x_size" : 3.0,
        "y_size" : 6.0,
        "children" : [ {
          "x" : -228.875,
          "y" : 24.5,
          "x_size" : 3.0,
          "y_size" : 9.0,
          "children" : [ ]
        }, {
          "x" : -223.125,
          "y" : 24.5,
          "x_size" : 8.5,
          "y_size" : 6.5,
          "children" : [ ]
        } ]
      } ]
    }, {
      "x" : -209.125,
      "y" : 15.0,
      "x_size" : 5.0,
      "y_size" : 10.0,
      "children" : [ {
        "x" : -215.625,
        "y" : 25.0,
        "x_size" : 3.5,
        "y_size" : 5.0,
        "children" : [ {
          "x" : -215.625,
          "y" : 30.0,
          "x_size" : 6.5,
          "y_size" : 3.0,
          "children" : [ ]
        } ]
      }, {
        "x" : -210.125,
        "y" : 25.0,
        "x_size" : 7.5,
        "y_size" : 1.5,
        "children" : [ ]
      }, {
        "x" : -203.625,
        "y" : 25.0,
        "x_size" : 5.5,
        "y_size" : 5.0,
        "children" : [ ]
      } ]
    }, {
      "x" : -195.875,
      "y" : 15.0,
      "x_size" : 8.0,
      "y_size" : 2.5,
      "children" : [ {
        "x" : -203.375,
        "y" : 17.5,
        "x_size" : 6.5,
        "y_size" : 6.5,
        "children" : [ ]
      }, {
        "x" : -197.625,
        "y" : 17.5,
        "x_size" : 5.0,
        "y_size" : 5.5,
        "children" : [ ]
      }, {
        "x" : -191.625,
        "y" : 17.5,
        "x_size" : 7.0,
        "y_size" : 9.5,
        "children" : [ {
          "x" : -191.625,
          "y" : 27.0,
          "x_size" : 3.5,
          "y_size" : 3.0,
          "children" : [ ]
        } ]
      }, {
        "x" : -186.625,
        "y" : 17.5,
        "x_size" : 3.0,
        "y_size" : 2.0,
        "children" : [ ]
      } ]
    }, {
      "x" : -176.375,
      "y" : 15.0,
      "x_size" : 5.5,
      "y_size" : 4.0,
      "children" : [ {
        "x" : -180.625,
        "y" : 19.0,
        "x_size" : 9.0,
        "y_size" : 7.0,
        "children" : [ {
          "x" : -180.625,
          "y" : 26.0,
          "x_size" : 7.0,
          "y_size" : 5.0,
          "children" : [ ]
        } ]
      }, {
        "x" : -171.875,
        "y" : 19.0,
        "x_size" : 8.5,
        "y_size" : 8.5,
        "children" : [ ]
      } ]
    }, {
      "x" : -165.125,
      "y" : 15.0,
      "x_size" : 5.0,
      "y_size" : 6.5,
      "children" : [ {
        "x" : -165.125,
        "y" : 21.5,
        "x_size" : 1.5,
        "y_size" : 9.5,
        "children" : [ ]
      } ]
    }, {
      "x" : -158.375,
      "y" : 15.0,
      "x_size" : 2.5,
      "y_size" : 2.0,
      "children" : [ {
        "x" : -158.375,
        "y" : 17.0,
        "x_size" : 8.5,
        "y_size" : 1.5,
        "children" : [ ]
      } ]
    }, {
      "x" : -152.375,
      "y" : 15.0,
      "x_size" : 3.5,
      "y_size" : 2.5,
      "children" : [ ]
    } ]
  }, {
    "x" : -120.875,
    "y" : 7.0,
    "x_size" : 9.5,
    "y_size" : 5.0,
    "children" : [ {
      "x" : -146.125,
      "y" : 12.0,
      "x_size" : 2.5,
      "y_size" : 3.5,
      "children" : [ {
        "x" : -146.125,
        "y" : 15.5,
        "x_size" : 9.0,
        "y_size" : 4.5,
        "children" : [ {
          "x" : -147.875,
          "y" : 20.0,
          "x_size" : 7.0,
          "y_size" : 5.0,
          "children" : [ {
            "x" : -147.875,
            "y" : 25.0,
            "x_size" : 3.0,
            "y_size" : 7.5,
            "children" : [ ]
          } ]
        }, {
          "x" : -142.625,
          "y" : 20.0,
          "x_size" : 3.5,
          "y_size" : 5.5,
          "children" : [ ]
        } ]
      } ]
    }, {
      "x" : -126.75,
      "y" : 12.0,
      "x_size" : 4.0,
      "y_size" : 5.0,
      "children" : [ {
        "x" : -132.125,
        "y" : 17.0,
        "x_size" : 9.0,
        "y_size" : 5.5,
        "children" : [ {
          "x" : -136.875,
          "y" : 22.5,
          "x_size" : 8.0,
          "y_size" : 6.5,
          "children" : [ ]
        }, {
          "x" : -130.875,
          "y" : 22.5,
          "x_size" : 4.0,
          "y_size" : 6.0,
          "children" : [ ]
        }, {
          "x" : -126.125,
          "y" : 22.5,
          "x_size" : 5.5,
          "y_size" : 7.0,
          "children" : [ ]
        } ]
      }, {
        "x" : -120.125,
        "y" : 17.0,
        "x_size" : 6.5,
        "y_size" : 8.5,
        "children" : [ ]
      } ]
    }, {
      "x" : -111.125,
      "y" : 12.0,
      "x_size" : 1.5,
      "y_size" : 2.5,
      "children" : [ {
        "x" : -111.125,
        "y" : 14.5,
        "x_size" : 9.5,
        "y_size" : 4.5,
        "children" : [ {
          "x" : -113.125,
          "y" : 19.0,
          "x_size" : 7.5,
          "y_size" : 5.0,
          "children" : [ ]
        }, {
          "x" : -107.375,
          "y" : 19.0,
          "x_size" : 4.0,
          "y_size" : 5.0,
          "children" : [ ]
        } ]
      } ]
    }, {
      "x" : -100.625,
      "y" : 12.0,
      "x_size" : 7.0,
      "y_size" : 6.0,
      "children" : [ {
        "x" : -103.375,
        "y" : 18.0,
        "x_size" : 4.0,
        "y_size" : 8.0,
        "children" : [ {
          "x" : -103.375,
          "y" : 26.0,
          "x_size" : 5.5,
          "y_size" : 8.5,
          "children" : [ ]
        } ]
      }, {
        "x" : -98.625,
        "y" : 18.0,
        "x_size" : 5.5,
        "y_size" : 6.0,
        "children" : [ ]
      } ]
    }, {
      "x" : -95.125,
      "y" : 12.0,
      "x_size" : 1.5,
      "y_size" : 6.5,
      "children" : [ ]
    } ]
  }, {
    "x" : -66.75,
    "y" : 7.0,
    "x_size" : 1.5,
    "y_size" : 2.0,
    "children" : [ {
      "x" : -88.0,
      "y" : 9.0,
      "x_size" : 1.5,
      "y_size" : 4.0,
      "children" : [ {
        "x" : -90.375,
        "y" : 13.0,
        "x_size" : 6.5,
        "y_size" : 2.5,
        "children" : [ {
          "x" : -90.375,
          "y" : 15.5,
          "x_size" : 8.0,
          "y_size" : 7.0,
          "children" : [ ]
        } ]
      }, {
        "x" : -82.875,
        "y" : 13.0,
        "x_size" : 1.0,
        "y_size" : 8.5,
        "children" : [ {
          "x" : -82.875,
          "y" : 21.5,
          "x_size" : 7.0,
          "y_size" : 2.0,
          "children" : [ {
            "x" : -82.875,
            "y" : 23.5,
            "x_size" : 9.0,
            "y_size" : 4.0,
            "children" : [ ]
          } ]
        } ]
      } ]
    }, {
      "x" : -73.875,
      "y" : 9.0,
      "x_size" : 6.0,
      "y_size" : 5.0,
      "children" : [ {
        "x" : -78.875,
        "y" : 14.0,
        "x_size" : 7.0,
        "y_size" : 7.0,
        "children" : [ ]
      }, {
        "x" : -74.625,
        "y" : 14.0,
        "x_size" : 1.5,
        "y_size" : 6.5,
        "children" : [ ]
      }, {
        "x" : -69.625,
        "y" : 14.0,
        "x_size" : 8.5,
        "y_size" : 6.5,
        "children" : [ {
          "x" : -69.625,
          "y" : 20.5,
          "x_size" : 9.5,
          "y_size" : 7.0,
          "children" : [ ]
        } ]
      } ]
    }, {
      "x" : -49.25,
      "y" : 9.0,
      "x_size" : 9.0,
      "y_size" : 2.0,
      "children" : [ {
        "x" : -55.625,
        "y" : 11.0,
        "x_size" : 3.0,
        "y_size" : 5.0,
        "children" : [ {
          "x" : -61.875,
          "y" : 16.0,
          "x_size" : 6.0,
          "y_size" : 5.5,
          "children" : [ ]
        }, {
          "x" : -55.375,
          "y" : 16.0,
          "x_size" : 7.0,
          "y_size" : 2.0,
          "children" : [ ]
        }, {
          "x" : -49.125,
          "y" : 16.0,
          "x_size" : 5.5,
          "y_size" : 9.0,
          "children" : [ ]
        } ]
      }, {
        "x" : -43.875,
        "y" : 11.0,
        "x_size" : 5.0,
        "y_size" : 8.5,
        "children" : [ ]
      } ]
    } ]
  }, {
    "x" : -19.25,
    "y" : 7.0,
    "x_size" : 5.5,
    "y_size" : 3.5,
    "children" : [ {
      "x" : -19.25,
      "y" : 10.5,
      "x_size" : 1.5,
      "y_size" : 1.5,
      "children" : [ {
        "x" : -37.375,
        "y" : 12.0,
        "x_size" : 8.0,
        "y_size" : 6.5,
        "children" : [ {
          "x" : -37.375,
          "y" : 18.5,
          "x_size" : 4.0,
          "y_size" : 7.0,
          "children" : [ ]
        } ]
      }, {
        "x" : -27.625,
        "y" : 12.0,
        "x_size" : 4.0,
        "y_size" : 6.0,
        "children" : [ {
          "x" : -30.625,
          "y" : 18.0,
          "x_size" : 5.5,
          "y_size" : 4.0,
          "children" : [ {
            "x" : -30.625,
            "y" : 22.0,
            "x_size" : 9.5,
            "y_size" : 3.5,
            "children" : [ {
              "x" : -30.625,
              "y" : 25.5,
              "x_size" : 7.0,
              "y_size" : 7.0,
              "children" : [ ]
            } ]
          } ]
        }, {
          "x" : -24.875,
          "y" : 18.0,
          "x_size" : 6.0,
          "y_size" : 3.0,
          "children" : [ ]
        } ]
      }, {
        "x" : -18.375,
        "y" : 12.0,
        "x_size" : 3.5,
        "y_size" : 8.5,
        "children" : [ {
          "x" : -18.375,
          "y" : 20.5,
          "x_size" : 7.0,
          "y_size" : 2.5,
          "children" : [ ]
        } ]
      }, {
        "x" : -10.375,
        "y" : 12.0,
        "x_size" : 7.5,
        "y_size" : 7.5,
        "children" : [ {
          "x" : -10.375,
          "y" : 19.5,
          "x_size" : 9.0,
          "y_size" : 2.5,
          "children" : [ ]
        } ]
      }, {
        "x" : -1.875,
        "y" : 12.0,
        "x_size" : 9.5,
        "y_size" : 3.0,
        "children" : [ ]
      } ]
    } ]
  }, {
    "x" : 18.0,
    "y" : 7.0,
    "x_size" : 5.5,
    "y_size" : 5.0,
    "children" : [ {
      "x" : 5.375,
      "y" : 12.0,
      "x_size" : 3.5,
      "y_size" : 2.5,
      "children" : [ {
        "x" : 5.375,
        "y" : 14.5,
        "x_size" : 5.0,
        "y_size" : 2.5,
        "children" : [ {
          "x" : 5.375,
          "y" : 17.0,
          "x_size" : 1.0,
          "y_size" : 9.0,
          "children" : [ ]
        } ]
      } ]
    }, {
      "x" : 13.625,
      "y" : 12.0,
      "x_size" : 4.5,
      "y_size" : 2.0,
      "children" : [ {
        "x" : 9.625,
        "y" : 14.0,
        "x_size" : 2.5,
        "y_size" : 9.5,
        "children" : [ {
          "x" : 9.625,
          "y" : 23.5,
          "x_size" : 7.5,
          "y_size" : 6.0,
          "children" : [ ]
        } ]
      }, {
        "x" : 14.875,
        "y" : 14.0,
        "x_size" : 8.0,
        "y_size" : 7.0,
        "children" : [ ]
      } ]
    }, {
      "x" : 23.125,
      "y" : 12.0,
      "x_size" : 4.5,
      "y_size" : 1.0,
      "children" : [ {
        "x" : 23.125,
        "y" : 13.0,
        "x_size" : 8.5,
        "y_size" : 7.0,
        "children" : [ ]
      } ]
    }, {
      "x" : 30.375,
      "y" : 12.0,
      "x_size" : 4.0,
      "y_size" : 7.5,
      "children" : [ {
        "x" : 28.625,
        "y" : 19.5,
        "x_size" : 2.5,
        "y_size" : 9.0,
        "children" : [ ]
      }, {
        "x" : 31.625,
        "y" : 19.5,
        "x_size" : 3.5,
        "y_size" : 5.5,
        "children" : [ ]
      } ]
    } ]
  }, {
    "x" : 54.125,
    "y" : 7.0,
    "x_size" : 5.0,
    "y_size" : 4.0,
    "children" : [ {
      "x" : 34.625,
      "y" : 11.0,
      "x_size" : 4.5,
      "y_size" : 3.5,
      "children" : [ {
        "x" : 34.625,
        "y" : 14.5,
        "x_size" : 2.0,
        "y_size" : 10.0,
        "children" : [ {
          "x" : 34.625,
          "y" : 24.5,
          "x_size" : 1.0,
          "y_size" : 9.5,
          "children" : [ ]
        } ]
      } ]
    }, {
      "x" : 37.875,
      "y" : 11.0,
      "x_size" : 2.0,
      "y_size" : 7.5,
      "children" : [ {
        "x" : 37.875,
        "y" : 18.5,
        "x_size" : 4.0,
        "y_size" : 9.5,
        "children" : [ ]
      } ]
    }, {
      "x" : 52.875,
      "y" : 11.0,
      "x_size" : 5.5,
      "y_size" : 8.5,
      "children" : [ {
        "x" : 43.625,
        "y" : 19.5,
        "x_size" : 7.5,
        "y_size" : 8.0,
        "children" : [ {
          "x" : 43.625,
          "y" : 27.5,
          "x_size" : 3.0,
          "y_size" : 8.5,
          "children" : [ ]
        } ]
      }, {
        "x" : 52.125,
        "y" : 19.5,
        "x_size" : 9.5,
        "y_size" : 9.5,
        "children" : [ ]
      }, {
        "x" : 61.375,
        "y" : 19.5,
        "x_size" : 9.0,
        "y_size" : 9.5,
        "children" : [ ]
      } ]
    }, {
      "x" : 73.125,
      "y" : 11.0,
      "x_size" : 5.5,
      "y_size" : 7.0,
      "children" : [ {
        "x" : 68.375,
        "y" : 18.0,
        "x_size" : 5.0,
        "y_size" : 4.0,
        "children" : [ {
          "x" : 68.375,
          "y" : 22.0,
          "x_size" : 2.5,
          "y_size" : 7.5,
          "children" : [ ]
        } ]
      }, {
        "x" : 75.625,
        "y" : 18.0,
        "x_size" : 9.5,
        "y_size" : 1.5,
        "children" : [ ]
      } ]
    } ]
  }, {
    "x" : 101.75,
    "y" : 7.0,
    "x_size" : 7.0,
    "y_size" : 8.0,
    "children" : [ {
      "x" : 80.875,
      "y" : 15.0,
      "x_size" : 1.0,
      "y_size" : 6.0,
      "children" : [ {
        "x" : 80.875,
        "y" : 21.0,
        "x_size" : 2.0,
        "y_size" : 2.5,
        "children" : [ ]
      } ]
    }, {
      "x" : 94.625,
      "y" : 15.0,
      "x_size" : 8.5,
      "y_size" : 5.0,
      "children" : [ {
        "x" : 86.875,
        "y" : 20.0,
        "x_size" : 10.0,
        "y_size" : 6.5,
        "children" : [ {
          "x" : 86.875,
          "y" : 26.5,
          "x_size" : 1.0,
          "y_size" : 9.5,
          "children" : [ ]
        } ]
      }, {
        "x" : 95.625,
        "y" : 20.0,
        "x_size" : 7.5,
        "y_size" : 7.5,
        "children" : [ ]
      }, {
        "x" : 103.375,
        "y" : 20.0,
        "x_size" : 8.0,
        "y_size" : 5.0,
        "children" : [ ]
      } ]
    }, {
      "x" : 107.875,
      "y" : 15.0,
      "x_size" : 1.5,
      "y_size" : 2.5,
      "children" : [ {
        "x" : 106.375,
        "y" : 17.5,
        "x_size" : 2.0,
        "y_size" : 2.5,
        "children" : [ ]
      }, {
        "x" : 108.875,
        "y" : 17.5,
        "x_size" : 3.0,
        "y_size" : 5.5,
        "children" : [ ]
      } ]
    }, {
      "x" : 113.875,
      "y" : 15.0,
      "x_size" : 6.0,
      "y_size" : 5.5,
      "children" : [ {
        "x" : 113.875,
        "y" : 20.5,
        "x_size" : 7.0,
        "y_size" : 8.5,
        "children" : [ {
          "x" : 113.875,
          "y" : 29.0,
          "x_size" : 8.5,
          "y_size" : 5.0,
          "children" : [ ]
        } ]
      } ]
    }, {
      "x" : 120.875,
      "y" : 15.0,
      "x_size" : 4.5,
      "y_size" : 3.5,
      "children" : [ {
        "x" : 120.875,
        "y" : 18.5,
        "x_size" : 7.0,
        "y_size" : 3.0,
        "children" : [ ]
      } ]
    } ]
  }, {
    "x" : 153.75,
    "y" : 7.0,
    "x_size" : 4.0,
    "y_size" : 4.5,
    "children" : [ {
      "x" : 129.125,
      "y" : 11.5,
      "x_size" : 9.5,
      "y_size" : 9.0,
      "children" : [ {
        "x" : 129.125,
        "y" : 20.5,
        "x_size" : 9.5,
        "y_size" : 6.5,
        "children" : [ {
          "x" : 129.125,
          "y" : 27.0,
          "x_size" : 6.0,
          "y_size" : 4.5,
          "children" : [ ]
        } ]
      } ]
    }, {
      "x" : 138.625,
      "y" : 11.5,
      "x_size" : 6.0,
      "y_size" : 6.5,
      "children" : [ {
        "x" : 138.625,
        "y" : 18.0,
        "x_size" : 7.5,
        "y_size" : 7.0,
        "children" : [ {
          "x" : 136.375,
          "y" : 25.0,
          "x_size" : 5.0,
          "y_size" : 3.0,
          "children" : [ ]
        }, {
          "x" : 141.125,
          "y" : 25.0,
          "x_size" : 4.5,
          "y_size" : 4.5,
          "children" : [ ]
        } ]
      } ]
    }, {
      "x" : 149.625,
      "y" : 11.5,
      "x_size" : 9.0,
      "y_size" : 6.0,
      "children" : [ {
        "x" : 149.625,
        "y" : 17.5,
        "x_size" : 9.0,
        "y_size" : 3.0,
        "children" : [ {
          "x" : 149.625,
          "y" : 20.5,
          "x_size" : 1.0,
          "y_size" : 2.5,
          "children" : [ {
            "x" : 147.875,
            "y" : 23.0,
            "x_size" : 9.0,
            "y_size" : 6.0,
            "children" : [ ]
          }, {
            "x" : 154.125,
            "y" : 23.0,
            "x_size" : 3.5,
            "y_size" : 8.0,
            "children" : [ ]
          } ]
        } ]
      } ]
    }, {
      "x" : 158.875,
      "y" : 11.5,
      "x_size" : 9.5,
      "y_size" : 7.5,
      "children" : [ ]
    }, {
      "x" : 166.875,
      "y" : 11.5,
      "x_size" : 6.5,
      "y_size" : 4.5,
      "children" : [ {
        "x" : 166.875,
        "y" : 16.0,
        "x_size" : 2.5,
        "y_size" : 8.5,
        "children" : [ ]
      } ]
    }, {
      "x" : 173.125,
      "y" : 11.5,
      "x_size" : 6.0,
      "y_size" : 4.0,
      "children" : [ {
        "x" : 173.125,
        "y" : 15.5,
        "x_size" : 6.0,
        "y_size" : 4.0,
        "children" : [ {
          "x" : 173.125,
          "y" : 19.5,
          "x_size" : 1.0,
          "y_size" : 10.0,
          "children" : [ ]
        } ]
      } ]
    }, {
      "x" : 179.625,
      "y" : 11.5,
      "x_size" : 7.0,
      "y_size" : 8.0,
      "children" : [ ]
    } ]
  }, {
    "x" : 192.875,
    "y" : 7.0,
    "x_size" : 8.0,
    "y_size" : 8.0,
    "children" : [ {
      "x" : 185.875,
      "y" : 15.0,
      "x_size" : 5.5,
      "y_size" : 5.0,
      "children" : [ ]
    }, {
      "x" : 194.875,
      "y" : 15.0,
      "x_size" : 8.5,
      "y_size" : 1.0,
      "children" : [ {
        "x" : 192.125,
        "y" : 16.0,
        "x_size" : 7.0,
        "y_size" : 8.5,
        "children" : [ {
          "x" : 187.625,
          "y" : 24.5,
          "x_size" : 2.0,
          "y_size" : 7.5,
          "children" : [ {
            "x" : 187.625,
            "y" : 32.0,
            "x_size" : 3.5,
            "y_size" : 4.5,
            "children" : [ ]
          } ]
        }, {
          "x" : 193.125,
          "y" : 24.5,
          "x_size" : 9.0,
          "y_size" : 4.0,
          "children" : [ ]
        } ]
      }, {
        "x" : 198.375,
        "y" : 16.0,
        "x_size" : 5.5,
        "y_size" : 3.5,
        "children" : [ ]
      } ]
    }, {
      "x" : 201.875,
      "y" : 15.0,
      "x_size" : 1.5,
      "y_size" : 8.5,
      "children" : [ {
        "x" : 201.875,
        "y" : 23.5,
        "x_size" : 2.0,
        "y_size" : 1.0,
        "children" : [ {
          "x" : 201.875,
          "y" : 24.5,
          "x_size" : 3.0,
          "y_size" : 7.0,
          "children" : [ ]
        } ]
      } ]
    } ]
  }, {
    "x" : 222.5,
    "y" : 7.0,
    "x_size" : 3.0,
    "y_size" : 3.0,
    "children" : [ {
      "x" : 213.875,
      "y" : 10.0,
      "x_size" : 2.0,
      "y_size" : 9.5,
      "children" : [ {
        "x" : 205.125,
        "y" : 19.5,
        "x_size" : 3.5,
        "y_size" : 5.5,
        "children" : [ ]
      }, {
        "x" : 211.875,
        "y" : 19.5,
        "x_size" : 10.0,
        "y_size" : 9.0,
        "children" : [ {
          "x" : 208.125,
          "y" : 28.5,
          "x_size" : 4.0,
          "y_size" : 6.5,
          "children" : [ ]
        }, {
          "x" : 214.375,
          "y" : 28.5,
          "x_size" : 6.5,
          "y_size" : 2.5,
          "children" : [ {
            "x" : 210.625,
            "y" : 31.0,
            "x_size" : 1.0,
            "y_size" : 9.5,
            "children" : [ ]
          }, {
            "x" : 214.875,
            "y" : 31.0,
            "x_size" : 7.5,
            "y_size" : 2.5,
            "children" : [ ]
          } ]
        } ]
      }, {
        "x" : 220.625,
        "y" : 19.5,
        "x_size" : 4.5,
        "y_size" : 6.0,
        "children" : [ {
          "x" : 220.625,
          "y" : 25.5,
          "x_size" : 7.5,
          "y_size" : 2.0,
          "children" : [ ]
        } ]
      }, {
        "x" : 223.625,
        "y" : 19.5,
        "x_size" : 1.5,
        "y_size" : 3.5,
        "children" : [ ]
      } ]
    }, {
      "x" : 228.875,
      "y" : 10.0,
      "x_size" : 6.5,
      "y_size" : 9.0,
      "children" : [ {
        "x" : 228.875,
        "y" : 19.0,
        "x_size" : 2.5,
        "y_size" : 4.0,
        "children" : [ {
          "x" : 228.875,
          "y" : 23.0,
          "x_size" : 9.0,
          "y_size" : 7.0,
          "children" : [ ]
        } ]
      } ]
    } ]
  }, {
    "x" : 237.375,
    "y" : 7.0,
    "x_size" : 1.5,
    "y_size" : 9.5,
    "children" : [ {
      "x" : 234.375,
      "y" : 16.5,
      "x_size" : 4.5,
      "y_size" : 2.5,
      "children" : [ {
        "x" : 234.375,
        "y" : 19.0,
        "x_size" : 4.5,
        "y_size" : 2.5,
        "children" : [ ]
      } ]
    }, {
      "x" : 239.875,
      "y" : 16.5,
      "x_size" : 5.5,
      "y_size" : 4.0,
      "children" : [ {
        "x" : 238.125,
        "y" : 20.5,
        "x_size" : 3.0,
        "y_size" : 7.5,
        "children" : [ ]
      }, {
        "x" : 241.375,
        "y" : 20.5,
        "x_size" : 3.5,
        "y_size" : 10.0,
        "children" : [ ]
      } ]
    } ]
  }, {
    "x" : 251.375,
    "y" : 7.0,
    "x_size" : 10.0,
    "y_size" : 2.0,
    "children" : [ {
      "x" : 245.125,
      "y" : 9.0,
      "x_size" : 5.0,
      "y_size" : 4.0,
      "children" : [ {
        "x" : 245.125,
        "y" : 13.0,
        "x_size" : 5.0,
        "y_size" : 6.5,
        "children" : [ ]
      } ]
    }, {
      "x" : 250.875,
      "y" : 9.0,
      "x_size" : 6.5,
      "y_size" : 5.5,
      "children" : [ {
        "x" : 250.875,
        "y" : 14.5,
        "x_size" : 2.0,
        "y_size" : 5.0,
        "children" : [ {
          "x" : 250.875,
          "y" : 19.5,
          "x_size" : 8.5,
          "y_size" : 5.0,
          "children" : [ ]
        } ]
      } ]
    }, {
      "x" : 256.375,
      "y" : 9.0,
      "x_size" : 2.5,
      "y_size" : 2.5,
      "children" : [ {
        "x" : 256.375,
        "y" : 11.5,
        "x_size" : 4.5,
        "y_size" : 3.0,
        "children" : [ ]
      } ]
    }, {
      "x" : 259.375,
      "y" : 9.0,
      "x_size" : 1.5,
      "y_size" : 7.5,
      "children" : [ ]
    } ]
  } ]
}