{
  "x" : 0.0,
  "y" : 0.0,
  "x_size" : 7.5,
  "y_size" : 7.0,
  "children" : [ {
    "x" : -473.8125,
    "y" : 7.0,
    "x_size" : 4.0,
    "y_size" : 3.5,
    "children" : [ {
      "x" : -522.9375,
      "y" : 10.5,
      "x_size" : 2.0,
      "y_size" : 5.0,
      "children" : [ {
        "x" : -522.9375,
        "y" : 15.5,
        "x_size" : 8.5,
        "y_size" : 4.0,
        "children" : [ {
          "x" : -522.9375,
          "y" : 19.5,
          "x_size" : 4.5,
          "y_size" : 4.5,
          "children" : [ ]
        } ]
      } ]
    }, {
      "x" : -504.4375,
      "y" : 10.5,
      "x_size" : 9.5,
      "y_size" : 8.0,
      "children" : [ {
        "x" : -509.4375,
        "y" : 18.5,
        "x_size" : 3.5,
        "y_size" : 2.5,
        "children" : [ ]
      }, {
        "x" : -502.6875,
        "y" : 18.5,
        "x_size" : 10.0,
        "y_size" : 2.0,
        "children" : [ ]
      } ]
    }, {
      "x" : -472.1875,
      "y" : 10.5,
      "x_size" : 8.0,
      "y_size" : 7.0,
      "children" : [ {
        "x" : -485.9375,
        "y" : 17.5,
        "x_size" : 8.5,
        "y_size" : 3.5,
        "children" : [ {
          "x" : -485.9375,
          "y" : 21.0,
          "x_size" : 3.5,
          "y_size" : 7.0,
          "children" : [ ]
        } ]
      }, {
        "x" : -472.1875,
        "y" : 17.5,
        "x_size" : 3.0,
        "y_size" : 1.0,
        "children" : [ {
          "x" : -472.1875,
          "y" : 18.5,
          "x_size" : 4.0,
          "y_size" : 2.5,
          "children" : [ ]
        } ]
      }, {
        "x" : -459.6875,
        "y" : 17.5,
        "x_size" : 6.0,
        "y_size" : 2.5,
        "children" : [ ]
      }, {
        "x" : -455.4375,
        "y" : 17.5,
        "x_size" : 2.5,
        "y_size" : 7.5,
        "children" : [ ]
      } ]
    }, {
      "x" : -442.1875,
      "y" : 10.5,
      "x_size" : 9.5,
      "y_size" : 2.5,
      "children" : [ {
        "x" : -442.1875,
        "y" : 13.0,
        "x_size" : 9.0,
        "y_size" : 9.5,
        "children" : [ ]
      } ]
    }, {
      "x" : -426.9375,
      "y" : 10.5,
      "x_size" : 6.5,
      "y_size" : 5.5,
      "children" : [ ]
    } ]
  }, {
    "x" : -352.4375,
    "y" : 7.0,
    "x_size" : 7.0,
    "y_size" : 8.0,
    "children" : [ {
      "x" : -414.1875,
      "y" : 15.0,
      "x_size" : 4.0,
      "y_size" : 3.5,
      "children" : [ {
        "x" : -414.1875,
        "y" : 18.5,
        "x_size" : 3.0,
        "y_size" : 6.0,
        "children" : [ {
          "x" : -418.4375,
          "y" : 24.5,
          "x_size" : 3.0,
          "y_size" : 9.0,
          "children" : [ ]
        }, {
          "x" : -412.6875,
          "y" : 24.5,
          "x_size" : 8.5,
          "y_size" : 6.5,
          "children" : [ ]
        } ]
      } ]
    }, {
      "x" : -391.1875,
      "y" : 15.0,
      "x_size" : 5.0,
      "y_size" : 10.0,
      "children" : [ {
        "x" : -397.6875,
        "y" : 25.0,
        "x_size" : 3.5,
        "y_size" : 5.0,
        "children" : [ {
          "x" : -397.6875,
          "y" : 30.0,
          "x_size" : 6.5,
          "y_size" : 3.0,
          "children" : [ ]
        } ]
      }, {
        "x" : -392.1875,
        "y" : 25.0,
        "x_size" : 7.5,
        "y_size" : 1.5,
        "children" : [ ]
      }, {
        "x" : -385.6875,
        "y" : 25.0,
        "x_size" : 5.5,
        "y_size" : 5.0,
        "children" : [ ]
      } ]
    }, {
      "x" : -370.4375,
      "y" : 15.0,
      "x_size" : 8.0,
      "y_size" : 2.5,
      "children" : [ {
        "x" : -377.9375,
        "y" : 17.5,
        "x_size" : 6.5,
        "y_size" : 6.5,
        "children" : [ ]
      }, {
        "x" : -372.1875,
        "y" : 17.5,
        "x_size" : 5.0,
        "y_size" : 5.5,
        "children" : [ ]
      }, {
        "x" : -366.1875,
        "y" : 17.5,
        "x_size" : 7.0,
        "y_size" : 9.5,
        "children" : [ {
          "x" : -366.1875,
          "y" : 27.0,
          "x_size" : 3.5,
          "y_size" : 3.0,
          "children" : [ ]
        } ]
      }, {
        "x" : -361.1875,
        "y" : 17.5,
        "x_size" : 3.0,
        "y_size" : 2.0,
        "children" : [ ]
      } ]
    }, {
      "x" : -340.1875,
      "y" : 15.0,
      "x_size" : 5.5,
      "y_size" : 4.0,
      "children" : [ {
        "x" : -347.6875,
        "y" : 19.0,
        "x_size" : 9.0,
        "y_size" : 7.0,
        "children" : [ {
          "x" : -347.6875,
          "y" : 26.0,
          "x_size" : 7.0,
          "y_size" : 5.0,
          "children" : [ ]
        } ]
      }, {
        "x" : -332.4375,
        "y" : 19.0,
        "x_size" : 8.5,
        "y_size" : 8.5,
        "children" : [ ]
      } ]
    }, {
      "x" : -318.1875,
      "y" : 15.0,
      "x_size" : 5.0,
      "y_size" : 6.5,
      "children" : [ {
        "x" : -318.1875,
        "y" : 21.5,
        "x_size" : 1.5,
        "y_size" : 9.5,
        "children" : [ ]
      } ]
    }, {
      "x" : -303.9375,
      "y" : 15.0,
      "x_size" : 2.5,
      "y_size" : 2.0,
      "children" : [ {
        "x" : -303.9375,
        "y" : 17.0,
        "x_size" : 8.5,
        "y_size" : 1.5,
        "children" : [ ]
      } ]
    }, {
      "x" : -290.4375,
      "y" : 15.0,
      "x_size" : 3.5,
      "y_size" : 2.5,
      "children" : [ ]
    } ]
  }, {
    "x" : -231.3125,
    "y" : 7.0,
    "x_size" : 9.5,
    "y_size" : 5.0,
    "children" : [ {
      "x" : -276.6875,
      "y" : 12.0,
      "x_size" : 2.5,
      "y_size" : 3.5,
      "children" : [ {
        "x" : -276.6875,
        "y" : 15.5,
        "x_size" : 9.0,
        "y_size" : 4.5,
        "children" : [ {
          "x" : -281.1875,
          "y" : 20.0,
          "x_size" : 7.0,
          "y_size" : 5.0,
          "children" : [ {
            "x" : -281.1875,
            "y" : 25.0,
            "x_size" : 3.0,
            "y_size" : 7.5,
            "children" : [ ]
          } ]
        }, {
          "x" : -270.4375,
          "y" : 20.0,
          "x_size" : 3.5,
          "y_size" : 5.5,
          "children" : [ ]
        } ]
      } ]
    }, {
      "x" : -243.3125,
      "y" : 12.0,
      "x_size" : 4.0,
      "y_size" : 5.0,
      "children" : [ {
        "x" : -252.4375,
        "y" : 17.0,
        "x_size" : 9.0,
        "y_size" : 5.5,
        "children" : [ {
          "x" : -257.1875,
          "y" : 22.5,
          "x_size" : 8.0,
          "y_size" : 6.5,
          "children" : [ ]
        }, {
          "x" : -251.1875,
          "y" : 22.5,
          "x_size" : 4.0,
          "y_size" : 6.0,
          "children" : [ ]
        }, {
          "x" : -246.4375,
          "y" : 22.5,
          "x_size" : 5.5,
          "y_size" : 7.0,
          "children" : [ ]
        } ]
      }, {
        "x" : -232.9375,
        "y" : 17.0,
        "x_size" : 6.5,
        "y_size" : 8.5,
        "children" : [ ]
      } ]
    }, {
      "x" : -216.4375,
      "y" : 12.0,
      "x_size" : 1.5,
      "y_size" : 2.5,
      "children" : [ {
        "x" : -216.4375,
        "y" : 14.5,
        "x_size" : 9.5,
        "y_size" : 4.5,
        "children" : [ {
          "x" : -218.4375,
          "y" : 19.0,
          "x_size" : 7.5,
          "y_size" : 5.0,
          "children" : [ ]
        }, {
          "x" : -212.6875,
          "y" : 19.0,
          "x_size" : 4.0,
          "y_size" : 5.0,
          "children" : [ ]
        } ]
      } ]
    }, {
      "x" : -198.4375,
      "y" : 12.0,
      "x_size" : 7.0,
      "y_size" : 6.0,
      "children" : [ {
        "x" : -201.1875,
        "y" : 18.0,
        "x_size" : 4.0,
        "y_size" : 8.0,
        "children" : [ {
          "x" : -201.1875,
          "y" : 26.0,
          "x_size" : 5.5,
          "y_size" : 8.5,
          "children" : [ ]
        } ]
      }, {
        "x" : -196.4375,
        "y" : 18.0,
        "x_size" : 5.5,
        "y_size" : 6.0,
        "children" : [ ]
      } ]
    }, {
      "x" : -185.4375,
      "y" : 12.0,
      "x_size" : 1.5,
      "y_size" : 6.5,
      "children" : [ ]
    } ]
  }, {
    "x" : -131.3125,
    "y" : 7.0,
    "x_size" : 1.5,
    "y_size" : 2.0,
    "children" : [ {
      "x" : -167.0625,
      "y" : 9.0,
      "x_size" : 1.5,
      "y_size" : 4.0,
      "children" : [ {
        "x" : -173.1875,
        "y" : 13.0,
        "x_size" : 6.5,
        "y_size" : 2.5,
        "children" : [ {
          "x" : -173.1875,
          "y" : 15.5,
          "x_size" : 8.0,
          "y_size" : 7.0,
          "children" : [ ]
        } ]
      }, {
        "x" : -158.1875,
        "y" : 13.0,
        "x_size" : 1.0,
        "y_size" : 8.5,
        "children" : [ {
          "x" : -158.1875,
          "y" : 21.5,
          "x_size" : 7.0,
          "y_size" : 2.0,
          "children" : [ {
            "x" : -158.1875,
            "y" : 23.5,
            "x_size" : 9.0,
            "y_size" : 4.0,
            "children" : [ ]
          } ]
        } ]
      } ]
    }, {
      "x" : -138.4375,
      "y" : 9.0,
      "x_size" : 6.0,
      "y_size" : 5.0,
      "children" : [ {
        "x" : -146.6875,
        "y" : 14.0,
        "x_size" : 7.0,
        "y_size" : 7.0,
        "children" : [ ]
      }, {
        "x" : -139.1875,
        "y" : 14.0,
        "x_size" : 1.5,
        "y_size" : 6.5,
        "children" : [ ]
      }, {
        "x" : -130.9375,
        "y" : 14.0,
        "x_size" : 8.5,
        "y_size" : 6.5,
        "children" : [ {
          "x" : -130.9375,
          "y" : 20.5,
          "x_size" : 9.5,
          "y_size" : 7.0,
          "children" : [ ]
        } ]
      } ]
    }, {
      "x" : -99.3125,
      "y" : 9.0,
      "x_size" : 9.0,
      "y_size" : 2.0,
      "children" : [ {
        "x" : -109.4375,
        "y" : 11.0,
        "x_size" : 3.0,
        "y_size" : 5.0,
        "children" : [ {
          "x" : -115.6875,
          "y" : 16.0,
          "x_size" : 6.0,
          "y_size" : 5.5,
          "children" : [ ]
        }, {
          "x" : -109.1875,
          "y" : 16.0,
          "x_size" : 7.0,
          "y_size" : 2.0,
          "children" : [ ]
        }, {
          "x" : -102.9375,
          "y" : 16.0,
          "x_size" : 5.5,
          "y_size" : 9.0,
          "children" : [ ]
        } ]
      }, {
        "x" : -90.1875,
        "y" : 11.0,
        "x_size" : 5.0,
        "y_size" : 8.5,
        "children" : [ ]
      } ]
    } ]
  }, {
    "x" : -46.8125,
    "y" : 7.0,
    "x_size" : 5.5,
    "y_size" : 3.5,
    "children" : [ {
      "x" : -46.8125,
      "y" : 10.5,
      "x_size" : 1.5,
      "y_size" : 1.5,
      "children" : [ {
        "x" : -76.1875,
        "y" : 12.0,
        "x_size" : 8.0,
        "y_size" : 6.5,
        "children" : [ {
          "x" : -76.1875,
          "y" : 18.5,
          "x_size" : 4.0,
          "y_size" : 7.0,
          "children" : [ ]
        } ]
      }, {
        "x" : -58.9375,
        "y" : 12.0,
        "x_size" : 4.0,
        "y_size" : 6.0,
        "children" : [ {
          "x" : -61.9375,
          "y" : 18.0,
          "x_size" : 5.5,
          "y_size" : 4.0,
          "children" : [ {
            "x" : -61.9375,
            "y" : 22.0,
            "x_size" : 9.5,
            "y_size" : 3.5,
            "children" : [ {
              "x" : -61.9375,
              "y" : 25.5,
              "x_size" : 7.0,
              "y_size" : 7.0,
              "children" : [ ]
            } ]
          } ]
        }, {
          "x" : -56.1875,
          "y" : 18.0,
          "x_size" : 6.0,
          "y_size" : 3.0,
          "children" : [ ]
        } ]
      }, {
        "x" : -42.1875,
        "y" : 12.0,
        "x_size" : 3.5,
        "y_size" : 8.5,
        "children" : [ {
          "x" : -42.1875,
          "y" : 20.5,
          "x_size" : 7.0,
          "y_size" : 2.5,
          "children" : [ ]
        } ]
      }, {
        "x" : -26.6875,
        "y" : 12.0,
        "x_size" : 7.5,
        "y_size" : 7.5,
        "children" : [ {
          "x" : -26.6875,
          "y" : 19.5,
          "x_size" : 9.0,
          "y_size" : 2.5,
          "children" : [ ]
        } ]
      }, {
        "x" : -18.1875,
        "y" : 12.0,
        "x_size" : 9.5,
        "y_size" : 3.0,
        "children" : [ ]
      } ]
    } ]
  }, {
    "x" : 20.4375,
    "y" : 7.0,
    "x_size" : 5.5,
    "y_size" : 5.0,
    "children" : [ {
      "x" : -3.4375,
      "y" : 12.0,
      "x_size" : 3.5,
      "y_size" : 2.5,
      "children" : [ {
        "x" : -3.4375,
        "y" : 14.5,
        "x_size" : 5.0,
        "y_size" : 2.5,
        "children" : [ {
          "x" : -3.4375,
          "y" : 17.0,
          "x_size" : 1.0,
          "y_size" : 9.0,
          "children" : [ ]
        } ]
      } ]
    }, {
      "x" : 12.3125,
      "y" : 12.0,
      "x_size" : 4.5,
      "y_size" : 2.0,
      "children" : [ {
        "x" : 8.3125,
        "y" : 14.0,
        "x_size" : 2.5,
        "y_size" : 9.5,
        "children" : [ {
          "x" : 8.3125,
          "y" : 23.5,
          "x_size" : 7.5,
          "y_size" : 6.0,
          "children" : [ ]
        } ]
      }, {
        "x" : 13.5625,
        "y" : 14.0,
        "x_size" : 8.0,
        "y_size" : 7.0,
        "children" : [ ]
      } ]
    }, {
      "x" : 29.3125,
      "y" : 12.0,
      "x_size" : 4.5,
      "y_size" : 1.0,
      "children" : [ {
        "x" : 29.3125,
        "y" : 13.0,
        "x_size" : 8.5,
        "y_size" : 7.0,
        "children" : [ ]
      } ]
    }, {
      "x" : 44.0625,
      "y" : 12.0,
      "x_size" : 4.0,
      "y_size" : 7.5,
      "children" : [ {
        "x" : 42.3125,
        "y" : 19.5,
        "x_size" : 2.5,
        "y_size" : 9.0,
        "children" : [ ]
      }, {
        "x" : 45.3125,
        "y" : 19.5,
        "x_size" : 3.5,
        "y_size" : 5.5,
        "children" : [ ]
      } ]
    } ]
  }, {
    "x" : 89.0625,
    "y" : 7.0,
    "x_size" : 5.0,
    "y_size" : 4.0,
    "children" : [ {
      "x" : 55.8125,
      "y" : 11.0,
      "x_size" : 4.5,
      "y_size" : 3.5,
      "children" : [ {
        "x" : 55.8125,
        "y" : 14.5,
        "x_size" : 2.0,
        "y_size" : 10.0,
        "children" : [ {
          "x" : 55.8125,
          "y" : 24.5,
          "x_size" : 1.0,
          "y_size" : 9.5,
          "children" : [ ]
        } ]
      } ]
    }, {
      "x" : 66.3125,
      "y" : 11.0,
      "x_size" : 2.0,
      "y_size" : 7.5,
      "children" : [ {
        "x" : 66.3125,
        "y" : 18.5,
        "x_size" : 4.0,
        "y_size" : 9.5,
        "children" : [ ]
      } ]
    }, {
      "x" : 91.4375,
      "y" : 11.0,
      "x_size" : 5.5,
      "y_size" : 8.5,
      "children" : [ {
        "x" : 79.5625,
        "y" : 19.5,
        "x_size" : 7.5,
        "y_size" : 8.0,
        "children" : [ {
          "x" : 79.5625,
          "y" : 27.5,
          "x_size" : 3.0,
          "y_size" : 8.5,
          "children" : [ ]
        } ]
      }, {
        "x" : 93.3125,
        "y" : 19.5,
        "x_size" : 9.5,
        "y_size" : 9.5,
        "children" : [ ]
      }, {
        "x" : 102.5625,
        "y" : 19.5,
        "x_size" : 9.0,
        "y_size" : 9.5,
        "children" : [ ]
      } ]
    }, {
      "x" : 121.8125,
      "y" : 11.0,
      "x_size" : 5.5,
      "y_size" : 7.0,
      "children" : [ {
        "x" : 117.0625,
        "y" : 18.0,
        "x_size" : 5.0,
        "y_size" : 4.0,
        "children" : [ {
          "x" : 117.0625,
          "y" : 22.0,
          "x_size" : 2.5,
          "y_size" : 7.5,
          "children" : [ ]
        } ]
      }, {
        "x" : 124.3125,
        "y" : 18.0,
        "x_size" : 9.5,
        "y_size" : 1.5,
        "children" : [ ]
      } ]
    } ]
  }, {
    "x" : 174.4375,
    "y" : 7.0,
    "x_size" : 7.0,
    "y_size" : 8.0,
    "children" : [ {
      "x" : 137.0625,
      "y" : 15.0,
      "x_size" : 1.0,
      "y_size" : 6.0,
      "children" : [ {
        "x" : 137.0625,
        "y" : 21.0,
        "x_size" : 2.0,
        "y_size" : 2.5,
        "children" : [ ]
      } ]
    }, {
      "x" : 159.8125,
      "y" : 15.0,
      "x_size" : 8.5,
      "y_size" : 5.0,
      "children" : [ {
        "x" : 150.5625,
        "y" : 20.0,
        "x_size" : 10.0,
        "y_size" : 6.5,
        "children" : [ {
          "x" : 150.5625,
          "y" : 26.5,
          "x_size" : 1.0,
          "y_size" : 9.5,
          "children" : [ ]
        } ]
      }, {
        "x" : 162.3125,
        "y" : 20.0,
        "x_size" : 7.5,
        "y_size" : 7.5,
        "children" : [ ]
      }, {
        "x" : 170.0625,
        "y" : 20.0,
        "x_size" : 8.0,
        "y_size" : 5.0,
        "children" : [ ]
      } ]
    }, {
      "x" : 182.0625,
      "y" : 15.0,
      "x_size" : 1.5,
      "y_size" : 2.5,
      "children" : [ {
        "x" : 180.5625,
        "y" : 17.5,
        "x_size" : 2.0,
        "y_size" : 2.5,
        "children" : [ ]
      }, {
        "x" : 183.0625,
        "y" : 17.5,
        "x_size" : 3.0,
        "y_size" : 5.5,
        "children" : [ ]
      } ]
    }, {
      "x" : 195.5625,
      "y" : 15.0,
      "x_size" : 6.0,
      "y_size" : 5.5,
      "children" : [ {
        "x" : 195.5625,
        "y" : 20.5,
        "x_size" : 7.0,
        "y_size" : 8.5,
        "children" : [ {
          "x" : 195.5625,
          "y" : 29.0,
          "x_size" : 8.5,
          "y_size" : 5.0,
          "children" : [ ]
        } ]
      } ]
    }, {
      "x" : 210.0625,
      "y" : 15.0,
      "x_size" : 4.5,
      "y_size" : 3.5,
      "children" : [ {
        "x" : 210.0625,
        "y" : 18.5,
        "x_size" : 7.0,
        "y_size" : 3.0,
        "children" : [ ]
      } ]
    } ]
  }, {
    "x" : 271.9375,
    "y" : 7.0,
    "x_size" : 4.0,
    "y_size" : 4.5,
    "children" : [ {
      "x" : 225.8125,
      "y" : 11.5,
      "x_size" : 9.5,
      "y_size" : 9.0,
      "children" : [ {
        "x" : 225.8125,
        "y" : 20.5,
        "x_size" : 9.5,
        "y_size" : 6.5,
        "children" : [ {
          "x" : 225.8125,
          "y" : 27.0,
          "x_size" : 6.0,
          "y_size" : 4.5,
          "children" : [ ]
        } ]
      } ]
    }, {
      "x" : 242.8125,
      "y" : 11.5,
      "x_size" : 6.0,
      "y_size" : 6.5,
      "children" : [ {
        "x" : 242.8125,
        "y" : 18.0,
        "x_size" : 7.5,
        "y_size" : 7.0,
        "children" : [ {
          "x" : 240.5625,
          "y" : 25.0,
          "x_size" : 5.0,
          "y_size" : 3.0,
          "children" : [ ]
        }, {
          "x" : 245.3125,
          "y" : 25.0,
          "x_size" : 4.5,
          "y_size" : 4.5,
          "children" : [ ]
        } ]
      } ]
    }, {
      "x" : 261.3125,
      "y" : 11.5,
      "x_size" : 9.0,
      "y_size" : 6.0,
      "children" : [ {
        "x" : 261.3125,
        "y" : 17.5,
        "x_size" : 9.0,
        "y_size" : 3.0,
        "children" : [ {
          "x" : 261.3125,
          "y" : 20.5,
          "x_size" : 1.0,
          "y_size" : 2.5,
          "children" : [ {
            "x" : 259.5625,
            "y" : 23.0,
            "x_size" : 9.0,
            "y_size" : 6.0,
            "children" : [ ]
          }, {
            "x" : 265.8125,
            "y" : 23.0,
            "x_size" : 3.5,
            "y_size" : 8.0,
            "children" : [ ]
          } ]
        } ]
      } ]
    }, {
      "x" : 278.0625,
      "y" : 11.5,
      "x_size" : 9.5,
      "y_size" : 7.5,
      "children" : [ ]
    }, {
      "x" : 291.5625,
      "y" : 11.5,
      "x_size" : 6.5,
      "y_size" : 4.5,
      "children" : [ {
        "x" : 291.5625,
        "y" : 16.0,
        "x_size" : 2.5,
        "y_size" : 8.5,
        "children" : [ ]
      } ]
    }, {
      "x" : 305.3125,
      "y" : 11.5,
      "x_size" : 6.0,
      "y_size" : 4.0,
      "children" : [ {
        "x" : 305.3125,
        "y" : 15.5,
        "x_size" : 6.0,
        "y_size" : 4.0,
        "children" : [ {
          "x" : 305.3125,
          "y" : 19.5,
          "x_size" : 1.0,
          "y_size" : 10.0,
          "children" : [ ]
        } ]
      } ]
    }, {
      "x" : 319.3125,
      "y" : 11.5,
      "x_size" : 7.0,
      "y_size" : 8.0,
      "children" : [ ]
    } ]
  }, {
    "x" : 347.5625,
    "y" : 7.0,
    "x_size" : 8.0,
    "y_size" : 8.0,
    "children" : [ {
      "x" : 333.0625,
      "y" : 15.0,
      "x_size" : 5.5,
      "y_size" : 5.0,
      "children" : [ ]
    }, {
      "x" : 349.5625,
      "y" : 15.0,
      "x_size" : 8.5,
      "y_size" : 1.0,
      "children" : [ {
        "x" : 346.8125,
        "y" : 16.0,
        "x_size" : 7.0,
        "y_size" : 8.5,
        "children" : [ {
          "x" : 342.3125,
          "y" : 24.5,
          "x_size" : 2.0,
          "y_size" : 7.5,
          "children" : [ {
            "x" : 342.3125,
            "y" : 32.0,
            "x_size" : 3.5,
            "y_size" : 4.5,
            "children" : [ ]
          } ]
        }, {
          "x" : 347.8125,
          "y" : 24.5,
          "x_size" : 9.0,
          "y_size" : 4.0,
          "children" : [ ]
        } ]
      }, {
        "x" : 353.0625,
        "y" : 16.0,
        "x_size" : 5.5,
        "y_size" : 3.5,
        "children" : [ ]
      } ]
    }, {
      "x" : 364.0625,
      "y" : 15.0,
      "x_size" : 1.5,
      "y_size" : 8.5,
      "children" : [ {
        "x" : 364.0625,
        "y" : 23.5,
        "x_size" : 2.0,
        "y_size" : 1.0,
        "children" : [ {
          "x" : 364.0625,
          "y" : 24.5,
          "x_size" : 3.0,
          "y_size" : 7.0,
          "children" : [ ]
        } ]
      } ]
    } ]
  }, {
    "x" : 402.5625,
    "y" : 7.0,
    "x_size" : 3.0,
    "y_size" : 3.0,
    "children" : [ {
      "x" : 388.3125,
      "y" : 10.0,
      "x_size" : 2.0,
      "y_size" : 9.5,
      "children" : [ {
        "x" : 375.8125,
        "y" : 19.5,
        "x_size" : 3.5,
        "y_size" : 5.5,
        "children" : [ ]
      }, {
        "x" : 382.5625,
        "y" : 19.5,
        "x_size" : 10.0,
        "y_size" : 9.0,
        "children" : [ {
          "x" : 375.0625,
          "y" : 28.5,
          "x_size" : 4.0,
          "y_size" : 6.5,
          "children" : [ ]
        }, {
          "x" : 388.8125,
          "y" : 28.5,
          "x_size" : 6.5,
          "y_size" : 2.5,
          "children" : [ {
            "x" : 385.0625,
            "y" : 31.0,
            "x_size" : 1.0,
            "y_size" : 9.5,
            "children" : [ ]
          }, {
            "x" : 389.3125,
            "y" : 31.0,
            "x_size" : 7.5,
            "y_size" : 2.5,
            "children" : [ ]
          } ]
        } ]
      }, {
        "x" : 398.8125,
        "y" : 19.5,
        "x_size" : 4.5,
        "y_size" : 6.0,
        "children" : [ {
          "x" : 398.8125,
          "y" : 25.5,
          "x_size" : 7.5,
          "y_size" : 2.0,
          "children" : [ ]
        } ]
      }, {
        "x" : 401.8125,
        "y" : 19.5,
        "x_size" : 1.5,
        "y_size" : 3.5,
        "children" : [ ]
      } ]
    }, {
      "x" : 414.5625,
      "y" : 10.0,
      "x_size" : 6.5,
      "y_size" : 9.0,
      "children" : [ {
        "x" : 414.5625,
        "y" : 19.0,
        "x_size" : 2.5,
        "y_size" : 4.0,
        "children" : [ {
          "x" : 414.5625,
          "y" : 23.0,
          "x_size" : 9.0,
          "y_size" : 7.0,
          "children" : [ ]
        } ]
      } ]
    } ]
  }, {
    "x" : 434.3125,
    "y" : 7.0,
    "x_size" : 1.5,
    "y_size" : 9.5,
    "children" : [ {
      "x" : 427.5625,
      "y" : 16.5,
      "x_size" : 4.5,
      "y_size" : 2.5,
      "children" : [ {
        "x" : 427.5625,
        "y" : 19.0,
        "x_size" : 4.5,
        "y_size" : 2.5,
        "children" : [ ]
      } ]
    }, {
      "x" : 440.5625,
      "y" : 16.5,
      "x_size" : 5.5,
      "y_size" : 4.0,
      "children" : [ {
        "x" : 438.8125,
        "y" : 20.5,
        "x_size" : 3.0,
        "y_size" : 7.5,
        "children" : [ ]
      }, {
        "x" : 442.0625,
        "y" : 20.5,
        "x_size" : 3.5,
        "y_size" : 10.0,
        "children" : [ ]
      } ]
    } ]
  }, {
    "x" : 470.8125,
    "y" : 7.0,
    "x_size" : 10.0,
    "y_size" : 2.0,
    "children" : [ {
      "x" : 453.3125,
      "y" : 9.0,
      "x_size" : 5.0,
      "y_size" : 4.0,
      "children" : [ {
        "x" : 453.3125,
        "y" : 13.0,
        "x_size" : 5.0,
        "y_size" : 6.5,
        "children" : [ ]
      } ]
    }, {
      "x" : 466.5625,
      "y" : 9.0,
      "x_size" : 6.5,
      "y_size" : 5.5,
      "children" : [ {
        "x" : 466.5625,
        "y" : 14.5,
        "x_size" : 2.0,
        "y_size" : 5.0,
        "children" : [ {
          "x" : 466.5625,
          "y" : 19.5,
          "x_size" : 8.5,
          "y_size" : 5.0,
          "children" : [ ]
        } ]
      } ]
    }, {
      "x" : 479.5625,
      "y" : 9.0,
      "x_size" : 2.5,
      "y_size" : 2.5,
      "children" : [ {
        "x" : 479.5625,
        "y" : 11.5,
        "x_size" : 4.5,
        "y_size" : 3.0,
        "children" : [ ]
      } ]
    }, {
      "x" : 490.0625,
      "y" : 9.0,
      "x_size" : 1.5,
      "y_size" : 7.5,
      "children" : [ ]
    } ]
  } ]
}
