{
  "x" : 0.5,
  "y" : 0.0,
  "x_size" : 0.5,
  "y_size" : 1.0,
  "children" : [ {
    "x" : 0.25,
    "y" : 1.0,
    "x_size" : 0.5,
    "y_size" : 1.0,
    "children" : [ ]
  }, {
    "x" : 0.75,
    "y" : 1.0,
    "x_size" : 0.5,
    "y_size" : 1.0,
    "children" : [ ]
  } ]
}
