{
  "x" : 0.0,
  "y" : 0.0,
  "x_size" : 7.5,
  "y_size" : 8.5,
  "children" : [ {
    "x" : -270.5,
    "y" : 8.5,
    "x_size" : 9.0,
    "y_size" : 1.5,
    "children" : [ {
      "x" : -287.875,
      "y" : 10.0,
      "x_size" : 4.0,
      "y_size" : 8.0,
      "children" : [ {
        "x" : -287.875,
        "y" : 18.0,
        "x_size" : 8.5,
        "y_size" : 5.5,
        "children" : [ {
          "x" : -287.875,
          "y" : 23.5,
          "x_size" : 1.5,
          "y_size" : 7.0,
          "children" : [ ]
        } ]
      } ]
    }, {
      "x" : -274.875,
      "y" : 10.0,
      "x_size" : 3.0,
      "y_size" : 8.5,
      "children" : [ {
        "x" : -279.125,
        "y" : 18.5,
        "x_size" : 9.0,
        "y_size" : 4.0,
        "children" : [ {
          "x" : -279.125,
          "y" : 22.5,
          "x_size" : 6.0,
          "y_size" : 9.0,
          "children" : [ {
            "x" : -279.125,
            "y" : 31.5,
            "x_size" : 6.0,
            "y_size" : 5.5,
            "children" : [ ]
          } ]
        } ]
      }, {
        "x" : -270.375,
        "y" : 18.5,
        "x_size" : 8.5,
        "y_size" : 9.5,
        "children" : [ ]
      } ]
    }, {
      "x" : -263.375,
      "y" : 10.0,
      "x_size" : 6.5,
      "y_size" : 5.0,
      "children" : [ {
        "x" : -265.375,
        "y" : 15.0,
        "x_size" : 1.5,
        "y_size" : 9.0,
        "children" : [ ]
      }, {
        "x" : -262.625,
        "y" : 15.0,
        "x_size" : 4.0,
        "y_size" : 3.0,
        "children" : [ ]
      } ]
    }, {
      "x" : -255.625,
      "y" : 10.0,
      "x_size" : 9.0,
      "y_size" : 6.0,
      "children" : [ ]
    } ]
  }, {
    "x" : -238.125,
    "y" : 8.5,
    "x_size" : 1.0,
    "y_size" : 4.0,
    "children" : [ {
      "x" : -247.625,
      "y" : 12.5,
      "x_size" : 7.0,
      "y_size" : 5.5,
      "children" : [ {
        "x" : -247.625,
        "y" : 18.0,
        "x_size" : 5.5,
        "y_size" : 4.5,
        "children" : [ ]
      } ]
    }, {
      "x" : -239.875,
      "y" : 12.5,
      "x_size" : 8.5,
      "y_size" : 8.5,
      "children" : [ {
        "x" : -240.875,
        "y" : 21.0,
        "x_size" : 2.0,
        "y_size" : 4.5,
        "children" : [ {
          "x" : -240.875,
          "y" : 25.5,
          "x_size" : 1.5,
          "y_size" : 5.0,
          "children" : [ ]
        } ]
      }, {
        "x" : -238.875,
        "y" : 21.0,
        "x_size" : 2.0,
        "y_size" : 5.0,
        "children" : [ ]
      } ]
    }, {
      "x" : -229.625,
      "y" : 12.5,
      "x_size" : 5.0,
      "y_size" : 7.0,
      "children" : [ {
        "x" : -231.375,
        "y" : 19.5,
        "x_size" : 8.5,
        "y_size" : 1.5,
        "children" : [ ]
      }, {
        "x" : -225.375,
        "y" : 19.5,
        "x_size" : 3.5,
        "y_size" : 6.0,
        "children" : [ ]
      } ]
    }, {
      "x" : -226.125,
      "y" : 12.5,
      "x_size" : 2.0,
      "y_size" : 4.5,
      "children" : [ ]
    } ]
  }, {
    "x" : -198.75,
    "y" : 8.5,
    "x_size" : 3.0,
    "y_size" : 6.0,
    "children" : [ {
      "x" : -220.375,
      "y" : 14.5,
      "x_size" : 6.5,
      "y_size" : 7.0,
      "children" : [ ]
    }, {
      "x" : -207.625,
      "y" : 14.5,
      "x_size" : 3.0,
      "y_size" : 5.0,
      "children" : [ {
        "x" : -212.375,
        "y" : 19.5,
        "x_size" : 9.5,
        "y_size" : 2.0,
        "children" : [ ]
      }, {
        "x" : -202.875,
        "y" : 19.5,
        "x_size" : 9.5,
        "y_size" : 2.5,
        "children" : [ ]
      } ]
    }, {
      "x" : -196.625,
      "y" : 14.5,
      "x_size" : 3.0,
      "y_size" : 9.5,
      "children" : [ {
        "x" : -196.625,
        "y" : 24.0,
        "x_size" : 7.0,
        "y_size" : 8.5,
        "children" : [ ]
      } ]
    }, {
      "x" : -188.375,
      "y" : 14.5,
      "x_size" : 2.0,
      "y_size" : 4.5,
      "children" : [ {
        "x" : -188.375,
        "y" : 19.0,
        "x_size" : 2.0,
        "y_size" : 8.0,
        "children" : [ {
          "x" : -188.375,
          "y" : 27.0,
          "x_size" : 9.5,
          "y_size" : 6.5,
          "children" : [ ]
        } ]
      } ]
    }, {
      "x" : -182.625,
      "y" : 14.5,
      "x_size" : 9.5,
      "y_size" : 2.5,
      "children" : [ {
        "x" : -182.625,
        "y" : 17.0,
        "x_size" : 8.5,
        "y_size" : 7.0,
        "children" : [ ]
      } ]
    }, {
      "x" : -174.625,
      "y" : 14.5,
      "x_size" : 1.5,
      "y_size" : 7.0,
      "children" : [ {
        "x" : -174.625,
        "y" : 21.5,
        "x_size" : 7.5,
        "y_size" : 9.0,
        "children" : [ ]
      } ]
    } ]
  }, {
    "x" : -150.5,
    "y" : 8.5,
    "x_size" : 4.0,
    "y_size" : 1.5,
    "children" : [ {
      "x" : -165.125,
      "y" : 10.0,
      "x_size" : 6.0,
      "y_size" : 9.5,
      "children" : [ {
        "x" : -166.375,
        "y" : 19.5,
        "x_size" : 9.0,
        "y_size" : 7.5,
        "children" : [ ]
      }, {
        "x" : -160.625,
        "y" : 19.5,
        "x_size" : 2.5,
        "y_size" : 5.5,
        "children" : [ ]
      } ]
    }, {
      "x" : -149.875,
      "y" : 10.0,
      "x_size" : 8.5,
      "y_size" : 2.0,
      "children" : [ {
        "x" : -157.125,
        "y" : 12.0,
        "x_size" : 8.5,
        "y_size" : 1.5,
        "children" : [ {
          "x" : -157.125,
          "y" : 13.5,
          "x_size" : 7.0,
          "y_size" : 5.5,
          "children" : [ {
            "x" : -157.125,
            "y" : 19.0,
            "x_size" : 4.5,
            "y_size" : 6.0,
            "children" : [ ]
          } ]
        } ]
      }, {
        "x" : -149.125,
        "y" : 12.0,
        "x_size" : 7.5,
        "y_size" : 8.0,
        "children" : [ {
          "x" : -149.125,
          "y" : 20.0,
          "x_size" : 3.0,
          "y_size" : 7.0,
          "children" : [ ]
        } ]
      }, {
        "x" : -143.875,
        "y" : 12.0,
        "x_size" : 3.0,
        "y_size" : 9.5,
        "children" : [ ]
      }, {
        "x" : -140.375,
        "y" : 12.0,
        "x_size" : 4.0,
        "y_size" : 7.0,
        "children" : [ ]
      } ]
    }, {
      "x" : -135.625,
      "y" : 10.0,
      "x_size" : 5.5,
      "y_size" : 9.5,
      "children" : [ {
        "x" : -135.625,
        "y" : 19.5,
        "x_size" : 5.0,
        "y_size" : 8.5,
        "children" : [ {
          "x" : -135.625,
          "y" : 28.0,
          "x_size" : 4.0,
          "y_size" : 8.0,
          "children" : [ ]
        } ]
      } ]
    } ]
  }, {
    "x" : -115.25,
    "y" : 8.5,
    "x_size" : 2.5,
    "y_size" : 9.5,
    "children" : [ {
      "x" : -128.625,
      "y" : 18.0,
      "x_size" : 8.0,
      "y_size" : 1.5,
      "children" : [ {
        "x" : -128.625,
        "y" : 19.5,
        "x_size" : 9.0,
        "y_size" : 6.5,
        "children" : [ ]
      } ]
    }, {
      "x" : -120.625,
      "y" : 18.0,
      "x_size" : 3.5,
      "y_size" : 5.5,
      "children" : [ {
        "x" : -120.625,
        "y" : 23.5,
        "x_size" : 7.0,
        "y_size" : 1.5,
        "children" : [ {
          "x" : -120.625,
          "y" : 25.0,
          "x_size" : 3.5,
          "y_size" : 9.0,
          "children" : [ ]
        } ]
      } ]
    }, {
      "x" : -116.625,
      "y" : 18.0,
      "x_size" : 2.5,
      "y_size" : 1.0,
      "children" : [ {
        "x" : -116.625,
        "y" : 19.0,
        "x_size" : 4.5,
        "y_size" : 4.0,
        "children" : [ ]
      } ]
    }, {
      "x" : -111.125,
      "y" : 18.0,
      "x_size" : 6.5,
      "y_size" : 8.0,
      "children" : [ {
        "x" : -112.625,
        "y" : 26.0,
        "x_size" : 8.0,
        "y_size" : 3.5,
        "children" : [ {
          "x" : -112.625,
          "y" : 29.5,
          "x_size" : 5.0,
          "y_size" : 5.0,
          "children" : [ ]
        } ]
      }, {
        "x" : -107.125,
        "y" : 26.0,
        "x_size" : 3.0,
        "y_size" : 9.5,
        "children" : [ ]
      } ]
    }, {
      "x" : -105.375,
      "y" : 18.0,
      "x_size" : 4.5,
      "y_size" : 2.5,
      "children" : [ {
        "x" : -105.375,
        "y" : 20.5,
        "x_size" : 1.0,
        "y_size" : 1.5,
        "children" : [ ]
      } ]
    }, {
      "x" : -100.375,
      "y" : 18.0,
      "x_size" : 5.0,
      "y_size" : 7.5,
      "children" : [ {
        "x" : -104.875,
        "y" : 25.5,
        "x_size" : 1.5,
        "y_size" : 4.0,
        "children" : [ ]
      }, {
        "x" : -99.625,
        "y" : 25.5,
        "x_size" : 9.0,
        "y_size" : 3.5,
        "children" : [ ]
      } ]
    } ]
  }, {
    "x" : -89.0,
    "y" : 8.5,
    "x_size" : 4.5,
    "y_size" : 3.0,
    "children" : [ {
      "x" : -95.125,
      "y" : 11.5,
      "x_size" : 9.0,
      "y_size" : 3.5,
      "children" : [ {
        "x" : -99.875,
        "y" : 15.0,
        "x_size" : 4.0,
        "y_size" : 3.0,
        "children" : [ ]
      }, {
        "x" : -93.125,
        "y" : 15.0,
        "x_size" : 9.5,
        "y_size" : 4.5,
        "children" : [ ]
      } ]
    }, {
      "x" : -85.625,
      "y" : 11.5,
      "x_size" : 5.5,
      "y_size" : 8.5,
      "children" : [ ]
    }, {
      "x" : -80.625,
      "y" : 11.5,
      "x_size" : 4.5,
      "y_size" : 9.0,
      "children" : [ {
        "x" : -83.125,
        "y" : 20.5,
        "x_size" : 10.0,
        "y_size" : 6.0,
        "children" : [ ]
      }, {
        "x" : -75.625,
        "y" : 20.5,
        "x_size" : 5.0,
        "y_size" : 4.5,
        "children" : [ ]
      } ]
    } ]
  }, {
    "x" : -49.0,
    "y" : 8.5,
    "x_size" : 7.5,
    "y_size" : 3.0,
    "children" : [ {
      "x" : -68.125,
      "y" : 11.5,
      "x_size" : 5.5,
      "y_size" : 2.5,
      "children" : [ {
        "x" : -68.125,
        "y" : 14.0,
        "x_size" : 10.0,
        "y_size" : 9.5,
        "children" : [ ]
      } ]
    }, {
      "x" : -56.875,
      "y" : 11.5,
      "x_size" : 6.5,
      "y_size" : 8.5,
      "children" : [ {
        "x" : -60.125,
        "y" : 20.0,
        "x_size" : 6.0,
        "y_size" : 4.0,
        "children" : [ {
          "x" : -60.125,
          "y" : 24.0,
          "x_size" : 4.5,
          "y_size" : 5.0,
          "children" : [ ]
        } ]
      }, {
        "x" : -53.875,
        "y" : 20.0,
        "x_size" : 6.5,
        "y_size" : 7.5,
        "children" : [ {
          "x" : -53.875,
          "y" : 27.5,
          "x_size" : 5.0,
          "y_size" : 4.0,
          "children" : [ ]
        } ]
      } ]
    }, {
      "x" : -46.625,
      "y" : 11.5,
      "x_size" : 5.5,
      "y_size" : 8.5,
      "children" : [ {
        "x" : -46.625,
        "y" : 20.0,
        "x_size" : 8.0,
        "y_size" : 2.0,
        "children" : [ ]
      } ]
    }, {
      "x" : -39.375,
      "y" : 11.5,
      "x_size" : 6.5,
      "y_size" : 10.0,
      "children" : [ {
        "x" : -39.375,
        "y" : 21.5,
        "x_size" : 5.5,
        "y_size" : 7.0,
        "children" : [ ]
      } ]
    }, {
      "x" : -31.625,
      "y" : 11.5,
      "x_size" : 9.0,
      "y_size" : 3.5,
      "children" : [ {
        "x" : -31.625,
        "y" : 15.0,
        "x_size" : 8.5,
        "y_size" : 2.0,
        "children" : [ ]
      } ]
    } ]
  }, {
    "x" : -5.875,
    "y" : 8.5,
    "x_size" : 2.0,
    "y_size" : 2.0,
    "children" : [ {
      "x" : -13.625,
      "y" : 10.5,
      "x_size" : 8.0,
      "y_size" : 4.0,
      "children" : [ {
        "x" : -23.625,
        "y" : 14.5,
        "x_size" : 7.0,
        "y_size" : 4.0,
        "children" : [ {
          "x" : -23.625,
          "y" : 18.5,
          "x_size" : 9.5,
          "y_size" : 3.5,
          "children" : [ ]
        } ]
      }, {
        "x" : -18.625,
        "y" : 14.5,
        "x_size" : 3.0,
        "y_size" : 3.5,
        "children" : [ ]
      }, {
        "x" : -13.375,
        "y" : 14.5,
        "x_size" : 7.5,
        "y_size" : 3.0,
        "children" : [ {
          "x" : -13.375,
          "y" : 17.5,
          "x_size" : 7.5,
          "y_size" : 8.5,
          "children" : [ ]
        } ]
      }, {
        "x" : -4.875,
        "y" : 14.5,
        "x_size" : 9.5,
        "y_size" : 6.5,
        "children" : [ ]
      } ]
    }, {
      "x" : -4.875,
      "y" : 10.5,
      "x_size" : 9.0,
      "y_size" : 3.5,
      "children" : [ ]
    }, {
      "x" : 1.875,
      "y" : 10.5,
      "x_size" : 4.0,
      "y_size" : 6.5,
      "children" : [ {
        "x" : 1.875,
        "y" : 17.0,
        "x_size" : 2.0,
        "y_size" : 7.5,
        "children" : [ {
          "x" : 1.875,
          "y" : 24.5,
          "x_size" : 10.0,
          "y_size" : 6.5,
          "children" : [ ]
        } ]
      } ]
    }, {
      "x" : 4.875,
      "y" : 10.5,
      "x_size" : 2.0,
      "y_size" : 6.5,
      "children" : [ ]
    } ]
  }, {
    "x" : 22.25,
    "y" : 8.5,
    "x_size" : 3.0,
    "y_size" : 9.5,
    "children" : [ {
      "x" : 17.625,
      "y" : 18.0,
      "x_size" : 10.0,
      "y_size" : 3.0,
      "children" : [ {
        "x" : 10.375,
        "y" : 21.0,
        "x_size" : 7.0,
        "y_size" : 3.0,
        "children" : [ {
          "x" : 10.375,
          "y" : 24.0,
          "x_size" : 7.0,
          "y_size" : 5.0,
          "children" : [ ]
        } ]
      }, {
        "x" : 17.375,
        "y" : 21.0,
        "x_size" : 7.0,
        "y_size" : 2.0,
        "children" : [ ]
      }, {
        "x" : 24.625,
        "y" : 21.0,
        "x_size" : 7.5,
        "y_size" : 9.0,
        "children" : [ {
          "x" : 24.625,
          "y" : 30.0,
          "x_size" : 3.5,
          "y_size" : 5.5,
          "children" : [ ]
        } ]
      } ]
    }, {
      "x" : 29.625,
      "y" : 18.0,
      "x_size" : 4.5,
      "y_size" : 3.0,
      "children" : [ {
        "x" : 29.625,
        "y" : 21.0,
        "x_size" : 2.5,
        "y_size" : 1.5,
        "children" : [ ]
      } ]
    } ]
  }, {
    "x" : 51.0,
    "y" : 8.5,
    "x_size" : 2.0,
    "y_size" : 6.5,
    "children" : [ {
      "x" : 36.875,
      "y" : 15.0,
      "x_size" : 5.0,
      "y_size" : 4.5,
      "children" : [ {
        "x" : 32.875,
        "y" : 19.5,
        "x_size" : 2.0,
        "y_size" : 7.0,
        "children" : [ ]
      }, {
        "x" : 37.875,
        "y" : 19.5,
        "x_size" : 8.0,
        "y_size" : 9.0,
        "children" : [ ]
      } ]
    }, {
      "x" : 45.875,
      "y" : 15.0,
      "x_size" : 8.0,
      "y_size" : 10.0,
      "children" : [ {
        "x" : 45.875,
        "y" : 25.0,
        "x_size" : 7.0,
        "y_size" : 2.0,
        "children" : [ ]
      } ]
    }, {
      "x" : 52.875,
      "y" : 15.0,
      "x_size" : 6.0,
      "y_size" : 4.0,
      "children" : [ ]
    }, {
      "x" : 59.0,
      "y" : 15.0,
      "x_size" : 4.0,
      "y_size" : 1.0,
      "children" : [ {
        "x" : 57.625,
        "y" : 16.0,
        "x_size" : 3.5,
        "y_size" : 3.0,
        "children" : [ {
          "x" : 57.625,
          "y" : 19.0,
          "x_size" : 4.0,
          "y_size" : 9.0,
          "children" : [ ]
        } ]
      }, {
        "x" : 60.875,
        "y" : 16.0,
        "x_size" : 2.5,
        "y_size" : 9.5,
        "children" : [ ]
      } ]
    }, {
      "x" : 64.875,
      "y" : 15.0,
      "x_size" : 5.5,
      "y_size" : 7.0,
      "children" : [ ]
    } ]
  }, {
    "x" : 82.84375,
    "y" : 8.5,
    "x_size" : 5.5,
    "y_size" : 8.0,
    "children" : [ {
      "x" : 71.4375,
      "y" : 16.5,
      "x_size" : 4.5,
      "y_size" : 6.0,
      "children" : [ {
        "x" : 65.125,
        "y" : 22.5,
        "x_size" : 6.0,
        "y_size" : 7.5,
        "children" : [ {
          "x" : 59.0,
          "y" : 30.0,
          "x_size" : 3.0,
          "y_size" : 2.5,
          "children" : [ {
            "x" : 59.0,
            "y" : 32.5,
            "x_size" : 6.5,
            "y_size" : 4.5,
            "children" : [ ]
          } ]
        }, {
          "x" : 65.0,
          "y" : 30.0,
          "x_size" : 5.5,
          "y_size" : 7.0,
          "children" : [ ]
        }, {
          "x" : 70.25,
          "y" : 30.0,
          "x_size" : 5.0,
          "y_size" : 10.0,
          "children" : [ ]
        } ]
      }, {
        "x" : 76.75,
        "y" : 22.5,
        "x_size" : 8.0,
        "y_size" : 8.0,
        "children" : [ ]
      } ]
    }, {
      "x" : 85.25,
      "y" : 16.5,
      "x_size" : 3.5,
      "y_size" : 6.0,
      "children" : [ {
        "x" : 85.25,
        "y" : 22.5,
        "x_size" : 6.5,
        "y_size" : 5.5,
        "children" : [ {
          "x" : 85.25,
          "y" : 28.0,
          "x_size" : 9.0,
          "y_size" : 4.5,
          "children" : [ ]
        } ]
      } ]
    }, {
      "x" : 92.5,
      "y" : 16.5,
      "x_size" : 8.0,
      "y_size" : 8.5,
      "children" : [ {
        "x" : 92.5,
        "y" : 25.0,
        "x_size" : 1.0,
        "y_size" : 5.5,
        "children" : [ ]
      } ]
    } ]
  }, {
    "x" : 104.0,
    "y" : 8.5,
    "x_size" : 3.0,
    "y_size" : 6.5,
    "children" : [ {
      "x" : 100.0,
      "y" : 15.0,
      "x_size" : 7.0,
      "y_size" : 9.0,
      "children" : [ {
        "x" : 100.0,
        "y" : 24.0,
        "x_size" : 6.5,
        "y_size" : 6.0,
        "children" : [ {
          "x" : 100.0,
          "y" : 30.0,
          "x_size" : 5.5,
          "y_size" : 4.0,
          "children" : [ {
            "x" : 100.0,
            "y" : 34.0,
            "x_size" : 7.0,
            "y_size" : 9.0,
            "children" : [ ]
          } ]
        } ]
      } ]
    }, {
      "x" : 105.0,
      "y" : 15.0,
      "x_size" : 3.0,
      "y_size" : 5.0,
      "children" : [ ]
    }, {
      "x" : 109.0,
      "y" : 15.0,
      "x_size" : 5.0,
      "y_size" : 2.5,
      "children" : [ {
        "x" : 109.0,
        "y" : 17.5,
        "x_size" : 3.5,
        "y_size" : 8.5,
        "children" : [ ]
      } ]
    } ]
  }, {
    "x" : 117.5,
    "y" : 8.5,
    "x_size" : 9.0,
    "y_size" : 4.5,
    "children" : [ {
      "x" : 114.75,
      "y" : 13.0,
      "x_size" : 6.5,
      "y_size" : 5.0,
      "children" : [ ]
    }, {
      "x" : 120.75,
      "y" : 13.0,
      "x_size" : 5.5,
      "y_size" : 6.5,
      "children" : [ {
        "x" : 120.75,
        "y" : 19.5,
        "x_size" : 6.0,
        "y_size" : 4.5,
        "children" : [ ]
      } ]
    } ]
  }, {
    "x" : 137.375,
    "y" : 8.5,
    "x_size" : 9.0,
    "y_size" : 7.5,
    "children" : [ {
      "x" : 127.5,
      "y" : 16.0,
      "x_size" : 6.0,
      "y_size" : 7.0,
      "children" : [ {
        "x" : 127.5,
        "y" : 23.0,
        "x_size" : 7.5,
        "y_size" : 7.5,
        "children" : [ ]
      } ]
    }, {
      "x" : 134.25,
      "y" : 16.0,
      "x_size" : 1.5,
      "y_size" : 3.5,
      "children" : [ {
        "x" : 131.25,
        "y" : 19.5,
        "x_size" : 1.5,
        "y_size" : 3.5,
        "children" : [ ]
      }, {
        "x" : 135.0,
        "y" : 19.5,
        "x_size" : 6.0,
        "y_size" : 6.5,
        "children" : [ ]
      } ]
    }, {
      "x" : 141.25,
      "y" : 16.0,
      "x_size" : 9.0,
      "y_size" : 2.5,
      "children" : [ {
        "x" : 141.25,
        "y" : 18.5,
        "x_size" : 6.5,
        "y_size" : 9.0,
        "children" : [ ]
      } ]
    }, {
      "x" : 148.0,
      "y" : 16.0,
      "x_size" : 4.5,
      "y_size" : 2.5,
      "children" : [ {
        "x" : 148.0,
        "y" : 18.5,
        "x_size" : 5.5,
        "y_size" : 1.0,
        "children" : [ ]
      } ]
    } ]
  }, {
    "x" : 160.375,
    "y" : 8.5,
    "x_size" : 8.0,
    "y_size" : 3.5,
    "children" : [ {
      "x" : 152.75,
      "y" : 12.0,
      "x_size" : 4.0,
      "y_size" : 8.0,
      "children" : [ {
        "x" : 148.75,
        "y" : 20.0,
        "x_size" : 1.5,
        "y_size" : 2.5,
        "children" : [ ]
      }, {
        "x" : 153.5,
        "y" : 20.0,
        "x_size" : 8.0,
        "y_size" : 6.5,
        "children" : [ {
          "x" : 153.5,
          "y" : 26.5,
          "x_size" : 4.0,
          "y_size" : 5.5,
          "children" : [ ]
        } ]
      } ]
    }, {
      "x" : 166.0,
      "y" : 12.0,
      "x_size" : 8.0,
      "y_size" : 1.0,
      "children" : [ {
        "x" : 161.25,
        "y" : 13.0,
        "x_size" : 7.5,
        "y_size" : 8.0,
        "children" : [ {
          "x" : 161.25,
          "y" : 21.0,
          "x_size" : 6.5,
          "y_size" : 1.5,
          "children" : [ ]
        } ]
      }, {
        "x" : 169.75,
        "y" : 13.0,
        "x_size" : 9.5,
        "y_size" : 8.5,
        "children" : [ ]
      } ]
    } ]
  }, {
    "x" : 186.75,
    "y" : 8.5,
    "x_size" : 1.5,
    "y_size" : 5.5,
    "children" : [ {
      "x" : 176.75,
      "y" : 14.0,
      "x_size" : 4.5,
      "y_size" : 7.0,
      "children" : [ {
        "x" : 176.75,
        "y" : 21.0,
        "x_size" : 2.0,
        "y_size" : 6.0,
        "children" : [ ]
      } ]
    }, {
      "x" : 182.5,
      "y" : 14.0,
      "x_size" : 7.0,
      "y_size" : 7.5,
      "children" : [ {
        "x" : 182.5,
        "y" : 21.5,
        "x_size" : 8.0,
        "y_size" : 5.5,
        "children" : [ ]
      } ]
    }, {
      "x" : 190.5,
      "y" : 14.0,
      "x_size" : 9.0,
      "y_size" : 1.0,
      "children" : [ ]
    }, {
      "x" : 197.0,
      "y" : 14.0,
      "x_size" : 4.0,
      "y_size" : 5.0,
      "children" : [ ]
    } ]
  }, {
    "x" : 203.75,
    "y" : 8.5,
    "x_size" : 9.5,
    "y_size" : 2.5,
    "children" : [ {
      "x" : 203.75,
      "y" : 11.0,
      "x_size" : 9.5,
      "y_size" : 9.5,
      "children" : [ {
        "x" : 203.75,
        "y" : 20.5,
        "x_size" : 3.0,
        "y_size" : 7.5,
        "children" : [ {
          "x" : 203.75,
          "y" : 28.0,
          "x_size" : 3.5,
          "y_size" : 2.0,
          "children" : [ ]
        } ]
      } ]
    } ]
  }, {
    "x" : 216.5,
    "y" : 8.5,
    "x_size" : 5.0,
    "y_size" : 4.5,
    "children" : [ {
      "x" : 212.75,
      "y" : 13.0,
      "x_size" : 8.5,
      "y_size" : 9.5,
      "children" : [ {
        "x" : 212.75,
        "y" : 22.5,
        "x_size" : 4.5,
        "y_size" : 7.5,
        "children" : [ ]
      } ]
    }, {
      "x" : 220.75,
      "y" : 13.0,
      "x_size" : 7.5,
      "y_size" : 6.5,
      "children" : [ ]
    } ]
  }, {
    "x" : 229.0,
    "y" : 8.5,
    "x_size" : 7.0,
    "y_size" : 1.5,
    "children" : [ {
      "x" : 229.0,
      "y" : 10.0,
      "x_size" : 9.0,
      "y_size" : 8.5,
      "children" : [ {
        "x" : 229.0,
        "y" : 18.5,
        "x_size" : 1.5,
        "y_size" : 6.0,
        "children" : [ ]
      } ]
    } ]
  }, {
    "x" : 235.75,
    "y" : 8.5,
    "x_size" : 3.5,
    "y_size" : 6.5,
    "children" : [ {
      "x" : 235.75,
      "y" : 15.0,
      "x_size" : 4.5,
      "y_size" : 9.0,
      "children" : [ ]
    } ]
  }, {
    "x" : 245.25,
    "y" : 8.5,
    "x_size" : 3.0,
    "y_size" : 4.0,
    "children" : [ {
      "x" : 242.25,
      "y" : 12.5,
      "x_size" : 8.5,
      "y_size" : 3.0,
      "children" : [ ]
    }, {
      "x" : 249.5,
      "y" : 12.5,
      "x_size" : 6.0,
      "y_size" : 5.5,
      "children" : [ ]
    } ]
  }, {
    "x" : 253.75,
    "y" : 8.5,
    "x_size" : 2.5,
    "y_size" : 9.0,
    "children" : [ {
      "x" : 253.75,
      "y" : 17.5,
      "x_size" : 1.5,
      "y_size" : 2.0,
      "children" : [ ]
    } ]
  }, {
    "x" : 259.25,
    "y" : 8.5,
    "x_size" : 8.5,
    "y_size" : 7.5,
    "children" : [ ]
  }, {
    "x" : 268.25,
    "y" : 8.5,
    "x_size" : 9.5,
    "y_size" : 4.0,
    "children" : [ {
      "x" : 268.25,
      "y" : 12.5,
      "x_size" : 2.0,
      "y_size" : 1.0,
      "children" : [ ]
    } ]
  }, {
    "x" : 274.0,
    "y" : 8.5,
    "x_size" : 2.0,
    "y_size" : 8.5,
    "children" : [ ]
  } ]
}